Archive member included to satisfy reference by file (symbol)

c:/st/stm32cubeide_1.10.1/stm32cubeide/plugins/com.st.stm32cube.ide.mcu.externaltools.gnu-tools-for-stm32.10.3-2021.10.win32_1.0.0.202111181127/tools/bin/../lib/gcc/arm-none-eabi/10.3.1/../../../../arm-none-eabi/lib/thumb/v7e-m+fp/hard\libc_nano.a(lib_a-errno.o)
                              ./Core/Src/syscalls.o (__errno)
c:/st/stm32cubeide_1.10.1/stm32cubeide/plugins/com.st.stm32cube.ide.mcu.externaltools.gnu-tools-for-stm32.10.3-2021.10.win32_1.0.0.202111181127/tools/bin/../lib/gcc/arm-none-eabi/10.3.1/../../../../arm-none-eabi/lib/thumb/v7e-m+fp/hard\libc_nano.a(lib_a-exit.o)
                              c:/st/stm32cubeide_1.10.1/stm32cubeide/plugins/com.st.stm32cube.ide.mcu.externaltools.gnu-tools-for-stm32.10.3-2021.10.win32_1.0.0.202111181127/tools/bin/../lib/gcc/arm-none-eabi/10.3.1/../../../../arm-none-eabi/lib/thumb/v7e-m+fp/hard/crt0.o (exit)
c:/st/stm32cubeide_1.10.1/stm32cubeide/plugins/com.st.stm32cube.ide.mcu.externaltools.gnu-tools-for-stm32.10.3-2021.10.win32_1.0.0.202111181127/tools/bin/../lib/gcc/arm-none-eabi/10.3.1/../../../../arm-none-eabi/lib/thumb/v7e-m+fp/hard\libc_nano.a(lib_a-impure.o)
                              c:/st/stm32cubeide_1.10.1/stm32cubeide/plugins/com.st.stm32cube.ide.mcu.externaltools.gnu-tools-for-stm32.10.3-2021.10.win32_1.0.0.202111181127/tools/bin/../lib/gcc/arm-none-eabi/10.3.1/../../../../arm-none-eabi/lib/thumb/v7e-m+fp/hard\libc_nano.a(lib_a-exit.o) (_global_impure_ptr)
c:/st/stm32cubeide_1.10.1/stm32cubeide/plugins/com.st.stm32cube.ide.mcu.externaltools.gnu-tools-for-stm32.10.3-2021.10.win32_1.0.0.202111181127/tools/bin/../lib/gcc/arm-none-eabi/10.3.1/../../../../arm-none-eabi/lib/thumb/v7e-m+fp/hard\libc_nano.a(lib_a-init.o)
                              c:/st/stm32cubeide_1.10.1/stm32cubeide/plugins/com.st.stm32cube.ide.mcu.externaltools.gnu-tools-for-stm32.10.3-2021.10.win32_1.0.0.202111181127/tools/bin/../lib/gcc/arm-none-eabi/10.3.1/../../../../arm-none-eabi/lib/thumb/v7e-m+fp/hard/crt0.o (__libc_init_array)
c:/st/stm32cubeide_1.10.1/stm32cubeide/plugins/com.st.stm32cube.ide.mcu.externaltools.gnu-tools-for-stm32.10.3-2021.10.win32_1.0.0.202111181127/tools/bin/../lib/gcc/arm-none-eabi/10.3.1/../../../../arm-none-eabi/lib/thumb/v7e-m+fp/hard\libc_nano.a(lib_a-memset.o)
                              c:/st/stm32cubeide_1.10.1/stm32cubeide/plugins/com.st.stm32cube.ide.mcu.externaltools.gnu-tools-for-stm32.10.3-2021.10.win32_1.0.0.202111181127/tools/bin/../lib/gcc/arm-none-eabi/10.3.1/../../../../arm-none-eabi/lib/thumb/v7e-m+fp/hard/crt0.o (memset)
c:/st/stm32cubeide_1.10.1/stm32cubeide/plugins/com.st.stm32cube.ide.mcu.externaltools.gnu-tools-for-stm32.10.3-2021.10.win32_1.0.0.202111181127/tools/bin/../lib/gcc/arm-none-eabi/10.3.1/thumb/v7e-m+fp/hard\libgcc.a(_aeabi_uldivmod.o)
                              ./Drivers/STM32F4xx_HAL_Driver/Src/stm32f4xx_hal_rcc.o (__aeabi_uldivmod)
c:/st/stm32cubeide_1.10.1/stm32cubeide/plugins/com.st.stm32cube.ide.mcu.externaltools.gnu-tools-for-stm32.10.3-2021.10.win32_1.0.0.202111181127/tools/bin/../lib/gcc/arm-none-eabi/10.3.1/thumb/v7e-m+fp/hard\libgcc.a(_udivmoddi4.o)
                              c:/st/stm32cubeide_1.10.1/stm32cubeide/plugins/com.st.stm32cube.ide.mcu.externaltools.gnu-tools-for-stm32.10.3-2021.10.win32_1.0.0.202111181127/tools/bin/../lib/gcc/arm-none-eabi/10.3.1/thumb/v7e-m+fp/hard\libgcc.a(_aeabi_uldivmod.o) (__udivmoddi4)
c:/st/stm32cubeide_1.10.1/stm32cubeide/plugins/com.st.stm32cube.ide.mcu.externaltools.gnu-tools-for-stm32.10.3-2021.10.win32_1.0.0.202111181127/tools/bin/../lib/gcc/arm-none-eabi/10.3.1/thumb/v7e-m+fp/hard\libgcc.a(_dvmd_tls.o)
                              c:/st/stm32cubeide_1.10.1/stm32cubeide/plugins/com.st.stm32cube.ide.mcu.externaltools.gnu-tools-for-stm32.10.3-2021.10.win32_1.0.0.202111181127/tools/bin/../lib/gcc/arm-none-eabi/10.3.1/thumb/v7e-m+fp/hard\libgcc.a(_aeabi_uldivmod.o) (__aeabi_ldiv0)

Discarded input sections

 .text          0x0000000000000000        0x0 c:/st/stm32cubeide_1.10.1/stm32cubeide/plugins/com.st.stm32cube.ide.mcu.externaltools.gnu-tools-for-stm32.10.3-2021.10.win32_1.0.0.202111181127/tools/bin/../lib/gcc/arm-none-eabi/10.3.1/thumb/v7e-m+fp/hard/crti.o
 .data          0x0000000000000000        0x0 c:/st/stm32cubeide_1.10.1/stm32cubeide/plugins/com.st.stm32cube.ide.mcu.externaltools.gnu-tools-for-stm32.10.3-2021.10.win32_1.0.0.202111181127/tools/bin/../lib/gcc/arm-none-eabi/10.3.1/thumb/v7e-m+fp/hard/crti.o
 .bss           0x0000000000000000        0x0 c:/st/stm32cubeide_1.10.1/stm32cubeide/plugins/com.st.stm32cube.ide.mcu.externaltools.gnu-tools-for-stm32.10.3-2021.10.win32_1.0.0.202111181127/tools/bin/../lib/gcc/arm-none-eabi/10.3.1/thumb/v7e-m+fp/hard/crti.o
[...]
Memory Configuration

Name             Origin             Length             Attributes
CCMRAM           0x0000000010000000 0x0000000000010000 xrw
RAM              0x0000000020000000 0x0000000000020000 xrw
FLASH            0x0000000008000000 0x0000000000100000 xr
*default*        0x0000000000000000 0xffffffffffffffff

Linker script and memory map

LOAD c:/st/stm32cubeide_1.10.1/stm32cubeide/plugins/com.st.stm32cube.ide.mcu.externaltools.gnu-tools-for-stm32.10.3-2021.10.win32_1.0.0.202111181127/tools/bin/../lib/gcc/arm-none-eabi/10.3.1/thumb/v7e-m+fp/hard/crti.o
LOAD c:/st/stm32cubeide_1.10.1/stm32cubeide/plugins/com.st.stm32cube.ide.mcu.externaltools.gnu-tools-for-stm32.10.3-2021.10.win32_1.0.0.202111181127/tools/bin/../lib/gcc/arm-none-eabi/10.3.1/thumb/v7e-m+fp/hard/crtbegin.o
LOAD c:/st/stm32cubeide_1.10.1/stm32cubeide/plugins/com.st.stm32cube.ide.mcu.externaltools.gnu-tools-for-stm32.10.3-2021.10.win32_1.0.0.202111181127/tools/bin/../lib/gcc/arm-none-eabi/10.3.1/../../../../arm-none-eabi/lib/thumb/v7e-m+fp/hard/crt0.o
LOAD ./Core/Src/asserts.o
LOAD ./Core/Src/backdoor.o
LOAD ./Core/Src/boot.o
LOAD ./Core/Src/can.o
LOAD ./Core/Src/com.o
LOAD ./Core/Src/cop.o
LOAD ./Core/Src/cpu.o
LOAD ./Core/Src/cpu_comp.o
LOAD ./Core/Src/file.o
LOAD ./Core/Src/flash.o
LOAD ./Core/Src/hooks.o
LOAD ./Core/Src/led.o
LOAD ./Core/Src/main.o
LOAD ./Core/Src/mb.o
LOAD ./Core/Src/mbrtu.o
LOAD ./Core/Src/net.o
LOAD ./Core/Src/nvm.o
LOAD ./Core/Src/rs232.o
LOAD ./Core/Src/stm32f4xx_hal_msp.o
LOAD ./Core/Src/stm32f4xx_it.o
LOAD ./Core/Src/syscalls.o
LOAD ./Core/Src/sysmem.o
LOAD ./Core/Src/system_stm32f4xx.o
LOAD ./Core/Src/timer.o
LOAD ./Core/Src/usb.o
LOAD ./Core/Src/xcp.o
LOAD ./Core/Startup/startup_stm32f405rgtx.o
LOAD ./Drivers/STM32F4xx_HAL_Driver/Src/stm32f4xx_hal.o
LOAD ./Drivers/STM32F4xx_HAL_Driver/Src/stm32f4xx_hal_can.o
LOAD ./Drivers/STM32F4xx_HAL_Driver/Src/stm32f4xx_hal_cortex.o
LOAD ./Drivers/STM32F4xx_HAL_Driver/Src/stm32f4xx_hal_dma.o
LOAD ./Drivers/STM32F4xx_HAL_Driver/Src/stm32f4xx_hal_dma_ex.o
LOAD ./Drivers/STM32F4xx_HAL_Driver/Src/stm32f4xx_hal_exti.o
LOAD ./Drivers/STM32F4xx_HAL_Driver/Src/stm32f4xx_hal_flash.o
LOAD ./Drivers/STM32F4xx_HAL_Driver/Src/stm32f4xx_hal_flash_ex.o
LOAD ./Drivers/STM32F4xx_HAL_Driver/Src/stm32f4xx_hal_flash_ramfunc.o
LOAD ./Drivers/STM32F4xx_HAL_Driver/Src/stm32f4xx_hal_gpio.o
LOAD ./Drivers/STM32F4xx_HAL_Driver/Src/stm32f4xx_hal_pwr.o
LOAD ./Drivers/STM32F4xx_HAL_Driver/Src/stm32f4xx_hal_pwr_ex.o
LOAD ./Drivers/STM32F4xx_HAL_Driver/Src/stm32f4xx_hal_rcc.o
LOAD ./Drivers/STM32F4xx_HAL_Driver/Src/stm32f4xx_hal_rcc_ex.o
LOAD ./Drivers/STM32F4xx_HAL_Driver/Src/stm32f4xx_hal_tim.o
LOAD ./Drivers/STM32F4xx_HAL_Driver/Src/stm32f4xx_hal_tim_ex.o
LOAD ./Drivers/STM32F4xx_HAL_Driver/Src/stm32f4xx_ll_adc.o
LOAD ./Drivers/STM32F4xx_HAL_Driver/Src/stm32f4xx_ll_dma.o
LOAD ./Drivers/STM32F4xx_HAL_Driver/Src/stm32f4xx_ll_exti.o
LOAD ./Drivers/STM32F4xx_HAL_Driver/Src/stm32f4xx_ll_gpio.o
LOAD ./Drivers/STM32F4xx_HAL_Driver/Src/stm32f4xx_ll_rcc.o
LOAD ./Drivers/STM32F4xx_HAL_Driver/Src/stm32f4xx_ll_tim.o
LOAD ./Drivers/STM32F4xx_HAL_Driver/Src/stm32f4xx_ll_utils.o
START GROUP
LOAD c:/st/stm32cubeide_1.10.1/stm32cubeide/plugins/com.st.stm32cube.ide.mcu.externaltools.gnu-tools-for-stm32.10.3-2021.10.win32_1.0.0.202111181127/tools/bin/../lib/gcc/arm-none-eabi/10.3.1/../../../../arm-none-eabi/lib/thumb/v7e-m+fp/hard\libc_nano.a
LOAD c:/st/stm32cubeide_1.10.1/stm32cubeide/plugins/com.st.stm32cube.ide.mcu.externaltools.gnu-tools-for-stm32.10.3-2021.10.win32_1.0.0.202111181127/tools/bin/../lib/gcc/arm-none-eabi/10.3.1/../../../../arm-none-eabi/lib/thumb/v7e-m+fp/hard\libm.a
END GROUP
START GROUP
LOAD c:/st/stm32cubeide_1.10.1/stm32cubeide/plugins/com.st.stm32cube.ide.mcu.externaltools.gnu-tools-for-stm32.10.3-2021.10.win32_1.0.0.202111181127/tools/bin/../lib/gcc/arm-none-eabi/10.3.1/thumb/v7e-m+fp/hard\libgcc.a
LOAD c:/st/stm32cubeide_1.10.1/stm32cubeide/plugins/com.st.stm32cube.ide.mcu.externaltools.gnu-tools-for-stm32.10.3-2021.10.win32_1.0.0.202111181127/tools/bin/../lib/gcc/arm-none-eabi/10.3.1/../../../../arm-none-eabi/lib/thumb/v7e-m+fp/hard\libc_nano.a
END GROUP
START GROUP
LOAD c:/st/stm32cubeide_1.10.1/stm32cubeide/plugins/com.st.stm32cube.ide.mcu.externaltools.gnu-tools-for-stm32.10.3-2021.10.win32_1.0.0.202111181127/tools/bin/../lib/gcc/arm-none-eabi/10.3.1/thumb/v7e-m+fp/hard\libgcc.a
LOAD c:/st/stm32cubeide_1.10.1/stm32cubeide/plugins/com.st.stm32cube.ide.mcu.externaltools.gnu-tools-for-stm32.10.3-2021.10.win32_1.0.0.202111181127/tools/bin/../lib/gcc/arm-none-eabi/10.3.1/../../../../arm-none-eabi/lib/thumb/v7e-m+fp/hard\libc_nano.a
LOAD c:/st/stm32cubeide_1.10.1/stm32cubeide/plugins/com.st.stm32cube.ide.mcu.externaltools.gnu-tools-for-stm32.10.3-2021.10.win32_1.0.0.202111181127/tools/bin/../lib/gcc/arm-none-eabi/10.3.1/../../../../arm-none-eabi/lib/thumb/v7e-m+fp/hard\libnosys.a
END GROUP
START GROUP
LOAD c:/st/stm32cubeide_1.10.1/stm32cubeide/plugins/com.st.stm32cube.ide.mcu.externaltools.gnu-tools-for-stm32.10.3-2021.10.win32_1.0.0.202111181127/tools/bin/../lib/gcc/arm-none-eabi/10.3.1/thumb/v7e-m+fp/hard\libgcc.a
LOAD c:/st/stm32cubeide_1.10.1/stm32cubeide/plugins/com.st.stm32cube.ide.mcu.externaltools.gnu-tools-for-stm32.10.3-2021.10.win32_1.0.0.202111181127/tools/bin/../lib/gcc/arm-none-eabi/10.3.1/../../../../arm-none-eabi/lib/thumb/v7e-m+fp/hard\libc_nano.a
LOAD c:/st/stm32cubeide_1.10.1/stm32cubeide/plugins/com.st.stm32cube.ide.mcu.externaltools.gnu-tools-for-stm32.10.3-2021.10.win32_1.0.0.202111181127/tools/bin/../lib/gcc/arm-none-eabi/10.3.1/../../../../arm-none-eabi/lib/thumb/v7e-m+fp/hard\libnosys.a
END GROUP
LOAD c:/st/stm32cubeide_1.10.1/stm32cubeide/plugins/com.st.stm32cube.ide.mcu.externaltools.gnu-tools-for-stm32.10.3-2021.10.win32_1.0.0.202111181127/tools/bin/../lib/gcc/arm-none-eabi/10.3.1/thumb/v7e-m+fp/hard/crtend.o
LOAD c:/st/stm32cubeide_1.10.1/stm32cubeide/plugins/com.st.stm32cube.ide.mcu.externaltools.gnu-tools-for-stm32.10.3-2021.10.win32_1.0.0.202111181127/tools/bin/../lib/gcc/arm-none-eabi/10.3.1/thumb/v7e-m+fp/hard/crtn.o
                0x0000000020020000                _estack = (ORIGIN (RAM) + LENGTH (RAM))
                0x0000000000000200                _Min_Heap_Size = 0x200
                0x0000000000000400                _Min_Stack_Size = 0x400

.isr_vector     0x0000000008000000      0x188
                0x0000000008000000                . = ALIGN (0x4)
 *(.isr_vector)
 .isr_vector    0x0000000008000000      0x188 ./Core/Startup/startup_stm32f405rgtx.o
                0x0000000008000000                g_pfnVectors
                0x0000000008000188                . = ALIGN (0x4)

.text           0x0000000008000188     0x540c
                0x0000000008000188                . = ALIGN (0x4)
 *(.text)
 .text          0x0000000008000188       0x40 c:/st/stm32cubeide_1.10.1/stm32cubeide/plugins/com.st.stm32cube.ide.mcu.externaltools.gnu-tools-for-stm32.10.3-2021.10.win32_1.0.0.202111181127/tools/bin/../lib/gcc/arm-none-eabi/10.3.1/thumb/v7e-m+fp/hard/crtbegin.o
 *(.text*)
 .text.AssertFailure
                0x00000000080001c8       0x10 ./Core/Src/asserts.o
                0x00000000080001c8                AssertFailure
 .text.BackDoorInit
                0x00000000080001d8       0x1c ./Core/Src/backdoor.o
                0x00000000080001d8                BackDoorInit
 .text.BackDoorCheck
                0x00000000080001f4       0x4c ./Core/Src/backdoor.o
                0x00000000080001f4                BackDoorCheck
 .text.BackDoorRestartTimer
                0x0000000008000240       0x24 ./Core/Src/backdoor.o
                0x0000000008000240                BackDoorRestartTimer
 .text.BootInit
                0x0000000008000264       0x20 ./Core/Src/boot.o
                0x0000000008000264                BootInit
 .text.BootTask
                0x0000000008000284       0x18 ./Core/Src/boot.o
                0x0000000008000284                BootTask
 .text.CanGetSpeedConfig
                0x000000000800029c       0xec ./Core/Src/can.o
 .text.CanInit  0x0000000008000388      0x120 ./Core/Src/can.o
                0x0000000008000388                CanInit
 .text.CanTransmitPacket
                0x00000000080004a8       0x94 ./Core/Src/can.o
                0x00000000080004a8                CanTransmitPacket
 .text.CanReceivePacket
                0x000000000800053c       0x84 ./Core/Src/can.o
                0x000000000800053c                CanReceivePacket
 .text.ComInit  0x00000000080005c0       0x1c ./Core/Src/com.o
                0x00000000080005c0                ComInit
 .text.ComTask  0x00000000080005dc       0x38 ./Core/Src/com.o
                0x00000000080005dc                ComTask
 .text.ComFree  0x0000000008000614        0xe ./Core/Src/com.o
                0x0000000008000614                ComFree
 *fill*         0x0000000008000622        0x2 
 .text.ComTransmitPacket
                0x0000000008000624       0x30 ./Core/Src/com.o
                0x0000000008000624                ComTransmitPacket
 .text.ComGetActiveInterfaceMaxRxLen
                0x0000000008000654       0x60 ./Core/Src/com.o
                0x0000000008000654                ComGetActiveInterfaceMaxRxLen
 .text.ComGetActiveInterfaceMaxTxLen
                0x00000000080006b4       0x60 ./Core/Src/com.o
                0x00000000080006b4                ComGetActiveInterfaceMaxTxLen
 .text.ComIsConnected
                0x0000000008000714       0x22 ./Core/Src/com.o
                0x0000000008000714                ComIsConnected
 .text.ComDeferredInit
                0x0000000008000736        0xc ./Core/Src/com.o
                0x0000000008000736                ComDeferredInit
 .text.CopInit  0x0000000008000742        0xc ./Core/Src/cop.o
                0x0000000008000742                CopInit
 .text.CopService
                0x000000000800074e        0xc ./Core/Src/cop.o
                0x000000000800074e                CopService
 .text.CpuInit  0x000000000800075a        0xc ./Core/Src/cpu.o
                0x000000000800075a                CpuInit
 *fill*         0x0000000008000766        0x2 
 .text.CpuStartUserProgram
                0x0000000008000768       0x58 ./Core/Src/cpu.o
                0x0000000008000768                CpuStartUserProgram
 .text.CpuMemCopy
                0x00000000080007c0       0x40 ./Core/Src/cpu.o
                0x00000000080007c0                CpuMemCopy
 .text.CpuIrqDisable
                0x0000000008000800       0x10 ./Core/Src/cpu_comp.o
                0x0000000008000800                CpuIrqDisable
 .text.CpuIrqEnable
                0x0000000008000810       0x10 ./Core/Src/cpu_comp.o
                0x0000000008000810                CpuIrqEnable
 .text.FlashInit
                0x0000000008000820       0x28 ./Core/Src/flash.o
                0x0000000008000820                FlashInit
 .text.FlashWrite
                0x0000000008000848       0x94 ./Core/Src/flash.o
                0x0000000008000848                FlashWrite
 .text.FlashErase
                0x00000000080008dc       0x6c ./Core/Src/flash.o
                0x00000000080008dc                FlashErase
 .text.FlashWriteChecksum
                0x0000000008000948       0xa8 ./Core/Src/flash.o
                0x0000000008000948                FlashWriteChecksum
 .text.FlashVerifyChecksum
                0x00000000080009f0       0x88 ./Core/Src/flash.o
                0x00000000080009f0                FlashVerifyChecksum
 .text.FlashDone
                0x0000000008000a78       0x48 ./Core/Src/flash.o
                0x0000000008000a78                FlashDone
 .text.FlashGetUserProgBaseAddress
                0x0000000008000ac0       0x14 ./Core/Src/flash.o
                0x0000000008000ac0                FlashGetUserProgBaseAddress
 .text.FlashInitBlock
                0x0000000008000ad4       0x46 ./Core/Src/flash.o
 *fill*         0x0000000008000b1a        0x2 
 .text.FlashSwitchBlock
                0x0000000008000b1c       0x64 ./Core/Src/flash.o
 .text.FlashAddToBlock
                0x0000000008000b80       0xc4 ./Core/Src/flash.o
 .text.FlashWriteBlock
                0x0000000008000c44       0x7e ./Core/Src/flash.o
 *fill*         0x0000000008000cc2        0x2 
 .text.FlashEmptyCheckSector
                0x0000000008000cc4       0xd4 ./Core/Src/flash.o
 .text.FlashEraseSectors
                0x0000000008000d98       0xba ./Core/Src/flash.o
 *fill*         0x0000000008000e52        0x2 
 .text.FlashGetSector
                0x0000000008000e54       0x88 ./Core/Src/flash.o
 .text.CopInitHook
                0x0000000008000edc        0xe ./Core/Src/hooks.o
                0x0000000008000edc                CopInitHook
 .text.CopServiceHook
                0x0000000008000eea        0xc ./Core/Src/hooks.o
                0x0000000008000eea                CopServiceHook
 *fill*         0x0000000008000ef6        0x2 
 .text.LedBlinkInit
                0x0000000008000ef8       0x20 ./Core/Src/led.o
                0x0000000008000ef8                LedBlinkInit
 .text.LedBlinkTask
                0x0000000008000f18       0x60 ./Core/Src/led.o
                0x0000000008000f18                LedBlinkTask
 .text.__NVIC_GetPriorityGrouping
                0x0000000008000f78       0x1c ./Core/Src/main.o
 .text.__NVIC_EnableIRQ
                0x0000000008000f94       0x3c ./Core/Src/main.o
 .text.__NVIC_SetPriority
                0x0000000008000fd0       0x54 ./Core/Src/main.o
 .text.NVIC_EncodePriority
                0x0000000008001024       0x66 ./Core/Src/main.o
 .text.LL_ADC_REG_SetSequencerRanks
                0x000000000800108a       0x6c ./Core/Src/main.o
 .text.LL_ADC_REG_SetFlagEndOfConversion
                0x00000000080010f6       0x26 ./Core/Src/main.o
 .text.LL_ADC_SetChannelSamplingTime
                0x000000000800111c       0x98 ./Core/Src/main.o
 .text.LL_ADC_REG_StartConversionExtTrig
                0x00000000080011b4       0x22 ./Core/Src/main.o
 *fill*         0x00000000080011d6        0x2 
 .text.LL_DMA_SetDataTransferDirection
                0x00000000080011d8       0x48 ./Core/Src/main.o
 .text.LL_DMA_SetMode
                0x0000000008001220       0x48 ./Core/Src/main.o
 .text.LL_DMA_SetPeriphIncMode
                0x0000000008001268       0x48 ./Core/Src/main.o
 .text.LL_DMA_SetMemoryIncMode
                0x00000000080012b0       0x48 ./Core/Src/main.o
 .text.LL_DMA_SetPeriphSize
                0x00000000080012f8       0x48 ./Core/Src/main.o
 .text.LL_DMA_SetMemorySize
                0x0000000008001340       0x48 ./Core/Src/main.o
 .text.LL_DMA_SetStreamPriorityLevel
                0x0000000008001388       0x48 ./Core/Src/main.o
 .text.LL_DMA_SetChannelSelection
                0x00000000080013d0       0x48 ./Core/Src/main.o
 .text.LL_DMA_DisableFifoMode
                0x0000000008001418       0x40 ./Core/Src/main.o
 .text.LL_RCC_HSI_Enable
                0x0000000008001458       0x20 ./Core/Src/main.o
 .text.LL_RCC_HSI_IsReady
                0x0000000008001478       0x24 ./Core/Src/main.o
 .text.LL_RCC_HSI_SetCalibTrimming
                0x000000000800149c       0x2c ./Core/Src/main.o
 .text.LL_RCC_SetSysClkSource
                0x00000000080014c8       0x28 ./Core/Src/main.o
 .text.LL_RCC_GetSysClkSource
                0x00000000080014f0       0x1c ./Core/Src/main.o
 .text.LL_RCC_SetAHBPrescaler
                0x000000000800150c       0x28 ./Core/Src/main.o
 .text.LL_RCC_SetAPB1Prescaler
                0x0000000008001534       0x28 ./Core/Src/main.o
 .text.LL_RCC_SetAPB2Prescaler
                0x000000000800155c       0x28 ./Core/Src/main.o
 .text.LL_AHB1_GRP1_EnableClock
                0x0000000008001584       0x30 ./Core/Src/main.o
 .text.LL_APB1_GRP1_EnableClock
                0x00000000080015b4       0x30 ./Core/Src/main.o
 .text.LL_APB2_GRP1_EnableClock
                0x00000000080015e4       0x30 ./Core/Src/main.o
 .text.LL_SYSCFG_SetEXTISource
                0x0000000008001614       0x5c ./Core/Src/main.o
 .text.LL_FLASH_SetLatency
                0x0000000008001670       0x28 ./Core/Src/main.o
 .text.LL_FLASH_GetLatency
                0x0000000008001698       0x1c ./Core/Src/main.o
 .text.LL_PWR_SetRegulVoltageScaling
                0x00000000080016b4       0x28 ./Core/Src/main.o
 .text.LL_TIM_DisableARRPreload
                0x00000000080016dc       0x20 ./Core/Src/main.o
 .text.LL_TIM_OC_DisableFast
                0x00000000080016fc       0x8c ./Core/Src/main.o
 .text.LL_TIM_SetClockSource
                0x0000000008001788       0x2a ./Core/Src/main.o
 .text.LL_TIM_SetTriggerOutput
                0x00000000080017b2       0x26 ./Core/Src/main.o
 .text.LL_TIM_DisableMasterSlaveMode
                0x00000000080017d8       0x20 ./Core/Src/main.o
 .text.LL_GPIO_SetPinMode
                0x00000000080017f8       0x5e ./Core/Src/main.o
 .text.LL_GPIO_SetPinPull
                0x0000000008001856       0x5e ./Core/Src/main.o
 .text.LL_GPIO_ResetOutputPin
                0x00000000080018b4       0x1e ./Core/Src/main.o
 .text.main     0x00000000080018d2       0x2a ./Core/Src/main.o
                0x00000000080018d2                main
 .text.SystemClock_Config
                0x00000000080018fc       0x7c ./Core/Src/main.o
                0x00000000080018fc                SystemClock_Config
 .text.MX_ADC1_Init
                0x0000000008001978      0x1b0 ./Core/Src/main.o
 .text.MX_CAN1_Init
                0x0000000008001b28       0x70 ./Core/Src/main.o
 .text.MX_TIM2_Init
                0x0000000008001b98       0xbe ./Core/Src/main.o
 .text.MX_DMA_Init
                0x0000000008001c56       0x30 ./Core/Src/main.o
 *fill*         0x0000000008001c86        0x2 
 .text.MX_GPIO_Init
                0x0000000008001c88      0x1d4 ./Core/Src/main.o
 .text.Error_Handler
                0x0000000008001e5c        0xa ./Core/Src/main.o
                0x0000000008001e5c                Error_Handler
 .text.NvmInit  0x0000000008001e66        0xc ./Core/Src/nvm.o
                0x0000000008001e66                NvmInit
 .text.NvmWrite
                0x0000000008001e72       0x20 ./Core/Src/nvm.o
                0x0000000008001e72                NvmWrite
 .text.NvmErase
                0x0000000008001e92       0x1c ./Core/Src/nvm.o
                0x0000000008001e92                NvmErase
 .text.NvmVerifyChecksum
                0x0000000008001eae        0xe ./Core/Src/nvm.o
                0x0000000008001eae                NvmVerifyChecksum
 .text.NvmGetUserProgBaseAddress
                0x0000000008001ebc        0xe ./Core/Src/nvm.o
                0x0000000008001ebc                NvmGetUserProgBaseAddress
 .text.NvmDone  0x0000000008001eca       0x1c ./Core/Src/nvm.o
                0x0000000008001eca                NvmDone
 *fill*         0x0000000008001ee6        0x2 
 .text.HAL_MspInit
                0x0000000008001ee8       0x5c ./Core/Src/stm32f4xx_hal_msp.o
                0x0000000008001ee8                HAL_MspInit
 .text.HAL_CAN_MspInit
                0x0000000008001f44       0xd0 ./Core/Src/stm32f4xx_hal_msp.o
                0x0000000008001f44                HAL_CAN_MspInit
 .text.LL_EXTI_IsActiveFlag_0_31
                0x0000000008002014       0x2c ./Core/Src/stm32f4xx_it.o
 .text.LL_EXTI_ClearFlag_0_31
                0x0000000008002040       0x20 ./Core/Src/stm32f4xx_it.o
 .text.NMI_Handler
                0x0000000008002060        0x6 ./Core/Src/stm32f4xx_it.o
                0x0000000008002060                NMI_Handler
 .text.HardFault_Handler
                0x0000000008002066        0x6 ./Core/Src/stm32f4xx_it.o
                0x0000000008002066                HardFault_Handler
 .text.MemManage_Handler
                0x000000000800206c        0x6 ./Core/Src/stm32f4xx_it.o
                0x000000000800206c                MemManage_Handler
 .text.BusFault_Handler
                0x0000000008002072        0x6 ./Core/Src/stm32f4xx_it.o
                0x0000000008002072                BusFault_Handler
 .text.UsageFault_Handler
                0x0000000008002078        0x6 ./Core/Src/stm32f4xx_it.o
                0x0000000008002078                UsageFault_Handler
 .text.SVC_Handler
                0x000000000800207e        0xe ./Core/Src/stm32f4xx_it.o
                0x000000000800207e                SVC_Handler
 .text.DebugMon_Handler
                0x000000000800208c        0xe ./Core/Src/stm32f4xx_it.o
                0x000000000800208c                DebugMon_Handler
 .text.PendSV_Handler
                0x000000000800209a        0xe ./Core/Src/stm32f4xx_it.o
                0x000000000800209a                PendSV_Handler
 .text.SysTick_Handler
                0x00000000080020a8        0xc ./Core/Src/stm32f4xx_it.o
                0x00000000080020a8                SysTick_Handler
 .text.RCC_IRQHandler
                0x00000000080020b4        0xe ./Core/Src/stm32f4xx_it.o
                0x00000000080020b4                RCC_IRQHandler
 .text.ADC_IRQHandler
                0x00000000080020c2        0xe ./Core/Src/stm32f4xx_it.o
                0x00000000080020c2                ADC_IRQHandler
 .text.CAN1_TX_IRQHandler
                0x00000000080020d0       0x14 ./Core/Src/stm32f4xx_it.o
                0x00000000080020d0                CAN1_TX_IRQHandler
 .text.CAN1_RX0_IRQHandler
                0x00000000080020e4       0x14 ./Core/Src/stm32f4xx_it.o
                0x00000000080020e4                CAN1_RX0_IRQHandler
 .text.CAN1_RX1_IRQHandler
                0x00000000080020f8       0x14 ./Core/Src/stm32f4xx_it.o
                0x00000000080020f8                CAN1_RX1_IRQHandler
 .text.CAN1_SCE_IRQHandler
                0x000000000800210c       0x14 ./Core/Src/stm32f4xx_it.o
                0x000000000800210c                CAN1_SCE_IRQHandler
 .text.TIM2_IRQHandler
                0x0000000008002120        0xe ./Core/Src/stm32f4xx_it.o
                0x0000000008002120                TIM2_IRQHandler
 .text.EXTI15_10_IRQHandler
                0x000000000800212e       0x34 ./Core/Src/stm32f4xx_it.o
                0x000000000800212e                EXTI15_10_IRQHandler
 .text.DMA2_Stream0_IRQHandler
                0x0000000008002162        0xe ./Core/Src/stm32f4xx_it.o
                0x0000000008002162                DMA2_Stream0_IRQHandler
 .text.SystemInit
                0x0000000008002170       0x24 ./Core/Src/system_stm32f4xx.o
                0x0000000008002170                SystemInit
 .text.LL_APB2_GRP1_EnableClock
                0x0000000008002194       0x30 ./Core/Src/timer.o
 .text.LL_APB2_GRP1_DisableClock
                0x00000000080021c4       0x28 ./Core/Src/timer.o
 .text.LL_APB2_GRP1_ForceReset
                0x00000000080021ec       0x24 ./Core/Src/timer.o
 .text.LL_APB2_GRP1_ReleaseReset
                0x0000000008002210       0x28 ./Core/Src/timer.o
 .text.LL_RCC_GetAPB2Prescaler
                0x0000000008002238       0x1c ./Core/Src/timer.o
 .text.TimerInit
                0x0000000008002254       0x9c ./Core/Src/timer.o
                0x0000000008002254                TimerInit
 .text.TimerReset
                0x00000000080022f0       0x40 ./Core/Src/timer.o
                0x00000000080022f0                TimerReset
 .text.TimerUpdate
                0x0000000008002330       0x74 ./Core/Src/timer.o
                0x0000000008002330                TimerUpdate
 .text.TimerGet
                0x00000000080023a4       0x14 ./Core/Src/timer.o
                0x00000000080023a4                TimerGet
 .text.HAL_GetTick
                0x00000000080023b8        0xe ./Core/Src/timer.o
                0x00000000080023b8                HAL_GetTick
 *fill*         0x00000000080023c6        0x2 
 .text.XcpInit  0x00000000080023c8       0x44 ./Core/Src/xcp.o
                0x00000000080023c8                XcpInit
 .text.XcpIsConnected
                0x000000000800240c       0x24 ./Core/Src/xcp.o
                0x000000000800240c                XcpIsConnected
 .text.XcpPacketTransmitted
                0x0000000008002430       0x1c ./Core/Src/xcp.o
                0x0000000008002430                XcpPacketTransmitted
 .text.XcpPacketReceived
                0x000000000800244c      0x1cc ./Core/Src/xcp.o
                0x000000000800244c                XcpPacketReceived
 .text.XcpTransmitPacket
                0x0000000008002618       0x1e ./Core/Src/xcp.o
 .text.XcpComputeChecksum
                0x0000000008002636       0x40 ./Core/Src/xcp.o
 *fill*         0x0000000008002676        0x2 
 .text.XcpProtectResources
                0x0000000008002678       0x1c ./Core/Src/xcp.o
 .text.XcpSetCtoError
                0x0000000008002694       0x30 ./Core/Src/xcp.o
 .text.XcpGetOrderedLong
                0x00000000080026c4       0x50 ./Core/Src/xcp.o
 .text.XcpSetOrderedLong
                0x0000000008002714       0x42 ./Core/Src/xcp.o
 *fill*         0x0000000008002756        0x2 
 .text.XcpCmdConnect
                0x0000000008002758       0x88 ./Core/Src/xcp.o
 .text.XcpCmdDisconnect
                0x00000000080027e0       0x30 ./Core/Src/xcp.o
 .text.XcpCmdGetStatus
                0x0000000008002810       0x48 ./Core/Src/xcp.o
 .text.XcpCmdSynch
                0x0000000008002858       0x16 ./Core/Src/xcp.o
 *fill*         0x000000000800286e        0x2 
 .text.XcpCmdGetId
                0x0000000008002870       0x50 ./Core/Src/xcp.o
 .text.XcpCmdSetMta
                0x00000000080028c0       0x34 ./Core/Src/xcp.o
 .text.XcpCmdUpload
                0x00000000080028f4       0x7c ./Core/Src/xcp.o
 .text.XcpCmdShortUpload
                0x0000000008002970       0x90 ./Core/Src/xcp.o
 .text.XcpCmdBuildCheckSum
                0x0000000008002a00       0x68 ./Core/Src/xcp.o
 .text.XcpCmdProgramStart
                0x0000000008002a68       0x4c ./Core/Src/xcp.o
 .text.XcpCmdProgramMax
                0x0000000008002ab4       0x60 ./Core/Src/xcp.o
 .text.XcpCmdProgram
                0x0000000008002b14       0x94 ./Core/Src/xcp.o
 .text.XcpCmdProgramClear
                0x0000000008002ba8       0x4c ./Core/Src/xcp.o
 .text.XcpCmdProgramReset
                0x0000000008002bf4       0x28 ./Core/Src/xcp.o
 .text.XcpCmdProgramPrepare
                0x0000000008002c1c       0x16 ./Core/Src/xcp.o
 *fill*         0x0000000008002c32        0x2 
 .text.Reset_Handler
                0x0000000008002c34       0x50 ./Core/Startup/startup_stm32f405rgtx.o
                0x0000000008002c34                Reset_Handler
 .text.Default_Handler
                0x0000000008002c84        0x2 ./Core/Startup/startup_stm32f405rgtx.o
                0x0000000008002c84                RTC_Alarm_IRQHandler
                0x0000000008002c84                HASH_RNG_IRQHandler
                0x0000000008002c84                EXTI2_IRQHandler
                0x0000000008002c84                TIM8_CC_IRQHandler
                0x0000000008002c84                TIM1_CC_IRQHandler
                0x0000000008002c84                DMA2_Stream5_IRQHandler
                0x0000000008002c84                DMA1_Stream5_IRQHandler
                0x0000000008002c84                PVD_IRQHandler
                0x0000000008002c84                SDIO_IRQHandler
                0x0000000008002c84                TAMP_STAMP_IRQHandler
                0x0000000008002c84                CAN2_RX1_IRQHandler
                0x0000000008002c84                EXTI3_IRQHandler
                0x0000000008002c84                TIM8_TRG_COM_TIM14_IRQHandler
                0x0000000008002c84                TIM1_UP_TIM10_IRQHandler
                0x0000000008002c84                TIM8_UP_TIM13_IRQHandler
                0x0000000008002c84                I2C3_ER_IRQHandler
                0x0000000008002c84                EXTI0_IRQHandler
                0x0000000008002c84                I2C2_EV_IRQHandler
                0x0000000008002c84                DMA1_Stream2_IRQHandler
                0x0000000008002c84                FPU_IRQHandler
                0x0000000008002c84                OTG_HS_WKUP_IRQHandler
                0x0000000008002c84                CAN2_SCE_IRQHandler
                0x0000000008002c84                DMA2_Stream2_IRQHandler
                0x0000000008002c84                SPI1_IRQHandler
                0x0000000008002c84                TIM6_DAC_IRQHandler
                0x0000000008002c84                TIM1_BRK_TIM9_IRQHandler
                0x0000000008002c84                CAN2_RX0_IRQHandler
                0x0000000008002c84                DMA2_Stream3_IRQHandler
                0x0000000008002c84                USART6_IRQHandler
                0x0000000008002c84                USART3_IRQHandler
                0x0000000008002c84                UART5_IRQHandler
                0x0000000008002c84                TIM4_IRQHandler
                0x0000000008002c84                I2C1_EV_IRQHandler
                0x0000000008002c84                DMA1_Stream6_IRQHandler
                0x0000000008002c84                DMA1_Stream1_IRQHandler
                0x0000000008002c84                UART4_IRQHandler
                0x0000000008002c84                TIM3_IRQHandler
                0x0000000008002c84                TIM8_BRK_TIM12_IRQHandler
                0x0000000008002c84                Default_Handler
                0x0000000008002c84                DMA1_Stream7_IRQHandler
                0x0000000008002c84                TIM7_IRQHandler
                0x0000000008002c84                CAN2_TX_IRQHandler
                0x0000000008002c84                TIM5_IRQHandler
                0x0000000008002c84                DMA2_Stream7_IRQHandler
                0x0000000008002c84                I2C3_EV_IRQHandler
                0x0000000008002c84                EXTI9_5_IRQHandler
                0x0000000008002c84                RTC_WKUP_IRQHandler
                0x0000000008002c84                SPI2_IRQHandler
                0x0000000008002c84                OTG_HS_EP1_IN_IRQHandler
                0x0000000008002c84                DMA1_Stream0_IRQHandler
                0x0000000008002c84                EXTI4_IRQHandler
                0x0000000008002c84                FSMC_IRQHandler
                0x0000000008002c84                OTG_HS_EP1_OUT_IRQHandler
                0x0000000008002c84                WWDG_IRQHandler
                0x0000000008002c84                OTG_FS_WKUP_IRQHandler
                0x0000000008002c84                TIM1_TRG_COM_TIM11_IRQHandler
                0x0000000008002c84                OTG_HS_IRQHandler
                0x0000000008002c84                EXTI1_IRQHandler
                0x0000000008002c84                USART2_IRQHandler
                0x0000000008002c84                I2C2_ER_IRQHandler
                0x0000000008002c84                DMA2_Stream1_IRQHandler
                0x0000000008002c84                FLASH_IRQHandler
                0x0000000008002c84                DMA2_Stream4_IRQHandler
                0x0000000008002c84                USART1_IRQHandler
                0x0000000008002c84                OTG_FS_IRQHandler
                0x0000000008002c84                SPI3_IRQHandler
                0x0000000008002c84                DMA1_Stream4_IRQHandler
                0x0000000008002c84                I2C1_ER_IRQHandler
                0x0000000008002c84                DMA2_Stream6_IRQHandler
                0x0000000008002c84                DMA1_Stream3_IRQHandler
 *fill*         0x0000000008002c86        0x2 
 .text.HAL_Init
                0x0000000008002c88       0x44 ./Drivers/STM32F4xx_HAL_Driver/Src/stm32f4xx_hal.o
                0x0000000008002c88                HAL_Init
 .text.HAL_DeInit
                0x0000000008002ccc       0x58 ./Drivers/STM32F4xx_HAL_Driver/Src/stm32f4xx_hal.o
                0x0000000008002ccc                HAL_DeInit
 .text.HAL_MspDeInit
                0x0000000008002d24        0xe ./Drivers/STM32F4xx_HAL_Driver/Src/stm32f4xx_hal.o
                0x0000000008002d24                HAL_MspDeInit
 *fill*         0x0000000008002d32        0x2 
 .text.HAL_InitTick
                0x0000000008002d34       0x60 ./Drivers/STM32F4xx_HAL_Driver/Src/stm32f4xx_hal.o
                0x0000000008002d34                HAL_InitTick
 .text.HAL_IncTick
                0x0000000008002d94       0x28 ./Drivers/STM32F4xx_HAL_Driver/Src/stm32f4xx_hal.o
                0x0000000008002d94                HAL_IncTick
 .text.HAL_CAN_Init
                0x0000000008002dbc      0x1f6 ./Drivers/STM32F4xx_HAL_Driver/Src/stm32f4xx_hal_can.o
                0x0000000008002dbc                HAL_CAN_Init
 *fill*         0x0000000008002fb2        0x2 
 .text.HAL_CAN_ConfigFilter
                0x0000000008002fb4      0x1c0 ./Drivers/STM32F4xx_HAL_Driver/Src/stm32f4xx_hal_can.o
                0x0000000008002fb4                HAL_CAN_ConfigFilter
 .text.HAL_CAN_Start
                0x0000000008003174       0x88 ./Drivers/STM32F4xx_HAL_Driver/Src/stm32f4xx_hal_can.o
                0x0000000008003174                HAL_CAN_Start
 .text.HAL_CAN_AddTxMessage
                0x00000000080031fc      0x1b6 ./Drivers/STM32F4xx_HAL_Driver/Src/stm32f4xx_hal_can.o
                0x00000000080031fc                HAL_CAN_AddTxMessage
 .text.HAL_CAN_IsTxMessagePending
                0x00000000080033b2       0x48 ./Drivers/STM32F4xx_HAL_Driver/Src/stm32f4xx_hal_can.o
                0x00000000080033b2                HAL_CAN_IsTxMessagePending
 .text.HAL_CAN_GetRxMessage
                0x00000000080033fa      0x224 ./Drivers/STM32F4xx_HAL_Driver/Src/stm32f4xx_hal_can.o
                0x00000000080033fa                HAL_CAN_GetRxMessage
 .text.HAL_CAN_IRQHandler
                0x000000000800361e      0x36e ./Drivers/STM32F4xx_HAL_Driver/Src/stm32f4xx_hal_can.o
                0x000000000800361e                HAL_CAN_IRQHandler
 .text.HAL_CAN_TxMailbox0CompleteCallback
                0x000000000800398c       0x14 ./Drivers/STM32F4xx_HAL_Driver/Src/stm32f4xx_hal_can.o
                0x000000000800398c                HAL_CAN_TxMailbox0CompleteCallback
 .text.HAL_CAN_TxMailbox1CompleteCallback
                0x00000000080039a0       0x14 ./Drivers/STM32F4xx_HAL_Driver/Src/stm32f4xx_hal_can.o
                0x00000000080039a0                HAL_CAN_TxMailbox1CompleteCallback
 .text.HAL_CAN_TxMailbox2CompleteCallback
                0x00000000080039b4       0x14 ./Drivers/STM32F4xx_HAL_Driver/Src/stm32f4xx_hal_can.o
                0x00000000080039b4                HAL_CAN_TxMailbox2CompleteCallback
 .text.HAL_CAN_TxMailbox0AbortCallback
                0x00000000080039c8       0x14 ./Drivers/STM32F4xx_HAL_Driver/Src/stm32f4xx_hal_can.o
                0x00000000080039c8                HAL_CAN_TxMailbox0AbortCallback
 .text.HAL_CAN_TxMailbox1AbortCallback
                0x00000000080039dc       0x14 ./Drivers/STM32F4xx_HAL_Driver/Src/stm32f4xx_hal_can.o
                0x00000000080039dc                HAL_CAN_TxMailbox1AbortCallback
 .text.HAL_CAN_TxMailbox2AbortCallback
                0x00000000080039f0       0x14 ./Drivers/STM32F4xx_HAL_Driver/Src/stm32f4xx_hal_can.o
                0x00000000080039f0                HAL_CAN_TxMailbox2AbortCallback
 .text.HAL_CAN_RxFifo0MsgPendingCallback
                0x0000000008003a04       0x14 ./Drivers/STM32F4xx_HAL_Driver/Src/stm32f4xx_hal_can.o
                0x0000000008003a04                HAL_CAN_RxFifo0MsgPendingCallback
 .text.HAL_CAN_RxFifo0FullCallback
                0x0000000008003a18       0x14 ./Drivers/STM32F4xx_HAL_Driver/Src/stm32f4xx_hal_can.o
                0x0000000008003a18                HAL_CAN_RxFifo0FullCallback
 .text.HAL_CAN_RxFifo1MsgPendingCallback
                0x0000000008003a2c       0x14 ./Drivers/STM32F4xx_HAL_Driver/Src/stm32f4xx_hal_can.o
                0x0000000008003a2c                HAL_CAN_RxFifo1MsgPendingCallback
 .text.HAL_CAN_RxFifo1FullCallback
                0x0000000008003a40       0x14 ./Drivers/STM32F4xx_HAL_Driver/Src/stm32f4xx_hal_can.o
                0x0000000008003a40                HAL_CAN_RxFifo1FullCallback
 .text.HAL_CAN_SleepCallback
                0x0000000008003a54       0x14 ./Drivers/STM32F4xx_HAL_Driver/Src/stm32f4xx_hal_can.o
                0x0000000008003a54                HAL_CAN_SleepCallback
 .text.HAL_CAN_WakeUpFromRxMsgCallback
                0x0000000008003a68       0x14 ./Drivers/STM32F4xx_HAL_Driver/Src/stm32f4xx_hal_can.o
                0x0000000008003a68                HAL_CAN_WakeUpFromRxMsgCallback
 .text.HAL_CAN_ErrorCallback
                0x0000000008003a7c       0x14 ./Drivers/STM32F4xx_HAL_Driver/Src/stm32f4xx_hal_can.o
                0x0000000008003a7c                HAL_CAN_ErrorCallback
 .text.__NVIC_SetPriorityGrouping
                0x0000000008003a90       0x48 ./Drivers/STM32F4xx_HAL_Driver/Src/stm32f4xx_hal_cortex.o
 .text.__NVIC_GetPriorityGrouping
                0x0000000008003ad8       0x1c ./Drivers/STM32F4xx_HAL_Driver/Src/stm32f4xx_hal_cortex.o
 .text.__NVIC_EnableIRQ
                0x0000000008003af4       0x3c ./Drivers/STM32F4xx_HAL_Driver/Src/stm32f4xx_hal_cortex.o
 .text.__NVIC_SetPriority
                0x0000000008003b30       0x54 ./Drivers/STM32F4xx_HAL_Driver/Src/stm32f4xx_hal_cortex.o
 .text.NVIC_EncodePriority
                0x0000000008003b84       0x66 ./Drivers/STM32F4xx_HAL_Driver/Src/stm32f4xx_hal_cortex.o
 *fill*         0x0000000008003bea        0x2 
 .text.SysTick_Config
                0x0000000008003bec       0x44 ./Drivers/STM32F4xx_HAL_Driver/Src/stm32f4xx_hal_cortex.o
 .text.HAL_NVIC_SetPriorityGrouping
                0x0000000008003c30       0x16 ./Drivers/STM32F4xx_HAL_Driver/Src/stm32f4xx_hal_cortex.o
                0x0000000008003c30                HAL_NVIC_SetPriorityGrouping
 .text.HAL_NVIC_SetPriority
                0x0000000008003c46       0x38 ./Drivers/STM32F4xx_HAL_Driver/Src/stm32f4xx_hal_cortex.o
                0x0000000008003c46                HAL_NVIC_SetPriority
 .text.HAL_NVIC_EnableIRQ
                0x0000000008003c7e       0x1c ./Drivers/STM32F4xx_HAL_Driver/Src/stm32f4xx_hal_cortex.o
                0x0000000008003c7e                HAL_NVIC_EnableIRQ
 .text.HAL_SYSTICK_Config
                0x0000000008003c9a       0x18 ./Drivers/STM32F4xx_HAL_Driver/Src/stm32f4xx_hal_cortex.o
                0x0000000008003c9a                HAL_SYSTICK_Config
 *fill*         0x0000000008003cb2        0x2 
 .text.HAL_FLASH_Program
                0x0000000008003cb4       0xa8 ./Drivers/STM32F4xx_HAL_Driver/Src/stm32f4xx_hal_flash.o
                0x0000000008003cb4                HAL_FLASH_Program
 .text.HAL_FLASH_Unlock
                0x0000000008003d5c       0x44 ./Drivers/STM32F4xx_HAL_Driver/Src/stm32f4xx_hal_flash.o
                0x0000000008003d5c                HAL_FLASH_Unlock
 .text.HAL_FLASH_Lock
                0x0000000008003da0       0x20 ./Drivers/STM32F4xx_HAL_Driver/Src/stm32f4xx_hal_flash.o
                0x0000000008003da0                HAL_FLASH_Lock
 .text.FLASH_WaitForLastOperation
                0x0000000008003dc0       0x80 ./Drivers/STM32F4xx_HAL_Driver/Src/stm32f4xx_hal_flash.o
                0x0000000008003dc0                FLASH_WaitForLastOperation
 .text.FLASH_Program_DoubleWord
                0x0000000008003e40       0x64 ./Drivers/STM32F4xx_HAL_Driver/Src/stm32f4xx_hal_flash.o
 .text.FLASH_Program_Word
                0x0000000008003ea4       0x44 ./Drivers/STM32F4xx_HAL_Driver/Src/stm32f4xx_hal_flash.o
 .text.FLASH_Program_HalfWord
                0x0000000008003ee8       0x48 ./Drivers/STM32F4xx_HAL_Driver/Src/stm32f4xx_hal_flash.o
 .text.FLASH_Program_Byte
                0x0000000008003f30       0x44 ./Drivers/STM32F4xx_HAL_Driver/Src/stm32f4xx_hal_flash.o
 .text.FLASH_SetErrorCode
                0x0000000008003f74       0xac ./Drivers/STM32F4xx_HAL_Driver/Src/stm32f4xx_hal_flash.o
 .text.HAL_FLASHEx_Erase
                0x0000000008004020       0xe0 ./Drivers/STM32F4xx_HAL_Driver/Src/stm32f4xx_hal_flash_ex.o
                0x0000000008004020                HAL_FLASHEx_Erase
 .text.FLASH_MassErase
                0x0000000008004100       0x48 ./Drivers/STM32F4xx_HAL_Driver/Src/stm32f4xx_hal_flash_ex.o
 .text.FLASH_Erase_Sector
                0x0000000008004148       0x90 ./Drivers/STM32F4xx_HAL_Driver/Src/stm32f4xx_hal_flash_ex.o
                0x0000000008004148                FLASH_Erase_Sector
 .text.FLASH_FlushCaches
                0x00000000080041d8       0x8c ./Drivers/STM32F4xx_HAL_Driver/Src/stm32f4xx_hal_flash_ex.o
                0x00000000080041d8                FLASH_FlushCaches
 .text.HAL_GPIO_Init
                0x0000000008004264      0x338 ./Drivers/STM32F4xx_HAL_Driver/Src/stm32f4xx_hal_gpio.o
                0x0000000008004264                HAL_GPIO_Init
 .text.HAL_GPIO_WritePin
                0x000000000800459c       0x32 ./Drivers/STM32F4xx_HAL_Driver/Src/stm32f4xx_hal_gpio.o
                0x000000000800459c                HAL_GPIO_WritePin
 .text.LL_ADC_REG_SetSequencerLength
                0x00000000080045ce       0x26 ./Drivers/STM32F4xx_HAL_Driver/Src/stm32f4xx_ll_adc.o
 .text.LL_ADC_IsEnabled
                0x00000000080045f4       0x26 ./Drivers/STM32F4xx_HAL_Driver/Src/stm32f4xx_ll_adc.o
 *fill*         0x000000000800461a        0x2 
 .text.LL_ADC_CommonInit
                0x000000000800461c       0x90 ./Drivers/STM32F4xx_HAL_Driver/Src/stm32f4xx_ll_adc.o
                0x000000000800461c                LL_ADC_CommonInit
 .text.LL_ADC_Init
                0x00000000080046ac       0x58 ./Drivers/STM32F4xx_HAL_Driver/Src/stm32f4xx_ll_adc.o
                0x00000000080046ac                LL_ADC_Init
 .text.LL_ADC_REG_Init
                0x0000000008004704       0x84 ./Drivers/STM32F4xx_HAL_Driver/Src/stm32f4xx_ll_adc.o
                0x0000000008004704                LL_ADC_REG_Init
 .text.LL_EXTI_EnableIT_0_31
                0x0000000008004788       0x24 ./Drivers/STM32F4xx_HAL_Driver/Src/stm32f4xx_ll_exti.o
 .text.LL_EXTI_DisableIT_0_31
                0x00000000080047ac       0x28 ./Drivers/STM32F4xx_HAL_Driver/Src/stm32f4xx_ll_exti.o
 .text.LL_EXTI_EnableEvent_0_31
                0x00000000080047d4       0x24 ./Drivers/STM32F4xx_HAL_Driver/Src/stm32f4xx_ll_exti.o
 .text.LL_EXTI_DisableEvent_0_31
                0x00000000080047f8       0x28 ./Drivers/STM32F4xx_HAL_Driver/Src/stm32f4xx_ll_exti.o
 .text.LL_EXTI_EnableRisingTrig_0_31
                0x0000000008004820       0x24 ./Drivers/STM32F4xx_HAL_Driver/Src/stm32f4xx_ll_exti.o
 .text.LL_EXTI_DisableRisingTrig_0_31
                0x0000000008004844       0x28 ./Drivers/STM32F4xx_HAL_Driver/Src/stm32f4xx_ll_exti.o
 .text.LL_EXTI_EnableFallingTrig_0_31
                0x000000000800486c       0x24 ./Drivers/STM32F4xx_HAL_Driver/Src/stm32f4xx_ll_exti.o
 .text.LL_EXTI_DisableFallingTrig_0_31
                0x0000000008004890       0x28 ./Drivers/STM32F4xx_HAL_Driver/Src/stm32f4xx_ll_exti.o
 .text.LL_EXTI_Init
                0x00000000080048b8      0x102 ./Drivers/STM32F4xx_HAL_Driver/Src/stm32f4xx_ll_exti.o
                0x00000000080048b8                LL_EXTI_Init
 .text.LL_GPIO_SetPinMode
                0x00000000080049ba       0x5e ./Drivers/STM32F4xx_HAL_Driver/Src/stm32f4xx_ll_gpio.o
 .text.LL_GPIO_SetPinOutputType
                0x0000000008004a18       0x30 ./Drivers/STM32F4xx_HAL_Driver/Src/stm32f4xx_ll_gpio.o
 .text.LL_GPIO_SetPinSpeed
                0x0000000008004a48       0x5e ./Drivers/STM32F4xx_HAL_Driver/Src/stm32f4xx_ll_gpio.o
 .text.LL_GPIO_SetPinPull
                0x0000000008004aa6       0x5e ./Drivers/STM32F4xx_HAL_Driver/Src/stm32f4xx_ll_gpio.o
 .text.LL_GPIO_SetAFPin_0_7
                0x0000000008004b04       0x5e ./Drivers/STM32F4xx_HAL_Driver/Src/stm32f4xx_ll_gpio.o
 .text.LL_GPIO_SetAFPin_8_15
                0x0000000008004b62       0x62 ./Drivers/STM32F4xx_HAL_Driver/Src/stm32f4xx_ll_gpio.o
 .text.LL_GPIO_Init
                0x0000000008004bc4       0xe6 ./Drivers/STM32F4xx_HAL_Driver/Src/stm32f4xx_ll_gpio.o
                0x0000000008004bc4                LL_GPIO_Init
 *fill*         0x0000000008004caa        0x2 
 .text.LL_RCC_GetSysClkSource
                0x0000000008004cac       0x1c ./Drivers/STM32F4xx_HAL_Driver/Src/stm32f4xx_ll_rcc.o
 .text.LL_RCC_GetAHBPrescaler
                0x0000000008004cc8       0x1c ./Drivers/STM32F4xx_HAL_Driver/Src/stm32f4xx_ll_rcc.o
 .text.LL_RCC_GetAPB1Prescaler
                0x0000000008004ce4       0x1c ./Drivers/STM32F4xx_HAL_Driver/Src/stm32f4xx_ll_rcc.o
 .text.LL_RCC_GetAPB2Prescaler
                0x0000000008004d00       0x1c ./Drivers/STM32F4xx_HAL_Driver/Src/stm32f4xx_ll_rcc.o
 .text.LL_RCC_PLL_GetMainSource
                0x0000000008004d1c       0x1c ./Drivers/STM32F4xx_HAL_Driver/Src/stm32f4xx_ll_rcc.o
 .text.LL_RCC_PLL_GetN
                0x0000000008004d38       0x1c ./Drivers/STM32F4xx_HAL_Driver/Src/stm32f4xx_ll_rcc.o
 .text.LL_RCC_PLL_GetP
                0x0000000008004d54       0x1c ./Drivers/STM32F4xx_HAL_Driver/Src/stm32f4xx_ll_rcc.o
 .text.LL_RCC_PLL_GetDivider
                0x0000000008004d70       0x1c ./Drivers/STM32F4xx_HAL_Driver/Src/stm32f4xx_ll_rcc.o
 .text.LL_RCC_GetSystemClocksFreq
                0x0000000008004d8c       0x4a ./Drivers/STM32F4xx_HAL_Driver/Src/stm32f4xx_ll_rcc.o
                0x0000000008004d8c                LL_RCC_GetSystemClocksFreq
 *fill*         0x0000000008004dd6        0x2 
 .text.RCC_GetSystemClockFreq
                0x0000000008004dd8       0x50 ./Drivers/STM32F4xx_HAL_Driver/Src/stm32f4xx_ll_rcc.o
                0x0000000008004dd8                RCC_GetSystemClockFreq
 .text.RCC_GetHCLKClockFreq
                0x0000000008004e28       0x2c ./Drivers/STM32F4xx_HAL_Driver/Src/stm32f4xx_ll_rcc.o
                0x0000000008004e28                RCC_GetHCLKClockFreq
 .text.RCC_GetPCLK1ClockFreq
                0x0000000008004e54       0x28 ./Drivers/STM32F4xx_HAL_Driver/Src/stm32f4xx_ll_rcc.o
                0x0000000008004e54                RCC_GetPCLK1ClockFreq
 .text.RCC_GetPCLK2ClockFreq
                0x0000000008004e7c       0x28 ./Drivers/STM32F4xx_HAL_Driver/Src/stm32f4xx_ll_rcc.o
                0x0000000008004e7c                RCC_GetPCLK2ClockFreq
 .text.RCC_PLL_GetFreqDomain_SYS
                0x0000000008004ea4       0x7c ./Drivers/STM32F4xx_HAL_Driver/Src/stm32f4xx_ll_rcc.o
                0x0000000008004ea4                RCC_PLL_GetFreqDomain_SYS
 .text.LL_TIM_SetPrescaler
                0x0000000008004f20       0x1c ./Drivers/STM32F4xx_HAL_Driver/Src/stm32f4xx_ll_tim.o
 .text.LL_TIM_SetAutoReload
                0x0000000008004f3c       0x1c ./Drivers/STM32F4xx_HAL_Driver/Src/stm32f4xx_ll_tim.o
 .text.LL_TIM_SetRepetitionCounter
                0x0000000008004f58       0x1c ./Drivers/STM32F4xx_HAL_Driver/Src/stm32f4xx_ll_tim.o
 .text.LL_TIM_OC_SetCompareCH1
                0x0000000008004f74       0x1c ./Drivers/STM32F4xx_HAL_Driver/Src/stm32f4xx_ll_tim.o
 .text.LL_TIM_OC_SetCompareCH2
                0x0000000008004f90       0x1c ./Drivers/STM32F4xx_HAL_Driver/Src/stm32f4xx_ll_tim.o
 .text.LL_TIM_OC_SetCompareCH3
                0x0000000008004fac       0x1c ./Drivers/STM32F4xx_HAL_Driver/Src/stm32f4xx_ll_tim.o
 .text.LL_TIM_OC_SetCompareCH4
                0x0000000008004fc8       0x1c ./Drivers/STM32F4xx_HAL_Driver/Src/stm32f4xx_ll_tim.o
 .text.LL_TIM_GenerateEvent_UPDATE
                0x0000000008004fe4       0x20 ./Drivers/STM32F4xx_HAL_Driver/Src/stm32f4xx_ll_tim.o
 .text.LL_TIM_Init
                0x0000000008005004      0x134 ./Drivers/STM32F4xx_HAL_Driver/Src/stm32f4xx_ll_tim.o
                0x0000000008005004                LL_TIM_Init
 .text.LL_TIM_OC_Init
                0x0000000008005138       0x82 ./Drivers/STM32F4xx_HAL_Driver/Src/stm32f4xx_ll_tim.o
                0x0000000008005138                LL_TIM_OC_Init
 *fill*         0x00000000080051ba        0x2 
 .text.OC1Config
                0x00000000080051bc       0xd8 ./Drivers/STM32F4xx_HAL_Driver/Src/stm32f4xx_ll_tim.o
 .text.OC2Config
                0x0000000008005294       0xe0 ./Drivers/STM32F4xx_HAL_Driver/Src/stm32f4xx_ll_tim.o
 .text.OC3Config
                0x0000000008005374       0xe0 ./Drivers/STM32F4xx_HAL_Driver/Src/stm32f4xx_ll_tim.o
 .text.OC4Config
                0x0000000008005454       0xb0 ./Drivers/STM32F4xx_HAL_Driver/Src/stm32f4xx_ll_tim.o
 .text.LL_SetSystemCoreClock
                0x0000000008005504       0x20 ./Drivers/STM32F4xx_HAL_Driver/Src/stm32f4xx_ll_utils.o
                0x0000000008005504                LL_SetSystemCoreClock
 .text.__libc_init_array
                0x0000000008005524       0x48 c:/st/stm32cubeide_1.10.1/stm32cubeide/plugins/com.st.stm32cube.ide.mcu.externaltools.gnu-tools-for-stm32.10.3-2021.10.win32_1.0.0.202111181127/tools/bin/../lib/gcc/arm-none-eabi/10.3.1/../../../../arm-none-eabi/lib/thumb/v7e-m+fp/hard\libc_nano.a(lib_a-init.o)
                0x0000000008005524                __libc_init_array
 .text.memset   0x000000000800556c       0x10 c:/st/stm32cubeide_1.10.1/stm32cubeide/plugins/com.st.stm32cube.ide.mcu.externaltools.gnu-tools-for-stm32.10.3-2021.10.win32_1.0.0.202111181127/tools/bin/../lib/gcc/arm-none-eabi/10.3.1/../../../../arm-none-eabi/lib/thumb/v7e-m+fp/hard\libc_nano.a(lib_a-memset.o)
                0x000000000800556c                memset
 *(.glue_7)
 .glue_7        0x000000000800557c        0x0 linker stubs
 *(.glue_7t)
 .glue_7t       0x000000000800557c        0x0 linker stubs
 *(.eh_frame)
 .eh_frame      0x000000000800557c        0x0 c:/st/stm32cubeide_1.10.1/stm32cubeide/plugins/com.st.stm32cube.ide.mcu.externaltools.gnu-tools-for-stm32.10.3-2021.10.win32_1.0.0.202111181127/tools/bin/../lib/gcc/arm-none-eabi/10.3.1/thumb/v7e-m+fp/hard/crtbegin.o
 *(.init)
 .init          0x000000000800557c        0x4 c:/st/stm32cubeide_1.10.1/stm32cubeide/plugins/com.st.stm32cube.ide.mcu.externaltools.gnu-tools-for-stm32.10.3-2021.10.win32_1.0.0.202111181127/tools/bin/../lib/gcc/arm-none-eabi/10.3.1/thumb/v7e-m+fp/hard/crti.o
                0x000000000800557c                _init
 .init          0x0000000008005580        0x8 c:/st/stm32cubeide_1.10.1/stm32cubeide/plugins/com.st.stm32cube.ide.mcu.externaltools.gnu-tools-for-stm32.10.3-2021.10.win32_1.0.0.202111181127/tools/bin/../lib/gcc/arm-none-eabi/10.3.1/thumb/v7e-m+fp/hard/crtn.o
 *(.fini)
 .fini          0x0000000008005588        0x4 c:/st/stm32cubeide_1.10.1/stm32cubeide/plugins/com.st.stm32cube.ide.mcu.externaltools.gnu-tools-for-stm32.10.3-2021.10.win32_1.0.0.202111181127/tools/bin/../lib/gcc/arm-none-eabi/10.3.1/thumb/v7e-m+fp/hard/crti.o
                0x0000000008005588                _fini
 .fini          0x000000000800558c        0x8 c:/st/stm32cubeide_1.10.1/stm32cubeide/plugins/com.st.stm32cube.ide.mcu.externaltools.gnu-tools-for-stm32.10.3-2021.10.win32_1.0.0.202111181127/tools/bin/../lib/gcc/arm-none-eabi/10.3.1/thumb/v7e-m+fp/hard/crtn.o
                0x0000000008005594                . = ALIGN (0x4)
                0x0000000008005594                _etext = .

.vfp11_veneer   0x0000000008005594        0x0
 .vfp11_veneer  0x0000000008005594        0x0 linker stubs

.v4_bx          0x0000000008005594        0x0
 .v4_bx         0x0000000008005594        0x0 linker stubs

.iplt           0x0000000008005594        0x0
 .iplt          0x0000000008005594        0x0 c:/st/stm32cubeide_1.10.1/stm32cubeide/plugins/com.st.stm32cube.ide.mcu.externaltools.gnu-tools-for-stm32.10.3-2021.10.win32_1.0.0.202111181127/tools/bin/../lib/gcc/arm-none-eabi/10.3.1/thumb/v7e-m+fp/hard/crtbegin.o

.rodata         0x0000000008005594      0x18c
                0x0000000008005594                . = ALIGN (0x4)
 *(.rodata)
 .rodata        0x0000000008005594       0x12 ./Core/Src/can.o
 *fill*         0x00000000080055a6        0x2 
 .rodata        0x00000000080055a8       0x14 ./Core/Src/flash.o
 *(.rodata*)
 .rodata.canTiming
                0x00000000080055bc       0x24 ./Core/Src/can.o
 .rodata.flashLayout
                0x00000000080055e0      0x108 ./Core/Src/flash.o
 .rodata.STREAM_OFFSET_TAB
                0x00000000080056e8        0x8 ./Core/Src/main.o
 .rodata.OFFSET_TAB_CCMRx
                0x00000000080056f0        0x7 ./Core/Src/main.o
 *fill*         0x00000000080056f7        0x1 
 .rodata.SHIFT_TAB_OCxx
                0x00000000080056f8        0x7 ./Core/Src/main.o
 *fill*         0x00000000080056ff        0x1 
 .rodata.AHBPrescTable
                0x0000000008005700       0x10 ./Core/Src/system_stm32f4xx.o
                0x0000000008005700                AHBPrescTable
 .rodata.APBPrescTable
                0x0000000008005710        0x8 ./Core/Src/system_stm32f4xx.o
                0x0000000008005710                APBPrescTable
 .rodata.xcpStationId
                0x0000000008005718        0x8 ./Core/Src/xcp.o
                0x0000000008005720                . = ALIGN (0x4)

.rel.dyn        0x0000000008005720        0x0
 .rel.iplt      0x0000000008005720        0x0 c:/st/stm32cubeide_1.10.1/stm32cubeide/plugins/com.st.stm32cube.ide.mcu.externaltools.gnu-tools-for-stm32.10.3-2021.10.win32_1.0.0.202111181127/tools/bin/../lib/gcc/arm-none-eabi/10.3.1/thumb/v7e-m+fp/hard/crtbegin.o

.ARM.extab      0x0000000008005720        0x0
                0x0000000008005720                . = ALIGN (0x4)
 *(.ARM.extab* .gnu.linkonce.armextab.*)
                0x0000000008005720                . = ALIGN (0x4)

.ARM            0x0000000008005720        0x0
                0x0000000008005720                . = ALIGN (0x4)
                0x0000000008005720                __exidx_start = .
 *(.ARM.exidx*)
                0x0000000008005720                __exidx_end = .
                0x0000000008005720                . = ALIGN (0x4)

.preinit_array  0x0000000008005720        0x0
                0x0000000008005720                . = ALIGN (0x4)
                0x0000000008005720                PROVIDE (__preinit_array_start = .)
 *(.preinit_array*)
                0x0000000008005720                PROVIDE (__preinit_array_end = .)
                0x0000000008005720                . = ALIGN (0x4)

.init_array     0x0000000008005720        0x4
                0x0000000008005720                . = ALIGN (0x4)
                0x0000000008005720                PROVIDE (__init_array_start = .)
 *(SORT_BY_NAME(.init_array.*))
 *(.init_array*)
 .init_array    0x0000000008005720        0x4 c:/st/stm32cubeide_1.10.1/stm32cubeide/plugins/com.st.stm32cube.ide.mcu.externaltools.gnu-tools-for-stm32.10.3-2021.10.win32_1.0.0.202111181127/tools/bin/../lib/gcc/arm-none-eabi/10.3.1/thumb/v7e-m+fp/hard/crtbegin.o
                0x0000000008005724                PROVIDE (__init_array_end = .)
                0x0000000008005724                . = ALIGN (0x4)

.fini_array     0x0000000008005724        0x4
                0x0000000008005724                . = ALIGN (0x4)
                [!provide]                        PROVIDE (__fini_array_start = .)
 *(SORT_BY_NAME(.fini_array.*))
 *(.fini_array*)
 .fini_array    0x0000000008005724        0x4 c:/st/stm32cubeide_1.10.1/stm32cubeide/plugins/com.st.stm32cube.ide.mcu.externaltools.gnu-tools-for-stm32.10.3-2021.10.win32_1.0.0.202111181127/tools/bin/../lib/gcc/arm-none-eabi/10.3.1/thumb/v7e-m+fp/hard/crtbegin.o
                [!provide]                        PROVIDE (__fini_array_end = .)
                0x0000000008005728                . = ALIGN (0x4)
                0x0000000008005728                _sidata = LOADADDR (.data)

.data           0x0000000020000000       0x10 load address 0x0000000008005728
                0x0000000020000000                . = ALIGN (0x4)
                0x0000000020000000                _sdata = .
 *(.data)
 *(.data*)
 .data.comActiveInterface
                0x0000000020000000        0x1 ./Core/Src/com.o
 *fill*         0x0000000020000001        0x3 
 .data.SystemCoreClock
                0x0000000020000004        0x4 ./Core/Src/system_stm32f4xx.o
                0x0000000020000004                SystemCoreClock
 .data.uwTickPrio
                0x0000000020000008        0x4 ./Drivers/STM32F4xx_HAL_Driver/Src/stm32f4xx_hal.o
                0x0000000020000008                uwTickPrio
 .data.uwTickFreq
                0x000000002000000c        0x1 ./Drivers/STM32F4xx_HAL_Driver/Src/stm32f4xx_hal.o
                0x000000002000000c                uwTickFreq
 *(.RamFunc)
 *(.RamFunc*)
                0x0000000020000010                . = ALIGN (0x4)
 *fill*         0x000000002000000d        0x3 
                0x0000000020000010                _edata = .
                0x0000000008005738                _siccmram = LOADADDR (.ccmram)

.igot.plt       0x0000000020000010        0x0 load address 0x0000000008005738
 .igot.plt      0x0000000020000010        0x0 c:/st/stm32cubeide_1.10.1/stm32cubeide/plugins/com.st.stm32cube.ide.mcu.externaltools.gnu-tools-for-stm32.10.3-2021.10.win32_1.0.0.202111181127/tools/bin/../lib/gcc/arm-none-eabi/10.3.1/thumb/v7e-m+fp/hard/crtbegin.o

.ccmram         0x0000000010000000        0x0 load address 0x0000000008005738
                0x0000000010000000                . = ALIGN (0x4)
                0x0000000010000000                _sccmram = .
 *(.ccmram)
 *(.ccmram*)
                0x0000000010000000                . = ALIGN (0x4)
                0x0000000010000000                _eccmram = .
                0x0000000010000000                . = ALIGN (0x4)

.bss            0x0000000020000010      0x5c8
                0x0000000020000010                _sbss = .
                0x0000000020000010                __bss_start__ = _sbss
 *(.bss)
 .bss           0x0000000020000010       0x1c c:/st/stm32cubeide_1.10.1/stm32cubeide/plugins/com.st.stm32cube.ide.mcu.externaltools.gnu-tools-for-stm32.10.3-2021.10.win32_1.0.0.202111181127/tools/bin/../lib/gcc/arm-none-eabi/10.3.1/thumb/v7e-m+fp/hard/crtbegin.o
 *(.bss*)
 .bss.backdoorOpen
                0x000000002000002c        0x1 ./Core/Src/backdoor.o
 *fill*         0x000000002000002d        0x3 
 .bss.backdoorOpenTime
                0x0000000020000030        0x4 ./Core/Src/backdoor.o
 .bss.backdoorExtensionTime
                0x0000000020000034        0x4 ./Core/Src/backdoor.o
 .bss.canHandle
                0x0000000020000038       0x28 ./Core/Src/can.o
 .bss.xcpCtoReqPacket.0
                0x0000000020000060       0x81 ./Core/Src/com.o
 *fill*         0x00000000200000e1        0x3 
 .bss.blockInfo
                0x00000000200000e4      0x204 ./Core/Src/flash.o
 .bss.bootBlockInfo
                0x00000000200002e8      0x204 ./Core/Src/flash.o
 .bss.ledBlinkIntervalMs
                0x00000000200004ec        0x2 ./Core/Src/led.o
 *fill*         0x00000000200004ee        0x2 
 .bss.nextBlinkEvent.1
                0x00000000200004f0        0x4 ./Core/Src/led.o
 .bss.ledOn.0   0x00000000200004f4        0x1 ./Core/Src/led.o
 *fill*         0x00000000200004f5        0x3 
 .bss.hcan1     0x00000000200004f8       0x28 ./Core/Src/main.o
                0x00000000200004f8                hcan1
 .bss.millisecond_counter
                0x0000000020000520        0x4 ./Core/Src/timer.o
 .bss.free_running_counter_last
                0x0000000020000524        0x2 ./Core/Src/timer.o
 *fill*         0x0000000020000526        0x2 
 .bss.xcpInfo   0x0000000020000528       0x8c ./Core/Src/xcp.o
 .bss.uwTick    0x00000000200005b4        0x4 ./Drivers/STM32F4xx_HAL_Driver/Src/stm32f4xx_hal.o
                0x00000000200005b4                uwTick
 .bss.pFlash    0x00000000200005b8       0x20 ./Drivers/STM32F4xx_HAL_Driver/Src/stm32f4xx_hal_flash.o
                0x00000000200005b8                pFlash
 *(COMMON)
                0x00000000200005d8                . = ALIGN (0x4)
                0x00000000200005d8                _ebss = .
                0x00000000200005d8                __bss_end__ = _ebss

._user_heap_stack
                0x00000000200005d8      0x600
                0x00000000200005d8                . = ALIGN (0x8)
                [!provide]                        PROVIDE (end = .)
                0x00000000200005d8                PROVIDE (_end = .)
                0x00000000200007d8                . = (. + _Min_Heap_Size)
 *fill*         0x00000000200005d8      0x200 
                0x0000000020000bd8                . = (. + _Min_Stack_Size)
 *fill*         0x00000000200007d8      0x400 
                0x0000000020000bd8                . = ALIGN (0x8)

/DISCARD/
 libc.a(*)
 libm.a(*)
 libgcc.a(*)

.ARM.attributes
                0x0000000000000000       0x30
 *(.ARM.attributes)
 .ARM.attributes
                0x0000000000000000       0x1e c:/st/stm32cubeide_1.10.1/stm32cubeide/plugins/com.st.stm32cube.ide.mcu.externaltools.gnu-tools-for-stm32.10.3-2021.10.win32_1.0.0.202111181127/tools/bin/../lib/gcc/arm-none-eabi/10.3.1/thumb/v7e-m+fp/hard/crti.o
 .ARM.attributes
                0x000000000000001e       0x34 c:/st/stm32cubeide_1.10.1/stm32cubeide/plugins/com.st.stm32cube.ide.mcu.externaltools.gnu-tools-for-stm32.10.3-2021.10.win32_1.0.0.202111181127/tools/bin/../lib/gcc/arm-none-eabi/10.3.1/thumb/v7e-m+fp/hard/crtbegin.o
 .ARM.attributes
                0x0000000000000052       0x34 ./Core/Src/asserts.o
 .ARM.attributes
                0x0000000000000086       0x34 ./Core/Src/backdoor.o
 .ARM.attributes
                0x00000000000000ba       0x34 ./Core/Src/boot.o
 .ARM.attributes
                0x00000000000000ee       0x34 ./Core/Src/can.o
 .ARM.attributes
                0x0000000000000122       0x34 ./Core/Src/com.o
 .ARM.attributes
                0x0000000000000156       0x34 ./Core/Src/cop.o
 .ARM.attributes
                0x000000000000018a       0x34 ./Core/Src/cpu.o
 .ARM.attributes
                0x00000000000001be       0x34 ./Core/Src/cpu_comp.o
 .ARM.attributes
                0x00000000000001f2       0x34 ./Core/Src/flash.o
 .ARM.attributes
                0x0000000000000226       0x34 ./Core/Src/hooks.o
 .ARM.attributes
                0x000000000000025a       0x34 ./Core/Src/led.o
 .ARM.attributes
                0x000000000000028e       0x34 ./Core/Src/main.o
 .ARM.attributes
                0x00000000000002c2       0x34 ./Core/Src/nvm.o
 .ARM.attributes
                0x00000000000002f6       0x34 ./Core/Src/stm32f4xx_hal_msp.o
 .ARM.attributes
                0x000000000000032a       0x34 ./Core/Src/stm32f4xx_it.o
 .ARM.attributes
                0x000000000000035e       0x34 ./Core/Src/system_stm32f4xx.o
 .ARM.attributes
                0x0000000000000392       0x34 ./Core/Src/timer.o
 .ARM.attributes
                0x00000000000003c6       0x34 ./Core/Src/xcp.o
 .ARM.attributes
                0x00000000000003fa       0x21 ./Core/Startup/startup_stm32f405rgtx.o
 .ARM.attributes
                0x000000000000041b       0x34 ./Drivers/STM32F4xx_HAL_Driver/Src/stm32f4xx_hal.o
 .ARM.attributes
                0x000000000000044f       0x34 ./Drivers/STM32F4xx_HAL_Driver/Src/stm32f4xx_hal_can.o
 .ARM.attributes
                0x0000000000000483       0x34 ./Drivers/STM32F4xx_HAL_Driver/Src/stm32f4xx_hal_cortex.o
 .ARM.attributes
                0x00000000000004b7       0x34 ./Drivers/STM32F4xx_HAL_Driver/Src/stm32f4xx_hal_flash.o
 .ARM.attributes
                0x00000000000004eb       0x34 ./Drivers/STM32F4xx_HAL_Driver/Src/stm32f4xx_hal_flash_ex.o
 .ARM.attributes
                0x000000000000051f       0x34 ./Drivers/STM32F4xx_HAL_Driver/Src/stm32f4xx_hal_gpio.o
 .ARM.attributes
                0x0000000000000553       0x34 ./Drivers/STM32F4xx_HAL_Driver/Src/stm32f4xx_ll_adc.o
 .ARM.attributes
                0x0000000000000587       0x34 ./Drivers/STM32F4xx_HAL_Driver/Src/stm32f4xx_ll_exti.o
 .ARM.attributes
                0x00000000000005bb       0x34 ./Drivers/STM32F4xx_HAL_Driver/Src/stm32f4xx_ll_gpio.o
 .ARM.attributes
                0x00000000000005ef       0x34 ./Drivers/STM32F4xx_HAL_Driver/Src/stm32f4xx_ll_rcc.o
 .ARM.attributes
                0x0000000000000623       0x34 ./Drivers/STM32F4xx_HAL_Driver/Src/stm32f4xx_ll_tim.o
 .ARM.attributes
                0x0000000000000657       0x34 ./Drivers/STM32F4xx_HAL_Driver/Src/stm32f4xx_ll_utils.o
 .ARM.attributes
                0x000000000000068b       0x34 c:/st/stm32cubeide_1.10.1/stm32cubeide/plugins/com.st.stm32cube.ide.mcu.externaltools.gnu-tools-for-stm32.10.3-2021.10.win32_1.0.0.202111181127/tools/bin/../lib/gcc/arm-none-eabi/10.3.1/../../../../arm-none-eabi/lib/thumb/v7e-m+fp/hard\libc_nano.a(lib_a-init.o)
 .ARM.attributes
                0x00000000000006bf       0x34 c:/st/stm32cubeide_1.10.1/stm32cubeide/plugins/com.st.stm32cube.ide.mcu.externaltools.gnu-tools-for-stm32.10.3-2021.10.win32_1.0.0.202111181127/tools/bin/../lib/gcc/arm-none-eabi/10.3.1/../../../../arm-none-eabi/lib/thumb/v7e-m+fp/hard\libc_nano.a(lib_a-memset.o)
 .ARM.attributes
                0x00000000000006f3       0x1e c:/st/stm32cubeide_1.10.1/stm32cubeide/plugins/com.st.stm32cube.ide.mcu.externaltools.gnu-tools-for-stm32.10.3-2021.10.win32_1.0.0.202111181127/tools/bin/../lib/gcc/arm-none-eabi/10.3.1/thumb/v7e-m+fp/hard/crtn.o
OUTPUT(BCNeMotorSport_bootloader.elf elf32-littlearm)
LOAD linker stubs
LOAD c:/st/stm32cubeide_1.10.1/stm32cubeide/plugins/com.st.stm32cube.ide.mcu.externaltools.gnu-tools-for-stm32.10.3-2021.10.win32_1.0.0.202111181127/tools/bin/../lib/gcc/arm-none-eabi/10.3.1/../../../../arm-none-eabi/lib/thumb/v7e-m+fp/hard\libc.a
LOAD c:/st/stm32cubeide_1.10.1/stm32cubeide/plugins/com.st.stm32cube.ide.mcu.externaltools.gnu-tools-for-stm32.10.3-2021.10.win32_1.0.0.202111181127/tools/bin/../lib/gcc/arm-none-eabi/10.3.1/../../../../arm-none-eabi/lib/thumb/v7e-m+fp/hard\libm.a
LOAD c:/st/stm32cubeide_1.10.1/stm32cubeide/plugins/com.st.stm32cube.ide.mcu.externaltools.gnu-tools-for-stm32.10.3-2021.10.win32_1.0.0.202111181127/tools/bin/../lib/gcc/arm-none-eabi/10.3.1/thumb/v7e-m+fp/hard\libgcc.a

.debug_info     0x0000000000000000     0xda32
 .debug_info    0x0000000000000000       0xbd ./Core/Src/asserts.o
 .debug_info    0x00000000000000bd      0x142 ./Core/Src/backdoor.o
 .debug_info    0x00000000000001ff       0xd6 ./Core/Src/boot.o
 .debug_info    0x00000000000002d5      0xa44 ./Core/Src/can.o
 .debug_info    0x0000000000000d19      0x288 ./Core/Src/com.o
 .debug_info    0x0000000000000fa1       0x96 ./Core/Src/cop.o
 .debug_info    0x0000000000001037      0x429 ./Core/Src/cpu.o
 .debug_info    0x0000000000001460       0x86 ./Core/Src/cpu_comp.o
 .debug_info    0x00000000000014e6      0x71e ./Core/Src/flash.o
 .debug_info    0x0000000000001c04       0xc8 ./Core/Src/hooks.o
 .debug_info    0x0000000000001ccc      0x30b ./Core/Src/led.o
 .debug_info    0x0000000000001fd7     0x2108 ./Core/Src/main.o
 .debug_info    0x00000000000040df      0x1e0 ./Core/Src/nvm.o
 .debug_info    0x00000000000042bf      0xb81 ./Core/Src/stm32f4xx_hal_msp.o
 .debug_info    0x0000000000004e40      0x76c ./Core/Src/stm32f4xx_it.o
 .debug_info    0x00000000000055ac      0x523 ./Core/Src/system_stm32f4xx.o
 .debug_info    0x0000000000005acf      0x7c8 ./Core/Src/timer.o
 .debug_info    0x0000000000006297      0x6df ./Core/Src/xcp.o
 .debug_info    0x0000000000006976       0x22 ./Core/Startup/startup_stm32f405rgtx.o
 .debug_info    0x0000000000006998      0x96a ./Drivers/STM32F4xx_HAL_Driver/Src/stm32f4xx_hal.o
 .debug_info    0x0000000000007302      0xfc0 ./Drivers/STM32F4xx_HAL_Driver/Src/stm32f4xx_hal_can.o
 .debug_info    0x00000000000082c2      0xe09 ./Drivers/STM32F4xx_HAL_Driver/Src/stm32f4xx_hal_cortex.o
 .debug_info    0x00000000000090cb      0x5d2 ./Drivers/STM32F4xx_HAL_Driver/Src/stm32f4xx_hal_flash.o
 .debug_info    0x000000000000969d      0x6cc ./Drivers/STM32F4xx_HAL_Driver/Src/stm32f4xx_hal_flash_ex.o
 .debug_info    0x0000000000009d69      0x76a ./Drivers/STM32F4xx_HAL_Driver/Src/stm32f4xx_hal_gpio.o
 .debug_info    0x000000000000a4d3      0x8f7 ./Drivers/STM32F4xx_HAL_Driver/Src/stm32f4xx_ll_adc.o
 .debug_info    0x000000000000adca      0x366 ./Drivers/STM32F4xx_HAL_Driver/Src/stm32f4xx_ll_exti.o
 .debug_info    0x000000000000b130      0x848 ./Drivers/STM32F4xx_HAL_Driver/Src/stm32f4xx_ll_gpio.o
 .debug_info    0x000000000000b978      0x7e2 ./Drivers/STM32F4xx_HAL_Driver/Src/stm32f4xx_ll_rcc.o
 .debug_info    0x000000000000c15a      0xf8e ./Drivers/STM32F4xx_HAL_Driver/Src/stm32f4xx_ll_tim.o
 .debug_info    0x000000000000d0e8      0x94a ./Drivers/STM32F4xx_HAL_Driver/Src/stm32f4xx_ll_utils.o

.debug_abbrev   0x0000000000000000     0x32d7
 .debug_abbrev  0x0000000000000000       0x85 ./Core/Src/asserts.o
 .debug_abbrev  0x0000000000000085       0xd8 ./Core/Src/backdoor.o
 .debug_abbrev  0x000000000000015d       0x5a ./Core/Src/boot.o
 .debug_abbrev  0x00000000000001b7      0x251 ./Core/Src/can.o
 .debug_abbrev  0x0000000000000408      0x1d6 ./Core/Src/com.o
 .debug_abbrev  0x00000000000005de       0x5a ./Core/Src/cop.o
 .debug_abbrev  0x0000000000000638      0x16a ./Core/Src/cpu.o
 .debug_abbrev  0x00000000000007a2       0x47 ./Core/Src/cpu_comp.o
 .debug_abbrev  0x00000000000007e9      0x253 ./Core/Src/flash.o
 .debug_abbrev  0x0000000000000a3c       0x85 ./Core/Src/hooks.o
 .debug_abbrev  0x0000000000000ac1      0x164 ./Core/Src/led.o
 .debug_abbrev  0x0000000000000c25      0x3af ./Core/Src/main.o
 .debug_abbrev  0x0000000000000fd4      0x101 ./Core/Src/nvm.o
 .debug_abbrev  0x00000000000010d5      0x1da ./Core/Src/stm32f4xx_hal_msp.o
 .debug_abbrev  0x00000000000012af      0x23d ./Core/Src/stm32f4xx_it.o
 .debug_abbrev  0x00000000000014ec      0x116 ./Core/Src/system_stm32f4xx.o
 .debug_abbrev  0x0000000000001602      0x19c ./Core/Src/timer.o
 .debug_abbrev  0x000000000000179e      0x237 ./Core/Src/xcp.o
 .debug_abbrev  0x00000000000019d5       0x12 ./Core/Startup/startup_stm32f405rgtx.o
 .debug_abbrev  0x00000000000019e7      0x20d ./Drivers/STM32F4xx_HAL_Driver/Src/stm32f4xx_hal.o
 .debug_abbrev  0x0000000000001bf4      0x21d ./Drivers/STM32F4xx_HAL_Driver/Src/stm32f4xx_hal_can.o
 .debug_abbrev  0x0000000000001e11      0x316 ./Drivers/STM32F4xx_HAL_Driver/Src/stm32f4xx_hal_cortex.o
 .debug_abbrev  0x0000000000002127      0x281 ./Drivers/STM32F4xx_HAL_Driver/Src/stm32f4xx_hal_flash.o
 .debug_abbrev  0x00000000000023a8      0x240 ./Drivers/STM32F4xx_HAL_Driver/Src/stm32f4xx_hal_flash_ex.o
 .debug_abbrev  0x00000000000025e8      0x1c4 ./Drivers/STM32F4xx_HAL_Driver/Src/stm32f4xx_hal_gpio.o
 .debug_abbrev  0x00000000000027ac      0x195 ./Drivers/STM32F4xx_HAL_Driver/Src/stm32f4xx_ll_adc.o
 .debug_abbrev  0x0000000000002941      0x183 ./Drivers/STM32F4xx_HAL_Driver/Src/stm32f4xx_ll_exti.o
 .debug_abbrev  0x0000000000002ac4      0x20e ./Drivers/STM32F4xx_HAL_Driver/Src/stm32f4xx_ll_gpio.o
 .debug_abbrev  0x0000000000002cd2      0x1e7 ./Drivers/STM32F4xx_HAL_Driver/Src/stm32f4xx_ll_rcc.o
 .debug_abbrev  0x0000000000002eb9      0x205 ./Drivers/STM32F4xx_HAL_Driver/Src/stm32f4xx_ll_tim.o
 .debug_abbrev  0x00000000000030be      0x219 ./Drivers/STM32F4xx_HAL_Driver/Src/stm32f4xx_ll_utils.o

.debug_aranges  0x0000000000000000     0x1070
 .debug_aranges
                0x0000000000000000       0x20 ./Core/Src/asserts.o
 .debug_aranges
                0x0000000000000020       0x40 ./Core/Src/backdoor.o
 .debug_aranges
                0x0000000000000060       0x28 ./Core/Src/boot.o
 .debug_aranges
                0x0000000000000088       0x38 ./Core/Src/can.o
 .debug_aranges
                0x00000000000000c0       0x58 ./Core/Src/com.o
 .debug_aranges
                0x0000000000000118       0x28 ./Core/Src/cop.o
 .debug_aranges
                0x0000000000000140       0x38 ./Core/Src/cpu.o
 .debug_aranges
                0x0000000000000178       0x28 ./Core/Src/cpu_comp.o
 .debug_aranges
                0x00000000000001a0       0x88 ./Core/Src/flash.o
 .debug_aranges
                0x0000000000000228       0x28 ./Core/Src/hooks.o
 .debug_aranges
                0x0000000000000250       0x30 ./Core/Src/led.o
 .debug_aranges
                0x0000000000000280      0x198 ./Core/Src/main.o
 .debug_aranges
                0x0000000000000418       0x48 ./Core/Src/nvm.o
 .debug_aranges
                0x0000000000000460       0x30 ./Core/Src/stm32f4xx_hal_msp.o
 .debug_aranges
                0x0000000000000490       0xb8 ./Core/Src/stm32f4xx_it.o
 .debug_aranges
                0x0000000000000548       0x28 ./Core/Src/system_stm32f4xx.o
 .debug_aranges
                0x0000000000000570       0x68 ./Core/Src/timer.o
 .debug_aranges
                0x00000000000005d8       0xe0 ./Core/Src/xcp.o
 .debug_aranges
                0x00000000000006b8       0x28 ./Core/Startup/startup_stm32f405rgtx.o
 .debug_aranges
                0x00000000000006e0       0xf0 ./Drivers/STM32F4xx_HAL_Driver/Src/stm32f4xx_hal.o
 .debug_aranges
                0x00000000000007d0      0x138 ./Drivers/STM32F4xx_HAL_Driver/Src/stm32f4xx_hal_can.o
 .debug_aranges
                0x0000000000000908      0x118 ./Drivers/STM32F4xx_HAL_Driver/Src/stm32f4xx_hal_cortex.o
 .debug_aranges
                0x0000000000000a20       0xa0 ./Drivers/STM32F4xx_HAL_Driver/Src/stm32f4xx_hal_flash.o
 .debug_aranges
                0x0000000000000ac0       0x98 ./Drivers/STM32F4xx_HAL_Driver/Src/stm32f4xx_hal_flash_ex.o
 .debug_aranges
                0x0000000000000b58       0x58 ./Drivers/STM32F4xx_HAL_Driver/Src/stm32f4xx_hal_gpio.o
 .debug_aranges
                0x0000000000000bb0       0xa8 ./Drivers/STM32F4xx_HAL_Driver/Src/stm32f4xx_ll_adc.o
 .debug_aranges
                0x0000000000000c58       0x70 ./Drivers/STM32F4xx_HAL_Driver/Src/stm32f4xx_ll_exti.o
 .debug_aranges
                0x0000000000000cc8       0x70 ./Drivers/STM32F4xx_HAL_Driver/Src/stm32f4xx_ll_gpio.o
 .debug_aranges
                0x0000000000000d38      0x118 ./Drivers/STM32F4xx_HAL_Driver/Src/stm32f4xx_ll_rcc.o
 .debug_aranges
                0x0000000000000e50      0x128 ./Drivers/STM32F4xx_HAL_Driver/Src/stm32f4xx_ll_tim.o
 .debug_aranges
                0x0000000000000f78       0xf8 ./Drivers/STM32F4xx_HAL_Driver/Src/stm32f4xx_ll_utils.o

.debug_ranges   0x0000000000000000      0xe88
 .debug_ranges  0x0000000000000000       0x10 ./Core/Src/asserts.o
 .debug_ranges  0x0000000000000010       0x30 ./Core/Src/backdoor.o
 .debug_ranges  0x0000000000000040       0x18 ./Core/Src/boot.o
 .debug_ranges  0x0000000000000058       0x28 ./Core/Src/can.o
 .debug_ranges  0x0000000000000080       0x48 ./Core/Src/com.o
 .debug_ranges  0x00000000000000c8       0x18 ./Core/Src/cop.o
 .debug_ranges  0x00000000000000e0       0x28 ./Core/Src/cpu.o
 .debug_ranges  0x0000000000000108       0x18 ./Core/Src/cpu_comp.o
 .debug_ranges  0x0000000000000120       0x78 ./Core/Src/flash.o
 .debug_ranges  0x0000000000000198       0x18 ./Core/Src/hooks.o
 .debug_ranges  0x00000000000001b0       0x20 ./Core/Src/led.o
 .debug_ranges  0x00000000000001d0      0x188 ./Core/Src/main.o
 .debug_ranges  0x0000000000000358       0x38 ./Core/Src/nvm.o
 .debug_ranges  0x0000000000000390       0x20 ./Core/Src/stm32f4xx_hal_msp.o
 .debug_ranges  0x00000000000003b0       0xa8 ./Core/Src/stm32f4xx_it.o
 .debug_ranges  0x0000000000000458       0x18 ./Core/Src/system_stm32f4xx.o
 .debug_ranges  0x0000000000000470       0x58 ./Core/Src/timer.o
 .debug_ranges  0x00000000000004c8       0xd0 ./Core/Src/xcp.o
 .debug_ranges  0x0000000000000598       0x20 ./Core/Startup/startup_stm32f405rgtx.o
 .debug_ranges  0x00000000000005b8       0xe0 ./Drivers/STM32F4xx_HAL_Driver/Src/stm32f4xx_hal.o
 .debug_ranges  0x0000000000000698      0x128 ./Drivers/STM32F4xx_HAL_Driver/Src/stm32f4xx_hal_can.o
 .debug_ranges  0x00000000000007c0      0x108 ./Drivers/STM32F4xx_HAL_Driver/Src/stm32f4xx_hal_cortex.o
 .debug_ranges  0x00000000000008c8       0x90 ./Drivers/STM32F4xx_HAL_Driver/Src/stm32f4xx_hal_flash.o
 .debug_ranges  0x0000000000000958       0x88 ./Drivers/STM32F4xx_HAL_Driver/Src/stm32f4xx_hal_flash_ex.o
 .debug_ranges  0x00000000000009e0       0x48 ./Drivers/STM32F4xx_HAL_Driver/Src/stm32f4xx_hal_gpio.o
 .debug_ranges  0x0000000000000a28       0x98 ./Drivers/STM32F4xx_HAL_Driver/Src/stm32f4xx_ll_adc.o
 .debug_ranges  0x0000000000000ac0       0x60 ./Drivers/STM32F4xx_HAL_Driver/Src/stm32f4xx_ll_exti.o
 .debug_ranges  0x0000000000000b20       0x60 ./Drivers/STM32F4xx_HAL_Driver/Src/stm32f4xx_ll_gpio.o
 .debug_ranges  0x0000000000000b80      0x108 ./Drivers/STM32F4xx_HAL_Driver/Src/stm32f4xx_ll_rcc.o
 .debug_ranges  0x0000000000000c88      0x118 ./Drivers/STM32F4xx_HAL_Driver/Src/stm32f4xx_ll_tim.o
 .debug_ranges  0x0000000000000da0       0xe8 ./Drivers/STM32F4xx_HAL_Driver/Src/stm32f4xx_ll_utils.o

.debug_macro    0x0000000000000000    0x23cb4
 .debug_macro   0x0000000000000000       0x91 ./Core/Src/asserts.o
 .debug_macro   0x0000000000000091      0xa7e ./Core/Src/asserts.o
 .debug_macro   0x0000000000000b0f       0x1c ./Core/Src/asserts.o
 .debug_macro   0x0000000000000b2b       0x1c ./Core/Src/asserts.o
 .debug_macro   0x0000000000000b47       0x22 ./Core/Src/asserts.o
 .debug_macro   0x0000000000000b69      0x125 ./Core/Src/asserts.o
 .debug_macro   0x0000000000000c8e       0x55 ./Core/Src/asserts.o
 .debug_macro   0x0000000000000ce3       0x1c ./Core/Src/asserts.o
 .debug_macro   0x0000000000000cff      0x1aa ./Core/Src/asserts.o
 .debug_macro   0x0000000000000ea9       0x40 ./Core/Src/asserts.o
 .debug_macro   0x0000000000000ee9       0x97 ./Core/Src/backdoor.o
 .debug_macro   0x0000000000000f80       0x91 ./Core/Src/boot.o
 .debug_macro   0x0000000000001011      0x24f ./Core/Src/can.o
 .debug_macro   0x0000000000001260       0x2e ./Core/Src/can.o
 .debug_macro   0x000000000000128e       0x2f ./Core/Src/can.o
 .debug_macro   0x00000000000012bd       0x22 ./Core/Src/can.o
 .debug_macro   0x00000000000012df       0x8e ./Core/Src/can.o
 .debug_macro   0x000000000000136d       0x51 ./Core/Src/can.o
 .debug_macro   0x00000000000013be      0x103 ./Core/Src/can.o
 .debug_macro   0x00000000000014c1       0x6a ./Core/Src/can.o
 .debug_macro   0x000000000000152b      0x1df ./Core/Src/can.o
 .debug_macro   0x000000000000170a       0x1c ./Core/Src/can.o
 .debug_macro   0x0000000000001726       0x22 ./Core/Src/can.o
 .debug_macro   0x0000000000001748       0xd9 ./Core/Src/can.o
 .debug_macro   0x0000000000001821     0x102d ./Core/Src/can.o
 .debug_macro   0x000000000000284e      0x11f ./Core/Src/can.o
 .debug_macro   0x000000000000296d    0x1426d ./Core/Src/can.o
 .debug_macro   0x0000000000016bda       0x6d ./Core/Src/can.o
 .debug_macro   0x0000000000016c47      0x295 ./Core/Src/can.o
 .debug_macro   0x0000000000016edc     0x367e ./Core/Src/can.o
 .debug_macro   0x000000000001a55a      0x174 ./Core/Src/can.o
 .debug_macro   0x000000000001a6ce       0x5c ./Core/Src/can.o
 .debug_macro   0x000000000001a72a      0x8a7 ./Core/Src/can.o
 .debug_macro   0x000000000001afd1      0x9fe ./Core/Src/can.o
 .debug_macro   0x000000000001b9cf      0x115 ./Core/Src/can.o
 .debug_macro   0x000000000001bae4      0x130 ./Core/Src/can.o
 .debug_macro   0x000000000001bc14       0xa5 ./Core/Src/can.o
 .debug_macro   0x000000000001bcb9      0x174 ./Core/Src/can.o
 .debug_macro   0x000000000001be2d      0x287 ./Core/Src/can.o
 .debug_macro   0x000000000001c0b4       0x5f ./Core/Src/can.o
 .debug_macro   0x000000000001c113      0x236 ./Core/Src/can.o
 .debug_macro   0x000000000001c349      0x40f ./Core/Src/can.o
 .debug_macro   0x000000000001c758      0x12c ./Core/Src/can.o
 .debug_macro   0x000000000001c884      0x21e ./Core/Src/can.o
 .debug_macro   0x000000000001caa2       0x2e ./Core/Src/can.o
 .debug_macro   0x000000000001cad0      0x11a ./Core/Src/can.o
 .debug_macro   0x000000000001cbea       0x7e ./Core/Src/can.o
 .debug_macro   0x000000000001cc68       0x89 ./Core/Src/can.o
 .debug_macro   0x000000000001ccf1      0x12d ./Core/Src/can.o
 .debug_macro   0x000000000001ce1e      0x781 ./Core/Src/can.o
 .debug_macro   0x000000000001d59f       0x9b ./Core/Src/com.o
 .debug_macro   0x000000000001d63a       0x91 ./Core/Src/cop.o
 .debug_macro   0x000000000001d6cb      0x246 ./Core/Src/cpu.o
 .debug_macro   0x000000000001d911       0x91 ./Core/Src/cpu_comp.o
 .debug_macro   0x000000000001d9a2      0x25e ./Core/Src/flash.o
 .debug_macro   0x000000000001dc00      0x244 ./Core/Src/hooks.o
 .debug_macro   0x000000000001de44      0x2b6 ./Core/Src/led.o
 .debug_macro   0x000000000001e0fa      0xb5b ./Core/Src/led.o
 .debug_macro   0x000000000001ec55      0x1e6 ./Core/Src/led.o
 .debug_macro   0x000000000001ee3b      0x1b6 ./Core/Src/led.o
 .debug_macro   0x000000000001eff1      0x20a ./Core/Src/led.o
 .debug_macro   0x000000000001f1fb       0xe8 ./Core/Src/led.o
 .debug_macro   0x000000000001f2e3      0x1a6 ./Core/Src/led.o
 .debug_macro   0x000000000001f489       0x61 ./Core/Src/led.o
 .debug_macro   0x000000000001f4ea       0xaa ./Core/Src/led.o
 .debug_macro   0x000000000001f594      0x5f3 ./Core/Src/led.o
 .debug_macro   0x000000000001fb87      0x149 ./Core/Src/led.o
 .debug_macro   0x000000000001fcd0       0x88 ./Core/Src/led.o
 .debug_macro   0x000000000001fd58      0x2ac ./Core/Src/main.o
 .debug_macro   0x0000000000020004       0x9b ./Core/Src/nvm.o
 .debug_macro   0x000000000002009f      0x22c ./Core/Src/stm32f4xx_hal_msp.o
 .debug_macro   0x00000000000202cb      0x236 ./Core/Src/stm32f4xx_it.o
 .debug_macro   0x0000000000020501      0x1ba ./Core/Src/system_stm32f4xx.o
 .debug_macro   0x00000000000206bb      0x258 ./Core/Src/timer.o
 .debug_macro   0x0000000000020913       0x91 ./Core/Src/xcp.o
 .debug_macro   0x00000000000209a4      0x21a ./Drivers/STM32F4xx_HAL_Driver/Src/stm32f4xx_hal.o
 .debug_macro   0x0000000000020bbe      0x1c2 ./Drivers/STM32F4xx_HAL_Driver/Src/stm32f4xx_hal_can.o
 .debug_macro   0x0000000000020d80      0x1ba ./Drivers/STM32F4xx_HAL_Driver/Src/stm32f4xx_hal_cortex.o
 .debug_macro   0x0000000000020f3a      0x1c0 ./Drivers/STM32F4xx_HAL_Driver/Src/stm32f4xx_hal_flash.o
 .debug_macro   0x00000000000210fa      0x1c0 ./Drivers/STM32F4xx_HAL_Driver/Src/stm32f4xx_hal_flash_ex.o
 .debug_macro   0x00000000000212ba      0x1c0 ./Drivers/STM32F4xx_HAL_Driver/Src/stm32f4xx_hal_gpio.o
 .debug_macro   0x000000000002147a      0x25a ./Drivers/STM32F4xx_HAL_Driver/Src/stm32f4xx_ll_adc.o
 .debug_macro   0x00000000000216d4      0xb55 ./Drivers/STM32F4xx_HAL_Driver/Src/stm32f4xx_ll_adc.o
 .debug_macro   0x0000000000022229      0x1e1 ./Drivers/STM32F4xx_HAL_Driver/Src/stm32f4xx_ll_exti.o
 .debug_macro   0x000000000002240a       0xe2 ./Drivers/STM32F4xx_HAL_Driver/Src/stm32f4xx_ll_exti.o
 .debug_macro   0x00000000000224ec      0x1fc ./Drivers/STM32F4xx_HAL_Driver/Src/stm32f4xx_ll_gpio.o
 .debug_macro   0x00000000000226e8      0x143 ./Drivers/STM32F4xx_HAL_Driver/Src/stm32f4xx_ll_gpio.o
 .debug_macro   0x000000000002282b      0x1e7 ./Drivers/STM32F4xx_HAL_Driver/Src/stm32f4xx_ll_rcc.o
 .debug_macro   0x0000000000022a12      0x77b ./Drivers/STM32F4xx_HAL_Driver/Src/stm32f4xx_ll_rcc.o
 .debug_macro   0x000000000002318d      0x245 ./Drivers/STM32F4xx_HAL_Driver/Src/stm32f4xx_ll_tim.o
 .debug_macro   0x00000000000233d2      0x5ed ./Drivers/STM32F4xx_HAL_Driver/Src/stm32f4xx_ll_tim.o
 .debug_macro   0x00000000000239bf      0x29a ./Drivers/STM32F4xx_HAL_Driver/Src/stm32f4xx_ll_utils.o
 .debug_macro   0x0000000000023c59       0x5b ./Drivers/STM32F4xx_HAL_Driver/Src/stm32f4xx_ll_utils.o

.debug_line     0x0000000000000000     0xefd3
 .debug_line    0x0000000000000000       0xec ./Core/Src/asserts.o
 .debug_line    0x00000000000000ec      0x17f ./Core/Src/backdoor.o
 .debug_line    0x000000000000026b      0x108 ./Core/Src/boot.o
 .debug_line    0x0000000000000373      0x8f1 ./Core/Src/can.o
 .debug_line    0x0000000000000c64      0x210 ./Core/Src/com.o
 .debug_line    0x0000000000000e74       0xfe ./Core/Src/cop.o
 .debug_line    0x0000000000000f72      0x79f ./Core/Src/cpu.o
 .debug_line    0x0000000000001711      0x103 ./Core/Src/cpu_comp.o
 .debug_line    0x0000000000001814      0xb89 ./Core/Src/flash.o
 .debug_line    0x000000000000239d      0x726 ./Core/Src/hooks.o
 .debug_line    0x0000000000002ac3      0x861 ./Core/Src/led.o
 .debug_line    0x0000000000003324     0x1042 ./Core/Src/main.o
 .debug_line    0x0000000000004366      0x17b ./Core/Src/nvm.o
 .debug_line    0x00000000000044e1      0x7e0 ./Core/Src/stm32f4xx_hal_msp.o
 .debug_line    0x0000000000004cc1      0x972 ./Core/Src/stm32f4xx_it.o
 .debug_line    0x0000000000005633      0x70b ./Core/Src/system_stm32f4xx.o
 .debug_line    0x0000000000005d3e      0x8dc ./Core/Src/timer.o
 .debug_line    0x000000000000661a      0x59f ./Core/Src/xcp.o
 .debug_line    0x0000000000006bb9       0x88 ./Core/Startup/startup_stm32f405rgtx.o
 .debug_line    0x0000000000006c41      0x971 ./Drivers/STM32F4xx_HAL_Driver/Src/stm32f4xx_hal.o
 .debug_line    0x00000000000075b2     0x10dd ./Drivers/STM32F4xx_HAL_Driver/Src/stm32f4xx_hal_can.o
 .debug_line    0x000000000000868f      0xc20 ./Drivers/STM32F4xx_HAL_Driver/Src/stm32f4xx_hal_cortex.o
 .debug_line    0x00000000000092af      0x9f9 ./Drivers/STM32F4xx_HAL_Driver/Src/stm32f4xx_hal_flash.o
 .debug_line    0x0000000000009ca8      0xa1f ./Drivers/STM32F4xx_HAL_Driver/Src/stm32f4xx_hal_flash_ex.o
 .debug_line    0x000000000000a6c7      0xae5 ./Drivers/STM32F4xx_HAL_Driver/Src/stm32f4xx_hal_gpio.o
 .debug_line    0x000000000000b1ac      0x929 ./Drivers/STM32F4xx_HAL_Driver/Src/stm32f4xx_ll_adc.o
 .debug_line    0x000000000000bad5      0x7ff ./Drivers/STM32F4xx_HAL_Driver/Src/stm32f4xx_ll_exti.o
 .debug_line    0x000000000000c2d4      0x95a ./Drivers/STM32F4xx_HAL_Driver/Src/stm32f4xx_ll_gpio.o
 .debug_line    0x000000000000cc2e      0xb22 ./Drivers/STM32F4xx_HAL_Driver/Src/stm32f4xx_ll_rcc.o
 .debug_line    0x000000000000d750      0xcd9 ./Drivers/STM32F4xx_HAL_Driver/Src/stm32f4xx_ll_tim.o
 .debug_line    0x000000000000e429      0xbaa ./Drivers/STM32F4xx_HAL_Driver/Src/stm32f4xx_ll_utils.o

.debug_str      0x0000000000000000    0xcfc6f
 .debug_str     0x0000000000000000     0x3d0c ./Core/Src/asserts.o
                                       0x3d75 (size before relaxing)
 .debug_str     0x0000000000003d0c      0x10c ./Core/Src/backdoor.o
                                       0x3e3f (size before relaxing)
 .debug_str     0x0000000000003e18       0x63 ./Core/Src/boot.o
                                       0x3db1 (size before relaxing)
 .debug_str     0x0000000000003e7b    0xb31e4 ./Core/Src/can.o
                                      0xb744b (size before relaxing)
 .debug_str     0x00000000000b705f      0x13e ./Core/Src/com.o
                                       0x3ef6 (size before relaxing)
 .debug_str     0x00000000000b719d       0x2d ./Core/Src/cop.o
                                       0x3d68 (size before relaxing)
 .debug_str     0x00000000000b71ca      0x19e ./Core/Src/cpu.o
                                      0xb3003 (size before relaxing)
 .debug_str     0x00000000000b7368       0x17 ./Core/Src/cpu_comp.o
                                       0x3d5a (size before relaxing)
 .debug_str     0x00000000000b737f      0x3df ./Core/Src/flash.o
                                      0xb3244 (size before relaxing)
 .debug_str     0x00000000000b775e       0x35 ./Core/Src/hooks.o
                                      0xb2dea (size before relaxing)
 .debug_str     0x00000000000b7793    0x10294 ./Core/Src/led.o
                                      0xc70c0 (size before relaxing)
 .debug_str     0x00000000000c7a27      0xe57 ./Core/Src/main.o
                                      0xc8353 (size before relaxing)
 .debug_str     0x00000000000c887e       0x2c ./Core/Src/nvm.o
                                       0x3e2f (size before relaxing)
 .debug_str     0x00000000000c88aa       0xad ./Core/Src/stm32f4xx_hal_msp.o
                                      0xc6921 (size before relaxing)
 .debug_str     0x00000000000c8957      0x1dd ./Core/Src/stm32f4xx_it.o
                                      0xc6443 (size before relaxing)
 .debug_str     0x00000000000c8b34       0x77 ./Core/Src/system_stm32f4xx.o
                                      0xb1faa (size before relaxing)
 .debug_str     0x00000000000c8bab      0x17c ./Core/Src/timer.o
                                      0xb7cd2 (size before relaxing)
 .debug_str     0x00000000000c8d27      0x23d ./Core/Src/xcp.o
                                       0x4092 (size before relaxing)
 .debug_str     0x00000000000c8f64       0x36 ./Core/Startup/startup_stm32f405rgtx.o
                                         0x84 (size before relaxing)
 .debug_str     0x00000000000c8f9a      0x5b8 ./Drivers/STM32F4xx_HAL_Driver/Src/stm32f4xx_hal.o
                                      0xb2b0d (size before relaxing)
 .debug_str     0x00000000000c9552      0x3ed ./Drivers/STM32F4xx_HAL_Driver/Src/stm32f4xx_hal_can.o
                                      0xb2696 (size before relaxing)
 .debug_str     0x00000000000c993f      0x29c ./Drivers/STM32F4xx_HAL_Driver/Src/stm32f4xx_hal_cortex.o
                                      0xb2840 (size before relaxing)
 .debug_str     0x00000000000c9bdb      0x2bc ./Drivers/STM32F4xx_HAL_Driver/Src/stm32f4xx_hal_flash.o
                                      0xb219a (size before relaxing)
 .debug_str     0x00000000000c9e97      0x1d7 ./Drivers/STM32F4xx_HAL_Driver/Src/stm32f4xx_hal_flash_ex.o
                                      0xb21ea (size before relaxing)
 .debug_str     0x00000000000ca06e       0xdb ./Drivers/STM32F4xx_HAL_Driver/Src/stm32f4xx_hal_gpio.o
                                      0xb2125 (size before relaxing)
 .debug_str     0x00000000000ca149     0x24b3 ./Drivers/STM32F4xx_HAL_Driver/Src/stm32f4xx_ll_adc.o
                                      0xbcf4d (size before relaxing)
 .debug_str     0x00000000000cc5fc      0x2ed ./Drivers/STM32F4xx_HAL_Driver/Src/stm32f4xx_ll_exti.o
                                      0xb2632 (size before relaxing)
 .debug_str     0x00000000000cc8e9      0x62a ./Drivers/STM32F4xx_HAL_Driver/Src/stm32f4xx_ll_gpio.o
                                      0xb38b2 (size before relaxing)
 .debug_str     0x00000000000ccf13      0x47a ./Drivers/STM32F4xx_HAL_Driver/Src/stm32f4xx_ll_rcc.o
                                      0xb649e (size before relaxing)
 .debug_str     0x00000000000cd38d     0x125b ./Drivers/STM32F4xx_HAL_Driver/Src/stm32f4xx_ll_tim.o
                                      0xb6fc2 (size before relaxing)
 .debug_str     0x00000000000ce5e8     0x1687 ./Drivers/STM32F4xx_HAL_Driver/Src/stm32f4xx_ll_utils.o
                                      0xb8c34 (size before relaxing)

.comment        0x0000000000000000       0x50
 .comment       0x0000000000000000       0x50 ./Core/Src/asserts.o
                                         0x51 (size before relaxing)
 .comment       0x0000000000000050       0x51 ./Core/Src/backdoor.o
 .comment       0x0000000000000050       0x51 ./Core/Src/boot.o
 .comment       0x0000000000000050       0x51 ./Core/Src/can.o
 .comment       0x0000000000000050       0x51 ./Core/Src/com.o
 .comment       0x0000000000000050       0x51 ./Core/Src/cop.o
 .comment       0x0000000000000050       0x51 ./Core/Src/cpu.o
 .comment       0x0000000000000050       0x51 ./Core/Src/cpu_comp.o
 .comment       0x0000000000000050       0x51 ./Core/Src/flash.o
 .comment       0x0000000000000050       0x51 ./Core/Src/hooks.o
 .comment       0x0000000000000050       0x51 ./Core/Src/led.o
 .comment       0x0000000000000050       0x51 ./Core/Src/main.o
 .comment       0x0000000000000050       0x51 ./Core/Src/nvm.o
 .comment       0x0000000000000050       0x51 ./Core/Src/stm32f4xx_hal_msp.o
 .comment       0x0000000000000050       0x51 ./Core/Src/stm32f4xx_it.o
 .comment       0x0000000000000050       0x51 ./Core/Src/system_stm32f4xx.o
 .comment       0x0000000000000050       0x51 ./Core/Src/timer.o
 .comment       0x0000000000000050       0x51 ./Core/Src/xcp.o
 .comment       0x0000000000000050       0x51 ./Drivers/STM32F4xx_HAL_Driver/Src/stm32f4xx_hal.o
 .comment       0x0000000000000050       0x51 ./Drivers/STM32F4xx_HAL_Driver/Src/stm32f4xx_hal_can.o
 .comment       0x0000000000000050       0x51 ./Drivers/STM32F4xx_HAL_Driver/Src/stm32f4xx_hal_cortex.o
 .comment       0x0000000000000050       0x51 ./Drivers/STM32F4xx_HAL_Driver/Src/stm32f4xx_hal_flash.o
 .comment       0x0000000000000050       0x51 ./Drivers/STM32F4xx_HAL_Driver/Src/stm32f4xx_hal_flash_ex.o
 .comment       0x0000000000000050       0x51 ./Drivers/STM32F4xx_HAL_Driver/Src/stm32f4xx_hal_gpio.o
 .comment       0x0000000000000050       0x51 ./Drivers/STM32F4xx_HAL_Driver/Src/stm32f4xx_ll_adc.o
 .comment       0x0000000000000050       0x51 ./Drivers/STM32F4xx_HAL_Driver/Src/stm32f4xx_ll_exti.o
 .comment       0x0000000000000050       0x51 ./Drivers/STM32F4xx_HAL_Driver/Src/stm32f4xx_ll_gpio.o
 .comment       0x0000000000000050       0x51 ./Drivers/STM32F4xx_HAL_Driver/Src/stm32f4xx_ll_rcc.o
 .comment       0x0000000000000050       0x51 ./Drivers/STM32F4xx_HAL_Driver/Src/stm32f4xx_ll_tim.o
 .comment       0x0000000000000050       0x51 ./Drivers/STM32F4xx_HAL_Driver/Src/stm32f4xx_ll_utils.o

.debug_frame    0x0000000000000000     0x3ed4
 .debug_frame   0x0000000000000000       0x30 ./Core/Src/asserts.o
 .debug_frame   0x0000000000000030       0xac ./Core/Src/backdoor.o
 .debug_frame   0x00000000000000dc       0x48 ./Core/Src/boot.o
 .debug_frame   0x0000000000000124       0xa0 ./Core/Src/can.o
 .debug_frame   0x00000000000001c4      0x124 ./Core/Src/com.o
 .debug_frame   0x00000000000002e8       0x48 ./Core/Src/cop.o
 .debug_frame   0x0000000000000330       0x98 ./Core/Src/cpu.o
 .debug_frame   0x00000000000003c8       0x50 ./Core/Src/cpu_comp.o
 .debug_frame   0x0000000000000418      0x200 ./Core/Src/flash.o
 .debug_frame   0x0000000000000618       0x48 ./Core/Src/hooks.o
 .debug_frame   0x0000000000000660       0x70 ./Core/Src/led.o
 .debug_frame   0x00000000000006d0      0x71c ./Core/Src/main.o
 .debug_frame   0x0000000000000dec       0xc8 ./Core/Src/nvm.o
 .debug_frame   0x0000000000000eb4       0x7c ./Core/Src/stm32f4xx_hal_msp.o
 .debug_frame   0x0000000000000f30      0x260 ./Core/Src/stm32f4xx_it.o
 .debug_frame   0x0000000000001190       0x58 ./Core/Src/system_stm32f4xx.o
 .debug_frame   0x00000000000011e8      0x174 ./Core/Src/timer.o
 .debug_frame   0x000000000000135c      0x398 ./Core/Src/xcp.o
 .debug_frame   0x00000000000016f4      0x374 ./Drivers/STM32F4xx_HAL_Driver/Src/stm32f4xx_hal.o
 .debug_frame   0x0000000000001a68      0x5a0 ./Drivers/STM32F4xx_HAL_Driver/Src/stm32f4xx_hal_can.o
 .debug_frame   0x0000000000002008      0x498 ./Drivers/STM32F4xx_HAL_Driver/Src/stm32f4xx_hal_cortex.o
 .debug_frame   0x00000000000024a0      0x274 ./Drivers/STM32F4xx_HAL_Driver/Src/stm32f4xx_hal_flash.o
 .debug_frame   0x0000000000002714      0x250 ./Drivers/STM32F4xx_HAL_Driver/Src/stm32f4xx_hal_flash_ex.o
 .debug_frame   0x0000000000002964      0x14c ./Drivers/STM32F4xx_HAL_Driver/Src/stm32f4xx_hal_gpio.o
 .debug_frame   0x0000000000002ab0      0x2cc ./Drivers/STM32F4xx_HAL_Driver/Src/stm32f4xx_ll_adc.o