Archive member included to satisfy reference by file (symbol)

c:/st/stm32cubeide_1.10.1/stm32cubeide/plugins/com.st.stm32cube.ide.mcu.externaltools.gnu-tools-for-stm32.10.3-2021.10.win32_1.0.0.202111181127/tools/bin/../lib/gcc/arm-none-eabi/10.3.1/../../../../arm-none-eabi/lib/thumb/v7e-m+fp/hard\libc_nano.a(lib_a-errno.o)
                              ./Core/Src/syscalls.o (__errno)
c:/st/stm32cubeide_1.10.1/stm32cubeide/plugins/com.st.stm32cube.ide.mcu.externaltools.gnu-tools-for-stm32.10.3-2021.10.win32_1.0.0.202111181127/tools/bin/../lib/gcc/arm-none-eabi/10.3.1/../../../../arm-none-eabi/lib/thumb/v7e-m+fp/hard\libc_nano.a(lib_a-exit.o)
                              c:/st/stm32cubeide_1.10.1/stm32cubeide/plugins/com.st.stm32cube.ide.mcu.externaltools.gnu-tools-for-stm32.10.3-2021.10.win32_1.0.0.202111181127/tools/bin/../lib/gcc/arm-none-eabi/10.3.1/../../../../arm-none-eabi/lib/thumb/v7e-m+fp/hard/crt0.o (exit)
c:/st/stm32cubeide_1.10.1/stm32cubeide/plugins/com.st.stm32cube.ide.mcu.externaltools.gnu-tools-for-stm32.10.3-2021.10.win32_1.0.0.202111181127/tools/bin/../lib/gcc/arm-none-eabi/10.3.1/../../../../arm-none-eabi/lib/thumb/v7e-m+fp/hard\libc_nano.a(lib_a-impure.o)
                              c:/st/stm32cubeide_1.10.1/stm32cubeide/plugins/com.st.stm32cube.ide.mcu.externaltools.gnu-tools-for-stm32.10.3-2021.10.win32_1.0.0.202111181127/tools/bin/../lib/gcc/arm-none-eabi/10.3.1/../../../../arm-none-eabi/lib/thumb/v7e-m+fp/hard\libc_nano.a(lib_a-exit.o) (_global_impure_ptr)
c:/st/stm32cubeide_1.10.1/stm32cubeide/plugins/com.st.stm32cube.ide.mcu.externaltools.gnu-tools-for-stm32.10.3-2021.10.win32_1.0.0.202111181127/tools/bin/../lib/gcc/arm-none-eabi/10.3.1/../../../../arm-none-eabi/lib/thumb/v7e-m+fp/hard\libc_nano.a(lib_a-init.o)
                              c:/st/stm32cubeide_1.10.1/stm32cubeide/plugins/com.st.stm32cube.ide.mcu.externaltools.gnu-tools-for-stm32.10.3-2021.10.win32_1.0.0.202111181127/tools/bin/../lib/gcc/arm-none-eabi/10.3.1/../../../../arm-none-eabi/lib/thumb/v7e-m+fp/hard/crt0.o (__libc_init_array)
c:/st/stm32cubeide_1.10.1/stm32cubeide/plugins/com.st.stm32cube.ide.mcu.externaltools.gnu-tools-for-stm32.10.3-2021.10.win32_1.0.0.202111181127/tools/bin/../lib/gcc/arm-none-eabi/10.3.1/../../../../arm-none-eabi/lib/thumb/v7e-m+fp/hard\libc_nano.a(lib_a-memset.o)
                              c:/st/stm32cubeide_1.10.1/stm32cubeide/plugins/com.st.stm32cube.ide.mcu.externaltools.gnu-tools-for-stm32.10.3-2021.10.win32_1.0.0.202111181127/tools/bin/../lib/gcc/arm-none-eabi/10.3.1/../../../../arm-none-eabi/lib/thumb/v7e-m+fp/hard/crt0.o (memset)
c:/st/stm32cubeide_1.10.1/stm32cubeide/plugins/com.st.stm32cube.ide.mcu.externaltools.gnu-tools-for-stm32.10.3-2021.10.win32_1.0.0.202111181127/tools/bin/../lib/gcc/arm-none-eabi/10.3.1/thumb/v7e-m+fp/hard\libgcc.a(_aeabi_uldivmod.o)
                              ./Drivers/STM32F4xx_HAL_Driver/Src/stm32f4xx_hal_rcc.o (__aeabi_uldivmod)
c:/st/stm32cubeide_1.10.1/stm32cubeide/plugins/com.st.stm32cube.ide.mcu.externaltools.gnu-tools-for-stm32.10.3-2021.10.win32_1.0.0.202111181127/tools/bin/../lib/gcc/arm-none-eabi/10.3.1/thumb/v7e-m+fp/hard\libgcc.a(_udivmoddi4.o)
                              c:/st/stm32cubeide_1.10.1/stm32cubeide/plugins/com.st.stm32cube.ide.mcu.externaltools.gnu-tools-for-stm32.10.3-2021.10.win32_1.0.0.202111181127/tools/bin/../lib/gcc/arm-none-eabi/10.3.1/thumb/v7e-m+fp/hard\libgcc.a(_aeabi_uldivmod.o) (__udivmoddi4)
c:/st/stm32cubeide_1.10.1/stm32cubeide/plugins/com.st.stm32cube.ide.mcu.externaltools.gnu-tools-for-stm32.10.3-2021.10.win32_1.0.0.202111181127/tools/bin/../lib/gcc/arm-none-eabi/10.3.1/thumb/v7e-m+fp/hard\libgcc.a(_dvmd_tls.o)
                              c:/st/stm32cubeide_1.10.1/stm32cubeide/plugins/com.st.stm32cube.ide.mcu.externaltools.gnu-tools-for-stm32.10.3-2021.10.win32_1.0.0.202111181127/tools/bin/../lib/gcc/arm-none-eabi/10.3.1/thumb/v7e-m+fp/hard\libgcc.a(_aeabi_uldivmod.o) (__aeabi_ldiv0)

Discarded input sections

 .text          0x0000000000000000        0x0 c:/st/stm32cubeide_1.10.1/stm32cubeide/plugins/com.st.stm32cube.ide.mcu.externaltools.gnu-tools-for-stm32.10.3-2021.10.win32_1.0.0.202111181127/tools/bin/../lib/gcc/arm-none-eabi/10.3.1/thumb/v7e-m+fp/hard/crti.o
 .data          0x0000000000000000        0x0 c:/st/stm32cubeide_1.10.1/stm32cubeide/plugins/com.st.stm32cube.ide.mcu.externaltools.gnu-tools-for-stm32.10.3-2021.10.win32_1.0.0.202111181127/tools/bin/../lib/gcc/arm-none-eabi/10.3.1/thumb/v7e-m+fp/hard/crti.o
 .bss           0x0000000000000000        0x0 c:/st/stm32cubeide_1.10.1/stm32cubeide/plugins/com.st.stm32cube.ide.mcu.externaltools.gnu-tools-for-stm32.10.3-2021.10.win32_1.0.0.202111181127/tools/bin/../lib/gcc/arm-none-eabi/10.3.1/thumb/v7e-m+fp/hard/crti.o
[...]
Memory Configuration

Name             Origin             Length             Attributes
CCMRAM           0x0000000010000000 0x0000000000010000 xrw
RAM              0x0000000020000000 0x0000000000020000 xrw
FLASH            0x0000000008000000 0x0000000000100000 xr
*default*        0x0000000000000000 0xffffffffffffffff

Linker script and memory map

LOAD c:/st/stm32cubeide_1.10.1/stm32cubeide/plugins/com.st.stm32cube.ide.mcu.externaltools.gnu-tools-for-stm32.10.3-2021.10.win32_1.0.0.202111181127/tools/bin/../lib/gcc/arm-none-eabi/10.3.1/thumb/v7e-m+fp/hard/crti.o
LOAD c:/st/stm32cubeide_1.10.1/stm32cubeide/plugins/com.st.stm32cube.ide.mcu.externaltools.gnu-tools-for-stm32.10.3-2021.10.win32_1.0.0.202111181127/tools/bin/../lib/gcc/arm-none-eabi/10.3.1/thumb/v7e-m+fp/hard/crtbegin.o
LOAD c:/st/stm32cubeide_1.10.1/stm32cubeide/plugins/com.st.stm32cube.ide.mcu.externaltools.gnu-tools-for-stm32.10.3-2021.10.win32_1.0.0.202111181127/tools/bin/../lib/gcc/arm-none-eabi/10.3.1/../../../../arm-none-eabi/lib/thumb/v7e-m+fp/hard/crt0.o
LOAD ./Core/Src/asserts.o
LOAD ./Core/Src/backdoor.o
LOAD ./Core/Src/boot.o
LOAD ./Core/Src/can.o
LOAD ./Core/Src/com.o
LOAD ./Core/Src/cop.o
LOAD ./Core/Src/cpu.o
LOAD ./Core/Src/cpu_comp.o
LOAD ./Core/Src/file.o
LOAD ./Core/Src/flash.o
LOAD ./Core/Src/hooks.o
LOAD ./Core/Src/led.o
LOAD ./Core/Src/main.o
LOAD ./Core/Src/mb.o
LOAD ./Core/Src/mbrtu.o
LOAD ./Core/Src/net.o
LOAD ./Core/Src/nvm.o
LOAD ./Core/Src/rs232.o
LOAD ./Core/Src/stm32f4xx_hal_msp.o
LOAD ./Core/Src/stm32f4xx_it.o
LOAD ./Core/Src/syscalls.o
LOAD ./Core/Src/sysmem.o
LOAD ./Core/Src/system_stm32f4xx.o
LOAD ./Core/Src/timer.o
LOAD ./Core/Src/usb.o
LOAD ./Core/Src/xcp.o
LOAD ./Core/Startup/startup_stm32f405rgtx.o
LOAD ./Drivers/STM32F4xx_HAL_Driver/Src/stm32f4xx_hal.o
LOAD ./Drivers/STM32F4xx_HAL_Driver/Src/stm32f4xx_hal_can.o
LOAD ./Drivers/STM32F4xx_HAL_Driver/Src/stm32f4xx_hal_cortex.o
LOAD ./Drivers/STM32F4xx_HAL_Driver/Src/stm32f4xx_hal_dma.o
LOAD ./Drivers/STM32F4xx_HAL_Driver/Src/stm32f4xx_hal_dma_ex.o
LOAD ./Drivers/STM32F4xx_HAL_Driver/Src/stm32f4xx_hal_exti.o
LOAD ./Drivers/STM32F4xx_HAL_Driver/Src/stm32f4xx_hal_flash.o
LOAD ./Drivers/STM32F4xx_HAL_Driver/Src/stm32f4xx_hal_flash_ex.o
LOAD ./Drivers/STM32F4xx_HAL_Driver/Src/stm32f4xx_hal_flash_ramfunc.o
LOAD ./Drivers/STM32F4xx_HAL_Driver/Src/stm32f4xx_hal_gpio.o
LOAD ./Drivers/STM32F4xx_HAL_Driver/Src/stm32f4xx_hal_pwr.o
LOAD ./Drivers/STM32F4xx_HAL_Driver/Src/stm32f4xx_hal_pwr_ex.o
LOAD ./Drivers/STM32F4xx_HAL_Driver/Src/stm32f4xx_hal_rcc.o
LOAD ./Drivers/STM32F4xx_HAL_Driver/Src/stm32f4xx_hal_rcc_ex.o
LOAD ./Drivers/STM32F4xx_HAL_Driver/Src/stm32f4xx_hal_tim.o
LOAD ./Drivers/STM32F4xx_HAL_Driver/Src/stm32f4xx_hal_tim_ex.o
LOAD ./Drivers/STM32F4xx_HAL_Driver/Src/stm32f4xx_ll_adc.o
LOAD ./Drivers/STM32F4xx_HAL_Driver/Src/stm32f4xx_ll_dma.o
LOAD ./Drivers/STM32F4xx_HAL_Driver/Src/stm32f4xx_ll_exti.o
LOAD ./Drivers/STM32F4xx_HAL_Driver/Src/stm32f4xx_ll_gpio.o
LOAD ./Drivers/STM32F4xx_HAL_Driver/Src/stm32f4xx_ll_rcc.o
LOAD ./Drivers/STM32F4xx_HAL_Driver/Src/stm32f4xx_ll_tim.o
LOAD ./Drivers/STM32F4xx_HAL_Driver/Src/stm32f4xx_ll_utils.o
START GROUP
LOAD c:/st/stm32cubeide_1.10.1/stm32cubeide/plugins/com.st.stm32cube.ide.mcu.externaltools.gnu-tools-for-stm32.10.3-2021.10.win32_1.0.0.202111181127/tools/bin/../lib/gcc/arm-none-eabi/10.3.1/../../../../arm-none-eabi/lib/thumb/v7e-m+fp/hard\libc_nano.a
LOAD c:/st/stm32cubeide_1.10.1/stm32cubeide/plugins/com.st.stm32cube.ide.mcu.externaltools.gnu-tools-for-stm32.10.3-2021.10.win32_1.0.0.202111181127/tools/bin/../lib/gcc/arm-none-eabi/10.3.1/../../../../arm-none-eabi/lib/thumb/v7e-m+fp/hard\libm.a
END GROUP
START GROUP
LOAD c:/st/stm32cubeide_1.10.1/stm32cubeide/plugins/com.st.stm32cube.ide.mcu.externaltools.gnu-tools-for-stm32.10.3-2021.10.win32_1.0.0.202111181127/tools/bin/../lib/gcc/arm-none-eabi/10.3.1/thumb/v7e-m+fp/hard\libgcc.a
LOAD c:/st/stm32cubeide_1.10.1/stm32cubeide/plugins/com.st.stm32cube.ide.mcu.externaltools.gnu-tools-for-stm32.10.3-2021.10.win32_1.0.0.202111181127/tools/bin/../lib/gcc/arm-none-eabi/10.3.1/../../../../arm-none-eabi/lib/thumb/v7e-m+fp/hard\libc_nano.a
END GROUP
START GROUP
LOAD c:/st/stm32cubeide_1.10.1/stm32cubeide/plugins/com.st.stm32cube.ide.mcu.externaltools.gnu-tools-for-stm32.10.3-2021.10.win32_1.0.0.202111181127/tools/bin/../lib/gcc/arm-none-eabi/10.3.1/thumb/v7e-m+fp/hard\libgcc.a
LOAD c:/st/stm32cubeide_1.10.1/stm32cubeide/plugins/com.st.stm32cube.ide.mcu.externaltools.gnu-tools-for-stm32.10.3-2021.10.win32_1.0.0.202111181127/tools/bin/../lib/gcc/arm-none-eabi/10.3.1/../../../../arm-none-eabi/lib/thumb/v7e-m+fp/hard\libc_nano.a
LOAD c:/st/stm32cubeide_1.10.1/stm32cubeide/plugins/com.st.stm32cube.ide.mcu.externaltools.gnu-tools-for-stm32.10.3-2021.10.win32_1.0.0.202111181127/tools/bin/../lib/gcc/arm-none-eabi/10.3.1/../../../../arm-none-eabi/lib/thumb/v7e-m+fp/hard\libnosys.a
END GROUP
START GROUP
LOAD c:/st/stm32cubeide_1.10.1/stm32cubeide/plugins/com.st.stm32cube.ide.mcu.externaltools.gnu-tools-for-stm32.10.3-2021.10.win32_1.0.0.202111181127/tools/bin/../lib/gcc/arm-none-eabi/10.3.1/thumb/v7e-m+fp/hard\libgcc.a
LOAD c:/st/stm32cubeide_1.10.1/stm32cubeide/plugins/com.st.stm32cube.ide.mcu.externaltools.gnu-tools-for-stm32.10.3-2021.10.win32_1.0.0.202111181127/tools/bin/../lib/gcc/arm-none-eabi/10.3.1/../../../../arm-none-eabi/lib/thumb/v7e-m+fp/hard\libc_nano.a
LOAD c:/st/stm32cubeide_1.10.1/stm32cubeide/plugins/com.st.stm32cube.ide.mcu.externaltools.gnu-tools-for-stm32.10.3-2021.10.win32_1.0.0.202111181127/tools/bin/../lib/gcc/arm-none-eabi/10.3.1/../../../../arm-none-eabi/lib/thumb/v7e-m+fp/hard\libnosys.a
END GROUP
LOAD c:/st/stm32cubeide_1.10.1/stm32cubeide/plugins/com.st.stm32cube.ide.mcu.externaltools.gnu-tools-for-stm32.10.3-2021.10.win32_1.0.0.202111181127/tools/bin/../lib/gcc/arm-none-eabi/10.3.1/thumb/v7e-m+fp/hard/crtend.o
LOAD c:/st/stm32cubeide_1.10.1/stm32cubeide/plugins/com.st.stm32cube.ide.mcu.externaltools.gnu-tools-for-stm32.10.3-2021.10.win32_1.0.0.202111181127/tools/bin/../lib/gcc/arm-none-eabi/10.3.1/thumb/v7e-m+fp/hard/crtn.o
                0x0000000020020000                _estack = (ORIGIN (RAM) + LENGTH (RAM))
                0x0000000000000200                _Min_Heap_Size = 0x200
                0x0000000000000400                _Min_Stack_Size = 0x400

.isr_vector     0x0000000008000000      0x188
                0x0000000008000000                . = ALIGN (0x4)
 *(.isr_vector)
 .isr_vector    0x0000000008000000      0x188 ./Core/Startup/startup_stm32f405rgtx.o
                0x0000000008000000                g_pfnVectors
                0x0000000008000188                . = ALIGN (0x4)

.text           0x0000000008000188     0x547c
                0x0000000008000188                . = ALIGN (0x4)
 *(.text)
 .text          0x0000000008000188       0x40 c:/st/stm32cubeide_1.10.1/stm32cubeide/plugins/com.st.stm32cube.ide.mcu.externaltools.gnu-tools-for-stm32.10.3-2021.10.win32_1.0.0.202111181127/tools/bin/../lib/gcc/arm-none-eabi/10.3.1/thumb/v7e-m+fp/hard/crtbegin.o
 *(.text*)
 .text.AssertFailure
                0x00000000080001c8       0x10 ./Core/Src/asserts.o
                0x00000000080001c8                AssertFailure
 .text.BackDoorInit
                0x00000000080001d8       0x1c ./Core/Src/backdoor.o
                0x00000000080001d8                BackDoorInit
 .text.BackDoorCheck
                0x00000000080001f4       0x4c ./Core/Src/backdoor.o
                0x00000000080001f4                BackDoorCheck
 .text.BackDoorRestartTimer
                0x0000000008000240       0x24 ./Core/Src/backdoor.o
                0x0000000008000240                BackDoorRestartTimer
 .text.BootInit
                0x0000000008000264       0x20 ./Core/Src/boot.o
                0x0000000008000264                BootInit
 .text.BootTask
                0x0000000008000284       0x18 ./Core/Src/boot.o
                0x0000000008000284                BootTask
 .text.CanGetSpeedConfig
                0x000000000800029c       0xec ./Core/Src/can.o
 .text.CanInit  0x0000000008000388      0x120 ./Core/Src/can.o
                0x0000000008000388                CanInit
 .text.CanTransmitPacket
                0x00000000080004a8       0x94 ./Core/Src/can.o
                0x00000000080004a8                CanTransmitPacket
 .text.CanReceivePacket
                0x000000000800053c       0x84 ./Core/Src/can.o
                0x000000000800053c                CanReceivePacket
 .text.ComInit  0x00000000080005c0       0x1c ./Core/Src/com.o
                0x00000000080005c0                ComInit
 .text.ComTask  0x00000000080005dc       0x38 ./Core/Src/com.o
                0x00000000080005dc                ComTask
 .text.ComFree  0x0000000008000614        0xe ./Core/Src/com.o
                0x0000000008000614                ComFree
 *fill*         0x0000000008000622        0x2 
 .text.ComTransmitPacket
                0x0000000008000624       0x30 ./Core/Src/com.o
                0x0000000008000624                ComTransmitPacket
 .text.ComGetActiveInterfaceMaxRxLen
                0x0000000008000654       0x60 ./Core/Src/com.o
                0x0000000008000654                ComGetActiveInterfaceMaxRxLen
 .text.ComGetActiveInterfaceMaxTxLen
                0x00000000080006b4       0x60 ./Core/Src/com.o
                0x00000000080006b4                ComGetActiveInterfaceMaxTxLen
 .text.ComIsConnected
                0x0000000008000714       0x22 ./Core/Src/com.o
                0x0000000008000714                ComIsConnected
 .text.ComDeferredInit
                0x0000000008000736        0xc ./Core/Src/com.o
                0x0000000008000736                ComDeferredInit
 .text.CopInit  0x0000000008000742        0xc ./Core/Src/cop.o
                0x0000000008000742                CopInit
 .text.CopService
                0x000000000800074e        0xc ./Core/Src/cop.o
                0x000000000800074e                CopService
 .text.CpuInit  0x000000000800075a        0xc ./Core/Src/cpu.o
                0x000000000800075a                CpuInit
 *fill*         0x0000000008000766        0x2 
 .text.CpuStartUserProgram
                0x0000000008000768       0x58 ./Core/Src/cpu.o
                0x0000000008000768                CpuStartUserProgram
 .text.CpuMemCopy
                0x00000000080007c0       0x40 ./Core/Src/cpu.o
                0x00000000080007c0                CpuMemCopy
 .text.CpuIrqDisable
                0x0000000008000800       0x10 ./Core/Src/cpu_comp.o
                0x0000000008000800                CpuIrqDisable
 .text.CpuIrqEnable
                0x0000000008000810       0x10 ./Core/Src/cpu_comp.o
                0x0000000008000810                CpuIrqEnable
 .text.FlashInit
                0x0000000008000820       0x28 ./Core/Src/flash.o
                0x0000000008000820                FlashInit
 .text.FlashWrite
                0x0000000008000848       0x94 ./Core/Src/flash.o
                0x0000000008000848                FlashWrite
 .text.FlashErase
                0x00000000080008dc       0x6c ./Core/Src/flash.o
                0x00000000080008dc                FlashErase
 .text.FlashWriteChecksum
                0x0000000008000948       0xa8 ./Core/Src/flash.o
                0x0000000008000948                FlashWriteChecksum
 .text.FlashVerifyChecksum
                0x00000000080009f0       0x88 ./Core/Src/flash.o
                0x00000000080009f0                FlashVerifyChecksum
 .text.FlashDone
                0x0000000008000a78       0x48 ./Core/Src/flash.o
                0x0000000008000a78                FlashDone
 .text.FlashGetUserProgBaseAddress
                0x0000000008000ac0       0x14 ./Core/Src/flash.o
                0x0000000008000ac0                FlashGetUserProgBaseAddress
 .text.FlashInitBlock
                0x0000000008000ad4       0x46 ./Core/Src/flash.o
 *fill*         0x0000000008000b1a        0x2 
 .text.FlashSwitchBlock
                0x0000000008000b1c       0x64 ./Core/Src/flash.o
 .text.FlashAddToBlock
                0x0000000008000b80       0xc4 ./Core/Src/flash.o
 .text.FlashWriteBlock
                0x0000000008000c44       0x7e ./Core/Src/flash.o
 *fill*         0x0000000008000cc2        0x2 
 .text.FlashEmptyCheckSector
                0x0000000008000cc4       0xd4 ./Core/Src/flash.o
 .text.FlashEraseSectors
                0x0000000008000d98       0xba ./Core/Src/flash.o
 *fill*         0x0000000008000e52        0x2 
 .text.FlashGetSector
                0x0000000008000e54       0x88 ./Core/Src/flash.o
 .text.CopInitHook
                0x0000000008000edc        0xe ./Core/Src/hooks.o
                0x0000000008000edc                CopInitHook
 .text.CopServiceHook
                0x0000000008000eea        0xc ./Core/Src/hooks.o
                0x0000000008000eea                CopServiceHook
 *fill*         0x0000000008000ef6        0x2 
 .text.LedBlinkInit
                0x0000000008000ef8       0x20 ./Core/Src/led.o
                0x0000000008000ef8                LedBlinkInit
 .text.LedBlinkTask
                0x0000000008000f18       0x60 ./Core/Src/led.o
                0x0000000008000f18                LedBlinkTask
 .text.__NVIC_GetPriorityGrouping
                0x0000000008000f78       0x1c ./Core/Src/main.o
 .text.__NVIC_EnableIRQ
                0x0000000008000f94       0x3c ./Core/Src/main.o
 .text.__NVIC_SetPriority
                0x0000000008000fd0       0x54 ./Core/Src/main.o
 .text.NVIC_EncodePriority
                0x0000000008001024       0x66 ./Core/Src/main.o
 .text.LL_ADC_REG_SetSequencerRanks
                0x000000000800108a       0x6c ./Core/Src/main.o
 .text.LL_ADC_REG_SetFlagEndOfConversion
                0x00000000080010f6       0x26 ./Core/Src/main.o
 .text.LL_ADC_SetChannelSamplingTime
                0x000000000800111c       0x98 ./Core/Src/main.o
 .text.LL_ADC_REG_StartConversionExtTrig
                0x00000000080011b4       0x22 ./Core/Src/main.o
 *fill*         0x00000000080011d6        0x2 
 .text.LL_DMA_SetDataTransferDirection
                0x00000000080011d8       0x48 ./Core/Src/main.o
 .text.LL_DMA_SetMode
                0x0000000008001220       0x48 ./Core/Src/main.o
 .text.LL_DMA_SetPeriphIncMode
                0x0000000008001268       0x48 ./Core/Src/main.o
 .text.LL_DMA_SetMemoryIncMode
                0x00000000080012b0       0x48 ./Core/Src/main.o
 .text.LL_DMA_SetPeriphSize
                0x00000000080012f8       0x48 ./Core/Src/main.o
 .text.LL_DMA_SetMemorySize
                0x0000000008001340       0x48 ./Core/Src/main.o
 .text.LL_DMA_SetStreamPriorityLevel
                0x0000000008001388       0x48 ./Core/Src/main.o
 .text.LL_DMA_SetChannelSelection
                0x00000000080013d0       0x48 ./Core/Src/main.o
 .text.LL_DMA_DisableFifoMode
                0x0000000008001418       0x40 ./Core/Src/main.o
 .text.LL_RCC_HSE_Enable
                0x0000000008001458       0x20 ./Core/Src/main.o
 .text.LL_RCC_HSE_IsReady
                0x0000000008001478       0x28 ./Core/Src/main.o
 .text.LL_RCC_SetSysClkSource
                0x00000000080014a0       0x28 ./Core/Src/main.o
 .text.LL_RCC_GetSysClkSource
                0x00000000080014c8       0x1c ./Core/Src/main.o
 .text.LL_RCC_SetAHBPrescaler
                0x00000000080014e4       0x28 ./Core/Src/main.o
 .text.LL_RCC_SetAPB1Prescaler
                0x000000000800150c       0x28 ./Core/Src/main.o
 .text.LL_RCC_SetAPB2Prescaler
                0x0000000008001534       0x28 ./Core/Src/main.o
 .text.LL_RCC_PLL_Enable
                0x000000000800155c       0x20 ./Core/Src/main.o
 .text.LL_RCC_PLL_IsReady
                0x000000000800157c       0x28 ./Core/Src/main.o
 .text.LL_RCC_PLL_ConfigDomain_SYS
                0x00000000080015a4       0x4c ./Core/Src/main.o
 .text.LL_AHB1_GRP1_EnableClock
                0x00000000080015f0       0x30 ./Core/Src/main.o
 .text.LL_APB1_GRP1_EnableClock
                0x0000000008001620       0x30 ./Core/Src/main.o
 .text.LL_APB2_GRP1_EnableClock
                0x0000000008001650       0x30 ./Core/Src/main.o
 .text.LL_SYSCFG_SetEXTISource
                0x0000000008001680       0x5c ./Core/Src/main.o
 .text.LL_FLASH_SetLatency
                0x00000000080016dc       0x28 ./Core/Src/main.o
 .text.LL_FLASH_GetLatency
                0x0000000008001704       0x1c ./Core/Src/main.o
 .text.LL_PWR_SetRegulVoltageScaling
                0x0000000008001720       0x28 ./Core/Src/main.o
 .text.LL_TIM_DisableARRPreload
                0x0000000008001748       0x20 ./Core/Src/main.o
 .text.LL_TIM_OC_DisableFast
                0x0000000008001768       0x8c ./Core/Src/main.o
 .text.LL_TIM_SetClockSource
                0x00000000080017f4       0x2a ./Core/Src/main.o
 .text.LL_TIM_SetTriggerOutput
                0x000000000800181e       0x26 ./Core/Src/main.o
 .text.LL_TIM_DisableMasterSlaveMode
                0x0000000008001844       0x20 ./Core/Src/main.o
 .text.LL_GPIO_SetPinMode
                0x0000000008001864       0x5e ./Core/Src/main.o
 .text.LL_GPIO_SetPinPull
                0x00000000080018c2       0x5e ./Core/Src/main.o
 .text.LL_GPIO_ResetOutputPin
                0x0000000008001920       0x1e ./Core/Src/main.o
 .text.main     0x000000000800193e       0x2a ./Core/Src/main.o
                0x000000000800193e                main
 .text.SystemClock_Config
                0x0000000008001968       0x94 ./Core/Src/main.o
                0x0000000008001968                SystemClock_Config
 .text.MX_ADC1_Init
                0x00000000080019fc      0x1b0 ./Core/Src/main.o
 .text.MX_CAN1_Init
                0x0000000008001bac       0x70 ./Core/Src/main.o
 .text.MX_TIM2_Init
                0x0000000008001c1c       0xbe ./Core/Src/main.o
 .text.MX_DMA_Init
                0x0000000008001cda       0x30 ./Core/Src/main.o
 *fill*         0x0000000008001d0a        0x2 
 .text.MX_GPIO_Init
                0x0000000008001d0c      0x1c0 ./Core/Src/main.o
 .text.Error_Handler
                0x0000000008001ecc        0xa ./Core/Src/main.o
                0x0000000008001ecc                Error_Handler
 .text.NvmInit  0x0000000008001ed6        0xc ./Core/Src/nvm.o
                0x0000000008001ed6                NvmInit
 .text.NvmWrite
                0x0000000008001ee2       0x20 ./Core/Src/nvm.o
                0x0000000008001ee2                NvmWrite
 .text.NvmErase
                0x0000000008001f02       0x1c ./Core/Src/nvm.o
                0x0000000008001f02                NvmErase
 .text.NvmVerifyChecksum
                0x0000000008001f1e        0xe ./Core/Src/nvm.o
                0x0000000008001f1e                NvmVerifyChecksum
 .text.NvmGetUserProgBaseAddress
                0x0000000008001f2c        0xe ./Core/Src/nvm.o
                0x0000000008001f2c                NvmGetUserProgBaseAddress
 .text.NvmDone  0x0000000008001f3a       0x1c ./Core/Src/nvm.o
                0x0000000008001f3a                NvmDone
 *fill*         0x0000000008001f56        0x2 
 .text.HAL_MspInit
                0x0000000008001f58       0x5c ./Core/Src/stm32f4xx_hal_msp.o
                0x0000000008001f58                HAL_MspInit
 .text.HAL_CAN_MspInit
                0x0000000008001fb4       0xd0 ./Core/Src/stm32f4xx_hal_msp.o
                0x0000000008001fb4                HAL_CAN_MspInit
 .text.LL_EXTI_IsActiveFlag_0_31
                0x0000000008002084       0x2c ./Core/Src/stm32f4xx_it.o
 .text.LL_EXTI_ClearFlag_0_31
                0x00000000080020b0       0x20 ./Core/Src/stm32f4xx_it.o
 .text.NMI_Handler
                0x00000000080020d0        0x6 ./Core/Src/stm32f4xx_it.o
                0x00000000080020d0                NMI_Handler
 .text.HardFault_Handler
                0x00000000080020d6        0x6 ./Core/Src/stm32f4xx_it.o
                0x00000000080020d6                HardFault_Handler
 .text.MemManage_Handler
                0x00000000080020dc        0x6 ./Core/Src/stm32f4xx_it.o
                0x00000000080020dc                MemManage_Handler
 .text.BusFault_Handler
                0x00000000080020e2        0x6 ./Core/Src/stm32f4xx_it.o
                0x00000000080020e2                BusFault_Handler
 .text.UsageFault_Handler
                0x00000000080020e8        0x6 ./Core/Src/stm32f4xx_it.o
                0x00000000080020e8                UsageFault_Handler
 .text.SVC_Handler
                0x00000000080020ee        0xe ./Core/Src/stm32f4xx_it.o
                0x00000000080020ee                SVC_Handler
 .text.DebugMon_Handler
                0x00000000080020fc        0xe ./Core/Src/stm32f4xx_it.o
                0x00000000080020fc                DebugMon_Handler
 .text.PendSV_Handler
                0x000000000800210a        0xe ./Core/Src/stm32f4xx_it.o
                0x000000000800210a                PendSV_Handler
 .text.SysTick_Handler
                0x0000000008002118        0xc ./Core/Src/stm32f4xx_it.o
                0x0000000008002118                SysTick_Handler
 .text.RCC_IRQHandler
                0x0000000008002124        0xe ./Core/Src/stm32f4xx_it.o
                0x0000000008002124                RCC_IRQHandler
 .text.ADC_IRQHandler
                0x0000000008002132        0xe ./Core/Src/stm32f4xx_it.o
                0x0000000008002132                ADC_IRQHandler
 .text.CAN1_TX_IRQHandler
                0x0000000008002140       0x14 ./Core/Src/stm32f4xx_it.o
                0x0000000008002140                CAN1_TX_IRQHandler
 .text.CAN1_RX0_IRQHandler
                0x0000000008002154       0x14 ./Core/Src/stm32f4xx_it.o
                0x0000000008002154                CAN1_RX0_IRQHandler
 .text.CAN1_RX1_IRQHandler
                0x0000000008002168       0x14 ./Core/Src/stm32f4xx_it.o
                0x0000000008002168                CAN1_RX1_IRQHandler
 .text.CAN1_SCE_IRQHandler
                0x000000000800217c       0x14 ./Core/Src/stm32f4xx_it.o
                0x000000000800217c                CAN1_SCE_IRQHandler
 .text.TIM2_IRQHandler
                0x0000000008002190        0xe ./Core/Src/stm32f4xx_it.o
                0x0000000008002190                TIM2_IRQHandler
 .text.EXTI15_10_IRQHandler
                0x000000000800219e       0x34 ./Core/Src/stm32f4xx_it.o
                0x000000000800219e                EXTI15_10_IRQHandler
 .text.DMA2_Stream0_IRQHandler
                0x00000000080021d2        0xe ./Core/Src/stm32f4xx_it.o
                0x00000000080021d2                DMA2_Stream0_IRQHandler
 .text.SystemInit
                0x00000000080021e0       0x24 ./Core/Src/system_stm32f4xx.o
                0x00000000080021e0                SystemInit
 .text.LL_APB2_GRP1_EnableClock
                0x0000000008002204       0x30 ./Core/Src/timer.o
 .text.LL_APB2_GRP1_DisableClock
                0x0000000008002234       0x28 ./Core/Src/timer.o
 .text.LL_APB2_GRP1_ForceReset
                0x000000000800225c       0x24 ./Core/Src/timer.o
 .text.LL_APB2_GRP1_ReleaseReset
                0x0000000008002280       0x28 ./Core/Src/timer.o
 .text.LL_RCC_GetAPB2Prescaler
                0x00000000080022a8       0x1c ./Core/Src/timer.o
 .text.TimerInit
                0x00000000080022c4       0x9c ./Core/Src/timer.o
                0x00000000080022c4                TimerInit
 .text.TimerReset
                0x0000000008002360       0x40 ./Core/Src/timer.o
                0x0000000008002360                TimerReset
 .text.TimerUpdate
                0x00000000080023a0       0x74 ./Core/Src/timer.o
                0x00000000080023a0                TimerUpdate
 .text.TimerGet
                0x0000000008002414       0x14 ./Core/Src/timer.o
                0x0000000008002414                TimerGet
 .text.HAL_GetTick
                0x0000000008002428        0xe ./Core/Src/timer.o
                0x0000000008002428                HAL_GetTick
 *fill*         0x0000000008002436        0x2 
 .text.XcpInit  0x0000000008002438       0x44 ./Core/Src/xcp.o
                0x0000000008002438                XcpInit
 .text.XcpIsConnected
                0x000000000800247c       0x24 ./Core/Src/xcp.o
                0x000000000800247c                XcpIsConnected
 .text.XcpPacketTransmitted
                0x00000000080024a0       0x1c ./Core/Src/xcp.o
                0x00000000080024a0                XcpPacketTransmitted
 .text.XcpPacketReceived
                0x00000000080024bc      0x1cc ./Core/Src/xcp.o
                0x00000000080024bc                XcpPacketReceived
 .text.XcpTransmitPacket
                0x0000000008002688       0x1e ./Core/Src/xcp.o
 .text.XcpComputeChecksum
                0x00000000080026a6       0x40 ./Core/Src/xcp.o
 *fill*         0x00000000080026e6        0x2 
 .text.XcpProtectResources
                0x00000000080026e8       0x1c ./Core/Src/xcp.o
 .text.XcpSetCtoError
                0x0000000008002704       0x30 ./Core/Src/xcp.o
 .text.XcpGetOrderedLong
                0x0000000008002734       0x50 ./Core/Src/xcp.o
 .text.XcpSetOrderedLong
                0x0000000008002784       0x42 ./Core/Src/xcp.o
 *fill*         0x00000000080027c6        0x2 
 .text.XcpCmdConnect
                0x00000000080027c8       0x88 ./Core/Src/xcp.o
 .text.XcpCmdDisconnect
                0x0000000008002850       0x30 ./Core/Src/xcp.o
 .text.XcpCmdGetStatus
                0x0000000008002880       0x48 ./Core/Src/xcp.o
 .text.XcpCmdSynch
                0x00000000080028c8       0x16 ./Core/Src/xcp.o
 *fill*         0x00000000080028de        0x2 
 .text.XcpCmdGetId
                0x00000000080028e0       0x50 ./Core/Src/xcp.o
 .text.XcpCmdSetMta
                0x0000000008002930       0x34 ./Core/Src/xcp.o
 .text.XcpCmdUpload
                0x0000000008002964       0x7c ./Core/Src/xcp.o
 .text.XcpCmdShortUpload
                0x00000000080029e0       0x90 ./Core/Src/xcp.o
 .text.XcpCmdBuildCheckSum
                0x0000000008002a70       0x68 ./Core/Src/xcp.o
 .text.XcpCmdProgramStart
                0x0000000008002ad8       0x4c ./Core/Src/xcp.o
 .text.XcpCmdProgramMax
                0x0000000008002b24       0x60 ./Core/Src/xcp.o
 .text.XcpCmdProgram
                0x0000000008002b84       0x94 ./Core/Src/xcp.o
 .text.XcpCmdProgramClear
                0x0000000008002c18       0x4c ./Core/Src/xcp.o
 .text.XcpCmdProgramReset
                0x0000000008002c64       0x28 ./Core/Src/xcp.o
 .text.XcpCmdProgramPrepare
                0x0000000008002c8c       0x16 ./Core/Src/xcp.o
 *fill*         0x0000000008002ca2        0x2 
 .text.Reset_Handler
                0x0000000008002ca4       0x50 ./Core/Startup/startup_stm32f405rgtx.o
                0x0000000008002ca4                Reset_Handler
 .text.Default_Handler
                0x0000000008002cf4        0x2 ./Core/Startup/startup_stm32f405rgtx.o
                0x0000000008002cf4                RTC_Alarm_IRQHandler
                0x0000000008002cf4                HASH_RNG_IRQHandler
                0x0000000008002cf4                EXTI2_IRQHandler
                0x0000000008002cf4                TIM8_CC_IRQHandler
                0x0000000008002cf4                TIM1_CC_IRQHandler
                0x0000000008002cf4                DMA2_Stream5_IRQHandler
                0x0000000008002cf4                DMA1_Stream5_IRQHandler
                0x0000000008002cf4                PVD_IRQHandler
                0x0000000008002cf4                SDIO_IRQHandler
                0x0000000008002cf4                TAMP_STAMP_IRQHandler
                0x0000000008002cf4                CAN2_RX1_IRQHandler
                0x0000000008002cf4                EXTI3_IRQHandler
                0x0000000008002cf4                TIM8_TRG_COM_TIM14_IRQHandler
                0x0000000008002cf4                TIM1_UP_TIM10_IRQHandler
                0x0000000008002cf4                TIM8_UP_TIM13_IRQHandler
                0x0000000008002cf4                I2C3_ER_IRQHandler
                0x0000000008002cf4                EXTI0_IRQHandler
                0x0000000008002cf4                I2C2_EV_IRQHandler
                0x0000000008002cf4                DMA1_Stream2_IRQHandler
                0x0000000008002cf4                FPU_IRQHandler
                0x0000000008002cf4                OTG_HS_WKUP_IRQHandler
                0x0000000008002cf4                CAN2_SCE_IRQHandler
                0x0000000008002cf4                DMA2_Stream2_IRQHandler
                0x0000000008002cf4                SPI1_IRQHandler
                0x0000000008002cf4                TIM6_DAC_IRQHandler
                0x0000000008002cf4                TIM1_BRK_TIM9_IRQHandler
                0x0000000008002cf4                CAN2_RX0_IRQHandler
                0x0000000008002cf4                DMA2_Stream3_IRQHandler
                0x0000000008002cf4                USART6_IRQHandler
                0x0000000008002cf4                USART3_IRQHandler
                0x0000000008002cf4                UART5_IRQHandler
                0x0000000008002cf4                TIM4_IRQHandler
                0x0000000008002cf4                I2C1_EV_IRQHandler
                0x0000000008002cf4                DMA1_Stream6_IRQHandler
                0x0000000008002cf4                DMA1_Stream1_IRQHandler
                0x0000000008002cf4                UART4_IRQHandler
                0x0000000008002cf4                TIM3_IRQHandler
                0x0000000008002cf4                TIM8_BRK_TIM12_IRQHandler
                0x0000000008002cf4                Default_Handler
                0x0000000008002cf4                DMA1_Stream7_IRQHandler
                0x0000000008002cf4                TIM7_IRQHandler
                0x0000000008002cf4                CAN2_TX_IRQHandler
                0x0000000008002cf4                TIM5_IRQHandler
                0x0000000008002cf4                DMA2_Stream7_IRQHandler
                0x0000000008002cf4                I2C3_EV_IRQHandler
                0x0000000008002cf4                EXTI9_5_IRQHandler
                0x0000000008002cf4                RTC_WKUP_IRQHandler
                0x0000000008002cf4                SPI2_IRQHandler
                0x0000000008002cf4                OTG_HS_EP1_IN_IRQHandler
                0x0000000008002cf4                DMA1_Stream0_IRQHandler
                0x0000000008002cf4                EXTI4_IRQHandler
                0x0000000008002cf4                FSMC_IRQHandler
                0x0000000008002cf4                OTG_HS_EP1_OUT_IRQHandler
                0x0000000008002cf4                WWDG_IRQHandler
                0x0000000008002cf4                OTG_FS_WKUP_IRQHandler
                0x0000000008002cf4                TIM1_TRG_COM_TIM11_IRQHandler
                0x0000000008002cf4                OTG_HS_IRQHandler
                0x0000000008002cf4                EXTI1_IRQHandler
                0x0000000008002cf4                USART2_IRQHandler
                0x0000000008002cf4                I2C2_ER_IRQHandler
                0x0000000008002cf4                DMA2_Stream1_IRQHandler
                0x0000000008002cf4                FLASH_IRQHandler
                0x0000000008002cf4                DMA2_Stream4_IRQHandler
                0x0000000008002cf4                USART1_IRQHandler
                0x0000000008002cf4                OTG_FS_IRQHandler
                0x0000000008002cf4                SPI3_IRQHandler
                0x0000000008002cf4                DMA1_Stream4_IRQHandler
                0x0000000008002cf4                I2C1_ER_IRQHandler
                0x0000000008002cf4                DMA2_Stream6_IRQHandler
                0x0000000008002cf4                DMA1_Stream3_IRQHandler
 *fill*         0x0000000008002cf6        0x2 
 .text.HAL_Init
                0x0000000008002cf8       0x44 ./Drivers/STM32F4xx_HAL_Driver/Src/stm32f4xx_hal.o
                0x0000000008002cf8                HAL_Init
 .text.HAL_DeInit
                0x0000000008002d3c       0x58 ./Drivers/STM32F4xx_HAL_Driver/Src/stm32f4xx_hal.o
                0x0000000008002d3c                HAL_DeInit
 .text.HAL_MspDeInit
                0x0000000008002d94        0xe ./Drivers/STM32F4xx_HAL_Driver/Src/stm32f4xx_hal.o
                0x0000000008002d94                HAL_MspDeInit
 *fill*         0x0000000008002da2        0x2 
 .text.HAL_InitTick
                0x0000000008002da4       0x60 ./Drivers/STM32F4xx_HAL_Driver/Src/stm32f4xx_hal.o
                0x0000000008002da4                HAL_InitTick
 .text.HAL_IncTick
                0x0000000008002e04       0x28 ./Drivers/STM32F4xx_HAL_Driver/Src/stm32f4xx_hal.o
                0x0000000008002e04                HAL_IncTick
 .text.HAL_CAN_Init
                0x0000000008002e2c      0x1f6 ./Drivers/STM32F4xx_HAL_Driver/Src/stm32f4xx_hal_can.o
                0x0000000008002e2c                HAL_CAN_Init
 *fill*         0x0000000008003022        0x2 
 .text.HAL_CAN_ConfigFilter
                0x0000000008003024      0x1c0 ./Drivers/STM32F4xx_HAL_Driver/Src/stm32f4xx_hal_can.o
                0x0000000008003024                HAL_CAN_ConfigFilter
 .text.HAL_CAN_Start
                0x00000000080031e4       0x88 ./Drivers/STM32F4xx_HAL_Driver/Src/stm32f4xx_hal_can.o
                0x00000000080031e4                HAL_CAN_Start
 .text.HAL_CAN_AddTxMessage
                0x000000000800326c      0x1b6 ./Drivers/STM32F4xx_HAL_Driver/Src/stm32f4xx_hal_can.o
                0x000000000800326c                HAL_CAN_AddTxMessage
 .text.HAL_CAN_IsTxMessagePending
                0x0000000008003422       0x48 ./Drivers/STM32F4xx_HAL_Driver/Src/stm32f4xx_hal_can.o
                0x0000000008003422                HAL_CAN_IsTxMessagePending
 .text.HAL_CAN_GetRxMessage
                0x000000000800346a      0x224 ./Drivers/STM32F4xx_HAL_Driver/Src/stm32f4xx_hal_can.o
                0x000000000800346a                HAL_CAN_GetRxMessage
 .text.HAL_CAN_IRQHandler
                0x000000000800368e      0x36e ./Drivers/STM32F4xx_HAL_Driver/Src/stm32f4xx_hal_can.o
                0x000000000800368e                HAL_CAN_IRQHandler
 .text.HAL_CAN_TxMailbox0CompleteCallback
                0x00000000080039fc       0x14 ./Drivers/STM32F4xx_HAL_Driver/Src/stm32f4xx_hal_can.o
                0x00000000080039fc                HAL_CAN_TxMailbox0CompleteCallback
 .text.HAL_CAN_TxMailbox1CompleteCallback
                0x0000000008003a10       0x14 ./Drivers/STM32F4xx_HAL_Driver/Src/stm32f4xx_hal_can.o
                0x0000000008003a10                HAL_CAN_TxMailbox1CompleteCallback
 .text.HAL_CAN_TxMailbox2CompleteCallback
                0x0000000008003a24       0x14 ./Drivers/STM32F4xx_HAL_Driver/Src/stm32f4xx_hal_can.o
                0x0000000008003a24                HAL_CAN_TxMailbox2CompleteCallback
 .text.HAL_CAN_TxMailbox0AbortCallback
                0x0000000008003a38       0x14 ./Drivers/STM32F4xx_HAL_Driver/Src/stm32f4xx_hal_can.o
                0x0000000008003a38                HAL_CAN_TxMailbox0AbortCallback
 .text.HAL_CAN_TxMailbox1AbortCallback
                0x0000000008003a4c       0x14 ./Drivers/STM32F4xx_HAL_Driver/Src/stm32f4xx_hal_can.o
                0x0000000008003a4c                HAL_CAN_TxMailbox1AbortCallback
 .text.HAL_CAN_TxMailbox2AbortCallback
                0x0000000008003a60       0x14 ./Drivers/STM32F4xx_HAL_Driver/Src/stm32f4xx_hal_can.o
                0x0000000008003a60                HAL_CAN_TxMailbox2AbortCallback
 .text.HAL_CAN_RxFifo0MsgPendingCallback
                0x0000000008003a74       0x14 ./Drivers/STM32F4xx_HAL_Driver/Src/stm32f4xx_hal_can.o
                0x0000000008003a74                HAL_CAN_RxFifo0MsgPendingCallback
 .text.HAL_CAN_RxFifo0FullCallback
                0x0000000008003a88       0x14 ./Drivers/STM32F4xx_HAL_Driver/Src/stm32f4xx_hal_can.o
                0x0000000008003a88                HAL_CAN_RxFifo0FullCallback
 .text.HAL_CAN_RxFifo1MsgPendingCallback
                0x0000000008003a9c       0x14 ./Drivers/STM32F4xx_HAL_Driver/Src/stm32f4xx_hal_can.o
                0x0000000008003a9c                HAL_CAN_RxFifo1MsgPendingCallback
 .text.HAL_CAN_RxFifo1FullCallback
                0x0000000008003ab0       0x14 ./Drivers/STM32F4xx_HAL_Driver/Src/stm32f4xx_hal_can.o
                0x0000000008003ab0                HAL_CAN_RxFifo1FullCallback
 .text.HAL_CAN_SleepCallback
                0x0000000008003ac4       0x14 ./Drivers/STM32F4xx_HAL_Driver/Src/stm32f4xx_hal_can.o
                0x0000000008003ac4                HAL_CAN_SleepCallback
 .text.HAL_CAN_WakeUpFromRxMsgCallback
                0x0000000008003ad8       0x14 ./Drivers/STM32F4xx_HAL_Driver/Src/stm32f4xx_hal_can.o
                0x0000000008003ad8                HAL_CAN_WakeUpFromRxMsgCallback
 .text.HAL_CAN_ErrorCallback
                0x0000000008003aec       0x14 ./Drivers/STM32F4xx_HAL_Driver/Src/stm32f4xx_hal_can.o
                0x0000000008003aec                HAL_CAN_ErrorCallback
 .text.__NVIC_SetPriorityGrouping
                0x0000000008003b00       0x48 ./Drivers/STM32F4xx_HAL_Driver/Src/stm32f4xx_hal_cortex.o
 .text.__NVIC_GetPriorityGrouping
                0x0000000008003b48       0x1c ./Drivers/STM32F4xx_HAL_Driver/Src/stm32f4xx_hal_cortex.o
 .text.__NVIC_EnableIRQ
                0x0000000008003b64       0x3c ./Drivers/STM32F4xx_HAL_Driver/Src/stm32f4xx_hal_cortex.o
 .text.__NVIC_SetPriority
                0x0000000008003ba0       0x54 ./Drivers/STM32F4xx_HAL_Driver/Src/stm32f4xx_hal_cortex.o
 .text.NVIC_EncodePriority
                0x0000000008003bf4       0x66 ./Drivers/STM32F4xx_HAL_Driver/Src/stm32f4xx_hal_cortex.o
 *fill*         0x0000000008003c5a        0x2 
 .text.SysTick_Config
                0x0000000008003c5c       0x44 ./Drivers/STM32F4xx_HAL_Driver/Src/stm32f4xx_hal_cortex.o
 .text.HAL_NVIC_SetPriorityGrouping
                0x0000000008003ca0       0x16 ./Drivers/STM32F4xx_HAL_Driver/Src/stm32f4xx_hal_cortex.o
                0x0000000008003ca0                HAL_NVIC_SetPriorityGrouping
 .text.HAL_NVIC_SetPriority
                0x0000000008003cb6       0x38 ./Drivers/STM32F4xx_HAL_Driver/Src/stm32f4xx_hal_cortex.o
                0x0000000008003cb6                HAL_NVIC_SetPriority
 .text.HAL_NVIC_EnableIRQ
                0x0000000008003cee       0x1c ./Drivers/STM32F4xx_HAL_Driver/Src/stm32f4xx_hal_cortex.o
                0x0000000008003cee                HAL_NVIC_EnableIRQ
 .text.HAL_SYSTICK_Config
                0x0000000008003d0a       0x18 ./Drivers/STM32F4xx_HAL_Driver/Src/stm32f4xx_hal_cortex.o
                0x0000000008003d0a                HAL_SYSTICK_Config
 *fill*         0x0000000008003d22        0x2 
 .text.HAL_FLASH_Program
                0x0000000008003d24       0xa8 ./Drivers/STM32F4xx_HAL_Driver/Src/stm32f4xx_hal_flash.o
                0x0000000008003d24                HAL_FLASH_Program
 .text.HAL_FLASH_Unlock
                0x0000000008003dcc       0x44 ./Drivers/STM32F4xx_HAL_Driver/Src/stm32f4xx_hal_flash.o
                0x0000000008003dcc                HAL_FLASH_Unlock
 .text.HAL_FLASH_Lock
                0x0000000008003e10       0x20 ./Drivers/STM32F4xx_HAL_Driver/Src/stm32f4xx_hal_flash.o
                0x0000000008003e10                HAL_FLASH_Lock
 .text.FLASH_WaitForLastOperation
                0x0000000008003e30       0x80 ./Drivers/STM32F4xx_HAL_Driver/Src/stm32f4xx_hal_flash.o
                0x0000000008003e30                FLASH_WaitForLastOperation
 .text.FLASH_Program_DoubleWord
                0x0000000008003eb0       0x64 ./Drivers/STM32F4xx_HAL_Driver/Src/stm32f4xx_hal_flash.o
 .text.FLASH_Program_Word
                0x0000000008003f14       0x44 ./Drivers/STM32F4xx_HAL_Driver/Src/stm32f4xx_hal_flash.o
 .text.FLASH_Program_HalfWord
                0x0000000008003f58       0x48 ./Drivers/STM32F4xx_HAL_Driver/Src/stm32f4xx_hal_flash.o
 .text.FLASH_Program_Byte
                0x0000000008003fa0       0x44 ./Drivers/STM32F4xx_HAL_Driver/Src/stm32f4xx_hal_flash.o
 .text.FLASH_SetErrorCode
                0x0000000008003fe4       0xac ./Drivers/STM32F4xx_HAL_Driver/Src/stm32f4xx_hal_flash.o
 .text.HAL_FLASHEx_Erase
                0x0000000008004090       0xe0 ./Drivers/STM32F4xx_HAL_Driver/Src/stm32f4xx_hal_flash_ex.o
                0x0000000008004090                HAL_FLASHEx_Erase
 .text.FLASH_MassErase
                0x0000000008004170       0x48 ./Drivers/STM32F4xx_HAL_Driver/Src/stm32f4xx_hal_flash_ex.o
 .text.FLASH_Erase_Sector
                0x00000000080041b8       0x90 ./Drivers/STM32F4xx_HAL_Driver/Src/stm32f4xx_hal_flash_ex.o
                0x00000000080041b8                FLASH_Erase_Sector
 .text.FLASH_FlushCaches
                0x0000000008004248       0x8c ./Drivers/STM32F4xx_HAL_Driver/Src/stm32f4xx_hal_flash_ex.o
                0x0000000008004248                FLASH_FlushCaches
 .text.HAL_GPIO_Init
                0x00000000080042d4      0x338 ./Drivers/STM32F4xx_HAL_Driver/Src/stm32f4xx_hal_gpio.o
                0x00000000080042d4                HAL_GPIO_Init
 .text.HAL_GPIO_WritePin
                0x000000000800460c       0x32 ./Drivers/STM32F4xx_HAL_Driver/Src/stm32f4xx_hal_gpio.o
                0x000000000800460c                HAL_GPIO_WritePin
 .text.LL_ADC_REG_SetSequencerLength
                0x000000000800463e       0x26 ./Drivers/STM32F4xx_HAL_Driver/Src/stm32f4xx_ll_adc.o
 .text.LL_ADC_IsEnabled
                0x0000000008004664       0x26 ./Drivers/STM32F4xx_HAL_Driver/Src/stm32f4xx_ll_adc.o
 *fill*         0x000000000800468a        0x2 
 .text.LL_ADC_CommonInit
                0x000000000800468c       0x90 ./Drivers/STM32F4xx_HAL_Driver/Src/stm32f4xx_ll_adc.o
                0x000000000800468c                LL_ADC_CommonInit
 .text.LL_ADC_Init
                0x000000000800471c       0x58 ./Drivers/STM32F4xx_HAL_Driver/Src/stm32f4xx_ll_adc.o
                0x000000000800471c                LL_ADC_Init
 .text.LL_ADC_REG_Init
                0x0000000008004774       0x84 ./Drivers/STM32F4xx_HAL_Driver/Src/stm32f4xx_ll_adc.o
                0x0000000008004774                LL_ADC_REG_Init
 .text.LL_EXTI_EnableIT_0_31
                0x00000000080047f8       0x24 ./Drivers/STM32F4xx_HAL_Driver/Src/stm32f4xx_ll_exti.o
 .text.LL_EXTI_DisableIT_0_31
                0x000000000800481c       0x28 ./Drivers/STM32F4xx_HAL_Driver/Src/stm32f4xx_ll_exti.o
 .text.LL_EXTI_EnableEvent_0_31
                0x0000000008004844       0x24 ./Drivers/STM32F4xx_HAL_Driver/Src/stm32f4xx_ll_exti.o
 .text.LL_EXTI_DisableEvent_0_31
                0x0000000008004868       0x28 ./Drivers/STM32F4xx_HAL_Driver/Src/stm32f4xx_ll_exti.o
 .text.LL_EXTI_EnableRisingTrig_0_31
                0x0000000008004890       0x24 ./Drivers/STM32F4xx_HAL_Driver/Src/stm32f4xx_ll_exti.o
 .text.LL_EXTI_DisableRisingTrig_0_31
                0x00000000080048b4       0x28 ./Drivers/STM32F4xx_HAL_Driver/Src/stm32f4xx_ll_exti.o
 .text.LL_EXTI_EnableFallingTrig_0_31
                0x00000000080048dc       0x24 ./Drivers/STM32F4xx_HAL_Driver/Src/stm32f4xx_ll_exti.o
 .text.LL_EXTI_DisableFallingTrig_0_31
                0x0000000008004900       0x28 ./Drivers/STM32F4xx_HAL_Driver/Src/stm32f4xx_ll_exti.o
 .text.LL_EXTI_Init
                0x0000000008004928      0x102 ./Drivers/STM32F4xx_HAL_Driver/Src/stm32f4xx_ll_exti.o
                0x0000000008004928                LL_EXTI_Init
 .text.LL_GPIO_SetPinMode
                0x0000000008004a2a       0x5e ./Drivers/STM32F4xx_HAL_Driver/Src/stm32f4xx_ll_gpio.o
 .text.LL_GPIO_SetPinOutputType
                0x0000000008004a88       0x30 ./Drivers/STM32F4xx_HAL_Driver/Src/stm32f4xx_ll_gpio.o
 .text.LL_GPIO_SetPinSpeed
                0x0000000008004ab8       0x5e ./Drivers/STM32F4xx_HAL_Driver/Src/stm32f4xx_ll_gpio.o
 .text.LL_GPIO_SetPinPull
                0x0000000008004b16       0x5e ./Drivers/STM32F4xx_HAL_Driver/Src/stm32f4xx_ll_gpio.o
 .text.LL_GPIO_SetAFPin_0_7
                0x0000000008004b74       0x5e ./Drivers/STM32F4xx_HAL_Driver/Src/stm32f4xx_ll_gpio.o
 .text.LL_GPIO_SetAFPin_8_15
                0x0000000008004bd2       0x62 ./Drivers/STM32F4xx_HAL_Driver/Src/stm32f4xx_ll_gpio.o
 .text.LL_GPIO_Init
                0x0000000008004c34       0xe6 ./Drivers/STM32F4xx_HAL_Driver/Src/stm32f4xx_ll_gpio.o
                0x0000000008004c34                LL_GPIO_Init
 *fill*         0x0000000008004d1a        0x2 
 .text.LL_RCC_GetSysClkSource
                0x0000000008004d1c       0x1c ./Drivers/STM32F4xx_HAL_Driver/Src/stm32f4xx_ll_rcc.o
 .text.LL_RCC_GetAHBPrescaler
                0x0000000008004d38       0x1c ./Drivers/STM32F4xx_HAL_Driver/Src/stm32f4xx_ll_rcc.o
 .text.LL_RCC_GetAPB1Prescaler
                0x0000000008004d54       0x1c ./Drivers/STM32F4xx_HAL_Driver/Src/stm32f4xx_ll_rcc.o
 .text.LL_RCC_GetAPB2Prescaler
                0x0000000008004d70       0x1c ./Drivers/STM32F4xx_HAL_Driver/Src/stm32f4xx_ll_rcc.o
 .text.LL_RCC_PLL_GetMainSource
                0x0000000008004d8c       0x1c ./Drivers/STM32F4xx_HAL_Driver/Src/stm32f4xx_ll_rcc.o
 .text.LL_RCC_PLL_GetN
                0x0000000008004da8       0x1c ./Drivers/STM32F4xx_HAL_Driver/Src/stm32f4xx_ll_rcc.o
 .text.LL_RCC_PLL_GetP
                0x0000000008004dc4       0x1c ./Drivers/STM32F4xx_HAL_Driver/Src/stm32f4xx_ll_rcc.o
 .text.LL_RCC_PLL_GetDivider
                0x0000000008004de0       0x1c ./Drivers/STM32F4xx_HAL_Driver/Src/stm32f4xx_ll_rcc.o
 .text.LL_RCC_GetSystemClocksFreq
                0x0000000008004dfc       0x4a ./Drivers/STM32F4xx_HAL_Driver/Src/stm32f4xx_ll_rcc.o
                0x0000000008004dfc                LL_RCC_GetSystemClocksFreq
 *fill*         0x0000000008004e46        0x2 
 .text.RCC_GetSystemClockFreq
                0x0000000008004e48       0x50 ./Drivers/STM32F4xx_HAL_Driver/Src/stm32f4xx_ll_rcc.o
                0x0000000008004e48                RCC_GetSystemClockFreq
 .text.RCC_GetHCLKClockFreq
                0x0000000008004e98       0x2c ./Drivers/STM32F4xx_HAL_Driver/Src/stm32f4xx_ll_rcc.o
                0x0000000008004e98                RCC_GetHCLKClockFreq
 .text.RCC_GetPCLK1ClockFreq
                0x0000000008004ec4       0x28 ./Drivers/STM32F4xx_HAL_Driver/Src/stm32f4xx_ll_rcc.o
                0x0000000008004ec4                RCC_GetPCLK1ClockFreq
 .text.RCC_GetPCLK2ClockFreq
                0x0000000008004eec       0x28 ./Drivers/STM32F4xx_HAL_Driver/Src/stm32f4xx_ll_rcc.o
                0x0000000008004eec                RCC_GetPCLK2ClockFreq
 .text.RCC_PLL_GetFreqDomain_SYS
                0x0000000008004f14       0x7c ./Drivers/STM32F4xx_HAL_Driver/Src/stm32f4xx_ll_rcc.o
                0x0000000008004f14                RCC_PLL_GetFreqDomain_SYS
 .text.LL_TIM_SetPrescaler
                0x0000000008004f90       0x1c ./Drivers/STM32F4xx_HAL_Driver/Src/stm32f4xx_ll_tim.o
 .text.LL_TIM_SetAutoReload
                0x0000000008004fac       0x1c ./Drivers/STM32F4xx_HAL_Driver/Src/stm32f4xx_ll_tim.o
 .text.LL_TIM_SetRepetitionCounter
                0x0000000008004fc8       0x1c ./Drivers/STM32F4xx_HAL_Driver/Src/stm32f4xx_ll_tim.o
 .text.LL_TIM_OC_SetCompareCH1
                0x0000000008004fe4       0x1c ./Drivers/STM32F4xx_HAL_Driver/Src/stm32f4xx_ll_tim.o
 .text.LL_TIM_OC_SetCompareCH2
                0x0000000008005000       0x1c ./Drivers/STM32F4xx_HAL_Driver/Src/stm32f4xx_ll_tim.o
 .text.LL_TIM_OC_SetCompareCH3
                0x000000000800501c       0x1c ./Drivers/STM32F4xx_HAL_Driver/Src/stm32f4xx_ll_tim.o
 .text.LL_TIM_OC_SetCompareCH4
                0x0000000008005038       0x1c ./Drivers/STM32F4xx_HAL_Driver/Src/stm32f4xx_ll_tim.o
 .text.LL_TIM_GenerateEvent_UPDATE
                0x0000000008005054       0x20 ./Drivers/STM32F4xx_HAL_Driver/Src/stm32f4xx_ll_tim.o
 .text.LL_TIM_Init
                0x0000000008005074      0x134 ./Drivers/STM32F4xx_HAL_Driver/Src/stm32f4xx_ll_tim.o
                0x0000000008005074                LL_TIM_Init
 .text.LL_TIM_OC_Init
                0x00000000080051a8       0x82 ./Drivers/STM32F4xx_HAL_Driver/Src/stm32f4xx_ll_tim.o
                0x00000000080051a8                LL_TIM_OC_Init
 *fill*         0x000000000800522a        0x2 
 .text.OC1Config
                0x000000000800522c       0xd8 ./Drivers/STM32F4xx_HAL_Driver/Src/stm32f4xx_ll_tim.o
 .text.OC2Config
                0x0000000008005304       0xe0 ./Drivers/STM32F4xx_HAL_Driver/Src/stm32f4xx_ll_tim.o
 .text.OC3Config
                0x00000000080053e4       0xe0 ./Drivers/STM32F4xx_HAL_Driver/Src/stm32f4xx_ll_tim.o
 .text.OC4Config
                0x00000000080054c4       0xb0 ./Drivers/STM32F4xx_HAL_Driver/Src/stm32f4xx_ll_tim.o
 .text.LL_SetSystemCoreClock
                0x0000000008005574       0x20 ./Drivers/STM32F4xx_HAL_Driver/Src/stm32f4xx_ll_utils.o
                0x0000000008005574                LL_SetSystemCoreClock
 .text.__libc_init_array
                0x0000000008005594       0x48 c:/st/stm32cubeide_1.10.1/stm32cubeide/plugins/com.st.stm32cube.ide.mcu.externaltools.gnu-tools-for-stm32.10.3-2021.10.win32_1.0.0.202111181127/tools/bin/../lib/gcc/arm-none-eabi/10.3.1/../../../../arm-none-eabi/lib/thumb/v7e-m+fp/hard\libc_nano.a(lib_a-init.o)
                0x0000000008005594                __libc_init_array
 .text.memset   0x00000000080055dc       0x10 c:/st/stm32cubeide_1.10.1/stm32cubeide/plugins/com.st.stm32cube.ide.mcu.externaltools.gnu-tools-for-stm32.10.3-2021.10.win32_1.0.0.202111181127/tools/bin/../lib/gcc/arm-none-eabi/10.3.1/../../../../arm-none-eabi/lib/thumb/v7e-m+fp/hard\libc_nano.a(lib_a-memset.o)
                0x00000000080055dc                memset
 *(.glue_7)
 .glue_7        0x00000000080055ec        0x0 linker stubs
 *(.glue_7t)
 .glue_7t       0x00000000080055ec        0x0 linker stubs
 *(.eh_frame)
 .eh_frame      0x00000000080055ec        0x0 c:/st/stm32cubeide_1.10.1/stm32cubeide/plugins/com.st.stm32cube.ide.mcu.externaltools.gnu-tools-for-stm32.10.3-2021.10.win32_1.0.0.202111181127/tools/bin/../lib/gcc/arm-none-eabi/10.3.1/thumb/v7e-m+fp/hard/crtbegin.o
 *(.init)
 .init          0x00000000080055ec        0x4 c:/st/stm32cubeide_1.10.1/stm32cubeide/plugins/com.st.stm32cube.ide.mcu.externaltools.gnu-tools-for-stm32.10.3-2021.10.win32_1.0.0.202111181127/tools/bin/../lib/gcc/arm-none-eabi/10.3.1/thumb/v7e-m+fp/hard/crti.o
                0x00000000080055ec                _init
 .init          0x00000000080055f0        0x8 c:/st/stm32cubeide_1.10.1/stm32cubeide/plugins/com.st.stm32cube.ide.mcu.externaltools.gnu-tools-for-stm32.10.3-2021.10.win32_1.0.0.202111181127/tools/bin/../lib/gcc/arm-none-eabi/10.3.1/thumb/v7e-m+fp/hard/crtn.o
 *(.fini)
 .fini          0x00000000080055f8        0x4 c:/st/stm32cubeide_1.10.1/stm32cubeide/plugins/com.st.stm32cube.ide.mcu.externaltools.gnu-tools-for-stm32.10.3-2021.10.win32_1.0.0.202111181127/tools/bin/../lib/gcc/arm-none-eabi/10.3.1/thumb/v7e-m+fp/hard/crti.o
                0x00000000080055f8                _fini
 .fini          0x00000000080055fc        0x8 c:/st/stm32cubeide_1.10.1/stm32cubeide/plugins/com.st.stm32cube.ide.mcu.externaltools.gnu-tools-for-stm32.10.3-2021.10.win32_1.0.0.202111181127/tools/bin/../lib/gcc/arm-none-eabi/10.3.1/thumb/v7e-m+fp/hard/crtn.o
                0x0000000008005604                . = ALIGN (0x4)
                0x0000000008005604                _etext = .

.vfp11_veneer   0x0000000008005604        0x0
 .vfp11_veneer  0x0000000008005604        0x0 linker stubs

.v4_bx          0x0000000008005604        0x0
 .v4_bx         0x0000000008005604        0x0 linker stubs

.iplt           0x0000000008005604        0x0
 .iplt          0x0000000008005604        0x0 c:/st/stm32cubeide_1.10.1/stm32cubeide/plugins/com.st.stm32cube.ide.mcu.externaltools.gnu-tools-for-stm32.10.3-2021.10.win32_1.0.0.202111181127/tools/bin/../lib/gcc/arm-none-eabi/10.3.1/thumb/v7e-m+fp/hard/crtbegin.o

.rodata         0x0000000008005604      0x18c
                0x0000000008005604                . = ALIGN (0x4)
 *(.rodata)
 .rodata        0x0000000008005604       0x12 ./Core/Src/can.o
 *fill*         0x0000000008005616        0x2 
 .rodata        0x0000000008005618       0x14 ./Core/Src/flash.o
 *(.rodata*)
 .rodata.canTiming
                0x000000000800562c       0x24 ./Core/Src/can.o
 .rodata.flashLayout
                0x0000000008005650      0x108 ./Core/Src/flash.o
 .rodata.STREAM_OFFSET_TAB
                0x0000000008005758        0x8 ./Core/Src/main.o
 .rodata.OFFSET_TAB_CCMRx
                0x0000000008005760        0x7 ./Core/Src/main.o
 *fill*         0x0000000008005767        0x1 
 .rodata.SHIFT_TAB_OCxx
                0x0000000008005768        0x7 ./Core/Src/main.o
 *fill*         0x000000000800576f        0x1 
 .rodata.AHBPrescTable
                0x0000000008005770       0x10 ./Core/Src/system_stm32f4xx.o
                0x0000000008005770                AHBPrescTable
 .rodata.APBPrescTable
                0x0000000008005780        0x8 ./Core/Src/system_stm32f4xx.o
                0x0000000008005780                APBPrescTable
 .rodata.xcpStationId
                0x0000000008005788        0x8 ./Core/Src/xcp.o
                0x0000000008005790                . = ALIGN (0x4)

.rel.dyn        0x0000000008005790        0x0
 .rel.iplt      0x0000000008005790        0x0 c:/st/stm32cubeide_1.10.1/stm32cubeide/plugins/com.st.stm32cube.ide.mcu.externaltools.gnu-tools-for-stm32.10.3-2021.10.win32_1.0.0.202111181127/tools/bin/../lib/gcc/arm-none-eabi/10.3.1/thumb/v7e-m+fp/hard/crtbegin.o

.ARM.extab      0x0000000008005790        0x0
                0x0000000008005790                . = ALIGN (0x4)
 *(.ARM.extab* .gnu.linkonce.armextab.*)
                0x0000000008005790                . = ALIGN (0x4)

.ARM            0x0000000008005790        0x0
                0x0000000008005790                . = ALIGN (0x4)
                0x0000000008005790                __exidx_start = .
 *(.ARM.exidx*)
                0x0000000008005790                __exidx_end = .
                0x0000000008005790                . = ALIGN (0x4)

.preinit_array  0x0000000008005790        0x0
                0x0000000008005790                . = ALIGN (0x4)
                0x0000000008005790                PROVIDE (__preinit_array_start = .)
 *(.preinit_array*)
                0x0000000008005790                PROVIDE (__preinit_array_end = .)
                0x0000000008005790                . = ALIGN (0x4)

.init_array     0x0000000008005790        0x4
                0x0000000008005790                . = ALIGN (0x4)
                0x0000000008005790                PROVIDE (__init_array_start = .)
 *(SORT_BY_NAME(.init_array.*))
 *(.init_array*)
 .init_array    0x0000000008005790        0x4 c:/st/stm32cubeide_1.10.1/stm32cubeide/plugins/com.st.stm32cube.ide.mcu.externaltools.gnu-tools-for-stm32.10.3-2021.10.win32_1.0.0.202111181127/tools/bin/../lib/gcc/arm-none-eabi/10.3.1/thumb/v7e-m+fp/hard/crtbegin.o
                0x0000000008005794                PROVIDE (__init_array_end = .)
                0x0000000008005794                . = ALIGN (0x4)

.fini_array     0x0000000008005794        0x4
                0x0000000008005794                . = ALIGN (0x4)
                [!provide]                        PROVIDE (__fini_array_start = .)
 *(SORT_BY_NAME(.fini_array.*))
 *(.fini_array*)
 .fini_array    0x0000000008005794        0x4 c:/st/stm32cubeide_1.10.1/stm32cubeide/plugins/com.st.stm32cube.ide.mcu.externaltools.gnu-tools-for-stm32.10.3-2021.10.win32_1.0.0.202111181127/tools/bin/../lib/gcc/arm-none-eabi/10.3.1/thumb/v7e-m+fp/hard/crtbegin.o
                [!provide]                        PROVIDE (__fini_array_end = .)
                0x0000000008005798                . = ALIGN (0x4)
                0x0000000008005798                _sidata = LOADADDR (.data)

.data           0x0000000020000000       0x10 load address 0x0000000008005798
                0x0000000020000000                . = ALIGN (0x4)
                0x0000000020000000                _sdata = .
 *(.data)
 *(.data*)
 .data.comActiveInterface
                0x0000000020000000        0x1 ./Core/Src/com.o
 *fill*         0x0000000020000001        0x3 
 .data.SystemCoreClock
                0x0000000020000004        0x4 ./Core/Src/system_stm32f4xx.o
                0x0000000020000004                SystemCoreClock
 .data.uwTickPrio
                0x0000000020000008        0x4 ./Drivers/STM32F4xx_HAL_Driver/Src/stm32f4xx_hal.o
                0x0000000020000008                uwTickPrio
 .data.uwTickFreq
                0x000000002000000c        0x1 ./Drivers/STM32F4xx_HAL_Driver/Src/stm32f4xx_hal.o
                0x000000002000000c                uwTickFreq
 *(.RamFunc)
 *(.RamFunc*)
                0x0000000020000010                . = ALIGN (0x4)
 *fill*         0x000000002000000d        0x3 
                0x0000000020000010                _edata = .
                0x00000000080057a8                _siccmram = LOADADDR (.ccmram)

.igot.plt       0x0000000020000010        0x0 load address 0x00000000080057a8
 .igot.plt      0x0000000020000010        0x0 c:/st/stm32cubeide_1.10.1/stm32cubeide/plugins/com.st.stm32cube.ide.mcu.externaltools.gnu-tools-for-stm32.10.3-2021.10.win32_1.0.0.202111181127/tools/bin/../lib/gcc/arm-none-eabi/10.3.1/thumb/v7e-m+fp/hard/crtbegin.o

.ccmram         0x0000000010000000        0x0 load address 0x00000000080057a8
                0x0000000010000000                . = ALIGN (0x4)
                0x0000000010000000                _sccmram = .
 *(.ccmram)
 *(.ccmram*)
                0x0000000010000000                . = ALIGN (0x4)
                0x0000000010000000                _eccmram = .
                0x0000000010000000                . = ALIGN (0x4)

.bss            0x0000000020000010      0x5c8
                0x0000000020000010                _sbss = .
                0x0000000020000010                __bss_start__ = _sbss
 *(.bss)
 .bss           0x0000000020000010       0x1c c:/st/stm32cubeide_1.10.1/stm32cubeide/plugins/com.st.stm32cube.ide.mcu.externaltools.gnu-tools-for-stm32.10.3-2021.10.win32_1.0.0.202111181127/tools/bin/../lib/gcc/arm-none-eabi/10.3.1/thumb/v7e-m+fp/hard/crtbegin.o
 *(.bss*)
 .bss.backdoorOpen
                0x000000002000002c        0x1 ./Core/Src/backdoor.o
 *fill*         0x000000002000002d        0x3 
 .bss.backdoorOpenTime
                0x0000000020000030        0x4 ./Core/Src/backdoor.o
 .bss.backdoorExtensionTime
                0x0000000020000034        0x4 ./Core/Src/backdoor.o
 .bss.canHandle
                0x0000000020000038       0x28 ./Core/Src/can.o
 .bss.xcpCtoReqPacket.0
                0x0000000020000060       0x81 ./Core/Src/com.o
 *fill*         0x00000000200000e1        0x3 
 .bss.blockInfo
                0x00000000200000e4      0x204 ./Core/Src/flash.o
 .bss.bootBlockInfo
                0x00000000200002e8      0x204 ./Core/Src/flash.o
 .bss.ledBlinkIntervalMs
                0x00000000200004ec        0x2 ./Core/Src/led.o
 *fill*         0x00000000200004ee        0x2 
 .bss.nextBlinkEvent.1
                0x00000000200004f0        0x4 ./Core/Src/led.o
 .bss.ledOn.0   0x00000000200004f4        0x1 ./Core/Src/led.o
 *fill*         0x00000000200004f5        0x3 
 .bss.hcan1     0x00000000200004f8       0x28 ./Core/Src/main.o
                0x00000000200004f8                hcan1
 .bss.millisecond_counter
                0x0000000020000520        0x4 ./Core/Src/timer.o
 .bss.free_running_counter_last
                0x0000000020000524        0x2 ./Core/Src/timer.o
 *fill*         0x0000000020000526        0x2 
 .bss.xcpInfo   0x0000000020000528       0x8c ./Core/Src/xcp.o
 .bss.uwTick    0x00000000200005b4        0x4 ./Drivers/STM32F4xx_HAL_Driver/Src/stm32f4xx_hal.o
                0x00000000200005b4                uwTick
 .bss.pFlash    0x00000000200005b8       0x20 ./Drivers/STM32F4xx_HAL_Driver/Src/stm32f4xx_hal_flash.o
                0x00000000200005b8                pFlash
 *(COMMON)
                0x00000000200005d8                . = ALIGN (0x4)
                0x00000000200005d8                _ebss = .
                0x00000000200005d8                __bss_end__ = _ebss

._user_heap_stack
                0x00000000200005d8      0x600
                0x00000000200005d8                . = ALIGN (0x8)
                [!provide]                        PROVIDE (end = .)
                0x00000000200005d8                PROVIDE (_end = .)
                0x00000000200007d8                . = (. + _Min_Heap_Size)
 *fill*         0x00000000200005d8      0x200 
                0x0000000020000bd8                . = (. + _Min_Stack_Size)
 *fill*         0x00000000200007d8      0x400 
                0x0000000020000bd8                . = ALIGN (0x8)

/DISCARD/
 libc.a(*)
 libm.a(*)
 libgcc.a(*)

.ARM.attributes
                0x0000000000000000       0x30
 *(.ARM.attributes)
 .ARM.attributes
                0x0000000000000000       0x1e c:/st/stm32cubeide_1.10.1/stm32cubeide/plugins/com.st.stm32cube.ide.mcu.externaltools.gnu-tools-for-stm32.10.3-2021.10.win32_1.0.0.202111181127/tools/bin/../lib/gcc/arm-none-eabi/10.3.1/thumb/v7e-m+fp/hard/crti.o
 .ARM.attributes
                0x000000000000001e       0x34 c:/st/stm32cubeide_1.10.1/stm32cubeide/plugins/com.st.stm32cube.ide.mcu.externaltools.gnu-tools-for-stm32.10.3-2021.10.win32_1.0.0.202111181127/tools/bin/../lib/gcc/arm-none-eabi/10.3.1/thumb/v7e-m+fp/hard/crtbegin.o
 .ARM.attributes
                0x0000000000000052       0x34 ./Core/Src/asserts.o
 .ARM.attributes
                0x0000000000000086       0x34 ./Core/Src/backdoor.o
 .ARM.attributes
                0x00000000000000ba       0x34 ./Core/Src/boot.o
 .ARM.attributes
                0x00000000000000ee       0x34 ./Core/Src/can.o
 .ARM.attributes
                0x0000000000000122       0x34 ./Core/Src/com.o
 .ARM.attributes
                0x0000000000000156       0x34 ./Core/Src/cop.o
 .ARM.attributes
                0x000000000000018a       0x34 ./Core/Src/cpu.o
 .ARM.attributes
                0x00000000000001be       0x34 ./Core/Src/cpu_comp.o
 .ARM.attributes
                0x00000000000001f2       0x34 ./Core/Src/flash.o
 .ARM.attributes
                0x0000000000000226       0x34 ./Core/Src/hooks.o
 .ARM.attributes
                0x000000000000025a       0x34 ./Core/Src/led.o
 .ARM.attributes
                0x000000000000028e       0x34 ./Core/Src/main.o
 .ARM.attributes
                0x00000000000002c2       0x34 ./Core/Src/nvm.o
 .ARM.attributes
                0x00000000000002f6       0x34 ./Core/Src/stm32f4xx_hal_msp.o
 .ARM.attributes
                0x000000000000032a       0x34 ./Core/Src/stm32f4xx_it.o
 .ARM.attributes
                0x000000000000035e       0x34 ./Core/Src/system_stm32f4xx.o
 .ARM.attributes
                0x0000000000000392       0x34 ./Core/Src/timer.o
 .ARM.attributes
                0x00000000000003c6       0x34 ./Core/Src/xcp.o
 .ARM.attributes
                0x00000000000003fa       0x21 ./Core/Startup/startup_stm32f405rgtx.o
 .ARM.attributes
                0x000000000000041b       0x34 ./Drivers/STM32F4xx_HAL_Driver/Src/stm32f4xx_hal.o
 .ARM.attributes
                0x000000000000044f       0x34 ./Drivers/STM32F4xx_HAL_Driver/Src/stm32f4xx_hal_can.o
 .ARM.attributes
                0x0000000000000483       0x34 ./Drivers/STM32F4xx_HAL_Driver/Src/stm32f4xx_hal_cortex.o
 .ARM.attributes
                0x00000000000004b7       0x34 ./Drivers/STM32F4xx_HAL_Driver/Src/stm32f4xx_hal_flash.o
 .ARM.attributes
                0x00000000000004eb       0x34 ./Drivers/STM32F4xx_HAL_Driver/Src/stm32f4xx_hal_flash_ex.o
 .ARM.attributes
                0x000000000000051f       0x34 ./Drivers/STM32F4xx_HAL_Driver/Src/stm32f4xx_hal_gpio.o
 .ARM.attributes
                0x0000000000000553       0x34 ./Drivers/STM32F4xx_HAL_Driver/Src/stm32f4xx_ll_adc.o
 .ARM.attributes
                0x0000000000000587       0x34 ./Drivers/STM32F4xx_HAL_Driver/Src/stm32f4xx_ll_exti.o
 .ARM.attributes
                0x00000000000005bb       0x34 ./Drivers/STM32F4xx_HAL_Driver/Src/stm32f4xx_ll_gpio.o
 .ARM.attributes
                0x00000000000005ef       0x34 ./Drivers/STM32F4xx_HAL_Driver/Src/stm32f4xx_ll_rcc.o
 .ARM.attributes
                0x0000000000000623       0x34 ./Drivers/STM32F4xx_HAL_Driver/Src/stm32f4xx_ll_tim.o
 .ARM.attributes
                0x0000000000000657       0x34 ./Drivers/STM32F4xx_HAL_Driver/Src/stm32f4xx_ll_utils.o
 .ARM.attributes
                0x000000000000068b       0x34 c:/st/stm32cubeide_1.10.1/stm32cubeide/plugins/com.st.stm32cube.ide.mcu.externaltools.gnu-tools-for-stm32.10.3-2021.10.win32_1.0.0.202111181127/tools/bin/../lib/gcc/arm-none-eabi/10.3.1/../../../../arm-none-eabi/lib/thumb/v7e-m+fp/hard\libc_nano.a(lib_a-init.o)
 .ARM.attributes
                0x00000000000006bf       0x34 c:/st/stm32cubeide_1.10.1/stm32cubeide/plugins/com.st.stm32cube.ide.mcu.externaltools.gnu-tools-for-stm32.10.3-2021.10.win32_1.0.0.202111181127/tools/bin/../lib/gcc/arm-none-eabi/10.3.1/../../../../arm-none-eabi/lib/thumb/v7e-m+fp/hard\libc_nano.a(lib_a-memset.o)
 .ARM.attributes
                0x00000000000006f3       0x1e c:/st/stm32cubeide_1.10.1/stm32cubeide/plugins/com.st.stm32cube.ide.mcu.externaltools.gnu-tools-for-stm32.10.3-2021.10.win32_1.0.0.202111181127/tools/bin/../lib/gcc/arm-none-eabi/10.3.1/thumb/v7e-m+fp/hard/crtn.o
OUTPUT(Bootloader.elf elf32-littlearm)
LOAD linker stubs
LOAD c:/st/stm32cubeide_1.10.1/stm32cubeide/plugins/com.st.stm32cube.ide.mcu.externaltools.gnu-tools-for-stm32.10.3-2021.10.win32_1.0.0.202111181127/tools/bin/../lib/gcc/arm-none-eabi/10.3.1/../../../../arm-none-eabi/lib/thumb/v7e-m+fp/hard\libc.a
LOAD c:/st/stm32cubeide_1.10.1/stm32cubeide/plugins/com.st.stm32cube.ide.mcu.externaltools.gnu-tools-for-stm32.10.3-2021.10.win32_1.0.0.202111181127/tools/bin/../lib/gcc/arm-none-eabi/10.3.1/../../../../arm-none-eabi/lib/thumb/v7e-m+fp/hard\libm.a
LOAD c:/st/stm32cubeide_1.10.1/stm32cubeide/plugins/com.st.stm32cube.ide.mcu.externaltools.gnu-tools-for-stm32.10.3-2021.10.win32_1.0.0.202111181127/tools/bin/../lib/gcc/arm-none-eabi/10.3.1/thumb/v7e-m+fp/hard\libgcc.a

.debug_info     0x0000000000000000     0xda8c
 .debug_info    0x0000000000000000       0xbd ./Core/Src/asserts.o
 .debug_info    0x00000000000000bd      0x142 ./Core/Src/backdoor.o
 .debug_info    0x00000000000001ff       0xd6 ./Core/Src/boot.o
 .debug_info    0x00000000000002d5      0xa44 ./Core/Src/can.o
 .debug_info    0x0000000000000d19      0x288 ./Core/Src/com.o
 .debug_info    0x0000000000000fa1       0x96 ./Core/Src/cop.o
 .debug_info    0x0000000000001037      0x429 ./Core/Src/cpu.o
 .debug_info    0x0000000000001460       0x86 ./Core/Src/cpu_comp.o
 .debug_info    0x00000000000014e6      0x71e ./Core/Src/flash.o
 .debug_info    0x0000000000001c04       0xc8 ./Core/Src/hooks.o
 .debug_info    0x0000000000001ccc      0x30b ./Core/Src/led.o
 .debug_info    0x0000000000001fd7     0x2162 ./Core/Src/main.o
 .debug_info    0x0000000000004139      0x1e0 ./Core/Src/nvm.o
 .debug_info    0x0000000000004319      0xb81 ./Core/Src/stm32f4xx_hal_msp.o
 .debug_info    0x0000000000004e9a      0x76c ./Core/Src/stm32f4xx_it.o
 .debug_info    0x0000000000005606      0x523 ./Core/Src/system_stm32f4xx.o
 .debug_info    0x0000000000005b29      0x7c8 ./Core/Src/timer.o
 .debug_info    0x00000000000062f1      0x6df ./Core/Src/xcp.o
 .debug_info    0x00000000000069d0       0x22 ./Core/Startup/startup_stm32f405rgtx.o
 .debug_info    0x00000000000069f2      0x96a ./Drivers/STM32F4xx_HAL_Driver/Src/stm32f4xx_hal.o
 .debug_info    0x000000000000735c      0xfc0 ./Drivers/STM32F4xx_HAL_Driver/Src/stm32f4xx_hal_can.o
 .debug_info    0x000000000000831c      0xe09 ./Drivers/STM32F4xx_HAL_Driver/Src/stm32f4xx_hal_cortex.o
 .debug_info    0x0000000000009125      0x5d2 ./Drivers/STM32F4xx_HAL_Driver/Src/stm32f4xx_hal_flash.o
 .debug_info    0x00000000000096f7      0x6cc ./Drivers/STM32F4xx_HAL_Driver/Src/stm32f4xx_hal_flash_ex.o
 .debug_info    0x0000000000009dc3      0x76a ./Drivers/STM32F4xx_HAL_Driver/Src/stm32f4xx_hal_gpio.o
 .debug_info    0x000000000000a52d      0x8f7 ./Drivers/STM32F4xx_HAL_Driver/Src/stm32f4xx_ll_adc.o
 .debug_info    0x000000000000ae24      0x366 ./Drivers/STM32F4xx_HAL_Driver/Src/stm32f4xx_ll_exti.o
 .debug_info    0x000000000000b18a      0x848 ./Drivers/STM32F4xx_HAL_Driver/Src/stm32f4xx_ll_gpio.o
 .debug_info    0x000000000000b9d2      0x7e2 ./Drivers/STM32F4xx_HAL_Driver/Src/stm32f4xx_ll_rcc.o
 .debug_info    0x000000000000c1b4      0xf8e ./Drivers/STM32F4xx_HAL_Driver/Src/stm32f4xx_ll_tim.o
 .debug_info    0x000000000000d142      0x94a ./Drivers/STM32F4xx_HAL_Driver/Src/stm32f4xx_ll_utils.o

.debug_abbrev   0x0000000000000000     0x32d7
 .debug_abbrev  0x0000000000000000       0x85 ./Core/Src/asserts.o
 .debug_abbrev  0x0000000000000085       0xd8 ./Core/Src/backdoor.o
 .debug_abbrev  0x000000000000015d       0x5a ./Core/Src/boot.o
 .debug_abbrev  0x00000000000001b7      0x251 ./Core/Src/can.o
 .debug_abbrev  0x0000000000000408      0x1d6 ./Core/Src/com.o
 .debug_abbrev  0x00000000000005de       0x5a ./Core/Src/cop.o
 .debug_abbrev  0x0000000000000638      0x16a ./Core/Src/cpu.o
 .debug_abbrev  0x00000000000007a2       0x47 ./Core/Src/cpu_comp.o
 .debug_abbrev  0x00000000000007e9      0x253 ./Core/Src/flash.o
 .debug_abbrev  0x0000000000000a3c       0x85 ./Core/Src/hooks.o
 .debug_abbrev  0x0000000000000ac1      0x164 ./Core/Src/led.o
 .debug_abbrev  0x0000000000000c25      0x3af ./Core/Src/main.o
 .debug_abbrev  0x0000000000000fd4      0x101 ./Core/Src/nvm.o
 .debug_abbrev  0x00000000000010d5      0x1da ./Core/Src/stm32f4xx_hal_msp.o
 .debug_abbrev  0x00000000000012af      0x23d ./Core/Src/stm32f4xx_it.o
 .debug_abbrev  0x00000000000014ec      0x116 ./Core/Src/system_stm32f4xx.o
 .debug_abbrev  0x0000000000001602      0x19c ./Core/Src/timer.o
 .debug_abbrev  0x000000000000179e      0x237 ./Core/Src/xcp.o
 .debug_abbrev  0x00000000000019d5       0x12 ./Core/Startup/startup_stm32f405rgtx.o
 .debug_abbrev  0x00000000000019e7      0x20d ./Drivers/STM32F4xx_HAL_Driver/Src/stm32f4xx_hal.o
 .debug_abbrev  0x0000000000001bf4      0x21d ./Drivers/STM32F4xx_HAL_Driver/Src/stm32f4xx_hal_can.o
 .debug_abbrev  0x0000000000001e11      0x316 ./Drivers/STM32F4xx_HAL_Driver/Src/stm32f4xx_hal_cortex.o
 .debug_abbrev  0x0000000000002127      0x281 ./Drivers/STM32F4xx_HAL_Driver/Src/stm32f4xx_hal_flash.o
 .debug_abbrev  0x00000000000023a8      0x240 ./Drivers/STM32F4xx_HAL_Driver/Src/stm32f4xx_hal_flash_ex.o
 .debug_abbrev  0x00000000000025e8      0x1c4 ./Drivers/STM32F4xx_HAL_Driver/Src/stm32f4xx_hal_gpio.o
 .debug_abbrev  0x00000000000027ac      0x195 ./Drivers/STM32F4xx_HAL_Driver/Src/stm32f4xx_ll_adc.o
 .debug_abbrev  0x0000000000002941      0x183 ./Drivers/STM32F4xx_HAL_Driver/Src/stm32f4xx_ll_exti.o
 .debug_abbrev  0x0000000000002ac4      0x20e ./Drivers/STM32F4xx_HAL_Driver/Src/stm32f4xx_ll_gpio.o
 .debug_abbrev  0x0000000000002cd2      0x1e7 ./Drivers/STM32F4xx_HAL_Driver/Src/stm32f4xx_ll_rcc.o
 .debug_abbrev  0x0000000000002eb9      0x205 ./Drivers/STM32F4xx_HAL_Driver/Src/stm32f4xx_ll_tim.o
 .debug_abbrev  0x00000000000030be      0x219 ./Drivers/STM32F4xx_HAL_Driver/Src/stm32f4xx_ll_utils.o

.debug_aranges  0x0000000000000000     0x1080
 .debug_aranges
                0x0000000000000000       0x20 ./Core/Src/asserts.o
 .debug_aranges
                0x0000000000000020       0x40 ./Core/Src/backdoor.o
 .debug_aranges
                0x0000000000000060       0x28 ./Core/Src/boot.o
 .debug_aranges
                0x0000000000000088       0x38 ./Core/Src/can.o
 .debug_aranges
                0x00000000000000c0       0x58 ./Core/Src/com.o
 .debug_aranges
                0x0000000000000118       0x28 ./Core/Src/cop.o
 .debug_aranges
                0x0000000000000140       0x38 ./Core/Src/cpu.o
 .debug_aranges
                0x0000000000000178       0x28 ./Core/Src/cpu_comp.o
 .debug_aranges
                0x00000000000001a0       0x88 ./Core/Src/flash.o
 .debug_aranges
                0x0000000000000228       0x28 ./Core/Src/hooks.o
 .debug_aranges
                0x0000000000000250       0x30 ./Core/Src/led.o
 .debug_aranges
                0x0000000000000280      0x1a8 ./Core/Src/main.o
 .debug_aranges
                0x0000000000000428       0x48 ./Core/Src/nvm.o
 .debug_aranges
                0x0000000000000470       0x30 ./Core/Src/stm32f4xx_hal_msp.o
 .debug_aranges
                0x00000000000004a0       0xb8 ./Core/Src/stm32f4xx_it.o
 .debug_aranges
                0x0000000000000558       0x28 ./Core/Src/system_stm32f4xx.o
 .debug_aranges
                0x0000000000000580       0x68 ./Core/Src/timer.o
 .debug_aranges
                0x00000000000005e8       0xe0 ./Core/Src/xcp.o
 .debug_aranges
                0x00000000000006c8       0x28 ./Core/Startup/startup_stm32f405rgtx.o
 .debug_aranges
                0x00000000000006f0       0xf0 ./Drivers/STM32F4xx_HAL_Driver/Src/stm32f4xx_hal.o
 .debug_aranges
                0x00000000000007e0      0x138 ./Drivers/STM32F4xx_HAL_Driver/Src/stm32f4xx_hal_can.o
 .debug_aranges
                0x0000000000000918      0x118 ./Drivers/STM32F4xx_HAL_Driver/Src/stm32f4xx_hal_cortex.o
 .debug_aranges
                0x0000000000000a30       0xa0 ./Drivers/STM32F4xx_HAL_Driver/Src/stm32f4xx_hal_flash.o
 .debug_aranges
                0x0000000000000ad0       0x98 ./Drivers/STM32F4xx_HAL_Driver/Src/stm32f4xx_hal_flash_ex.o
 .debug_aranges
                0x0000000000000b68       0x58 ./Drivers/STM32F4xx_HAL_Driver/Src/stm32f4xx_hal_gpio.o
 .debug_aranges
                0x0000000000000bc0       0xa8 ./Drivers/STM32F4xx_HAL_Driver/Src/stm32f4xx_ll_adc.o
 .debug_aranges
                0x0000000000000c68       0x70 ./Drivers/STM32F4xx_HAL_Driver/Src/stm32f4xx_ll_exti.o
 .debug_aranges
                0x0000000000000cd8       0x70 ./Drivers/STM32F4xx_HAL_Driver/Src/stm32f4xx_ll_gpio.o
 .debug_aranges
                0x0000000000000d48      0x118 ./Drivers/STM32F4xx_HAL_Driver/Src/stm32f4xx_ll_rcc.o
 .debug_aranges
                0x0000000000000e60      0x128 ./Drivers/STM32F4xx_HAL_Driver/Src/stm32f4xx_ll_tim.o
 .debug_aranges
                0x0000000000000f88       0xf8 ./Drivers/STM32F4xx_HAL_Driver/Src/stm32f4xx_ll_utils.o

.debug_ranges   0x0000000000000000      0xe98
 .debug_ranges  0x0000000000000000       0x10 ./Core/Src/asserts.o
 .debug_ranges  0x0000000000000010       0x30 ./Core/Src/backdoor.o
 .debug_ranges  0x0000000000000040       0x18 ./Core/Src/boot.o
 .debug_ranges  0x0000000000000058       0x28 ./Core/Src/can.o
 .debug_ranges  0x0000000000000080       0x48 ./Core/Src/com.o
 .debug_ranges  0x00000000000000c8       0x18 ./Core/Src/cop.o
 .debug_ranges  0x00000000000000e0       0x28 ./Core/Src/cpu.o
 .debug_ranges  0x0000000000000108       0x18 ./Core/Src/cpu_comp.o
 .debug_ranges  0x0000000000000120       0x78 ./Core/Src/flash.o
 .debug_ranges  0x0000000000000198       0x18 ./Core/Src/hooks.o
 .debug_ranges  0x00000000000001b0       0x20 ./Core/Src/led.o
 .debug_ranges  0x00000000000001d0      0x198 ./Core/Src/main.o
 .debug_ranges  0x0000000000000368       0x38 ./Core/Src/nvm.o
 .debug_ranges  0x00000000000003a0       0x20 ./Core/Src/stm32f4xx_hal_msp.o
 .debug_ranges  0x00000000000003c0       0xa8 ./Core/Src/stm32f4xx_it.o
 .debug_ranges  0x0000000000000468       0x18 ./Core/Src/system_stm32f4xx.o
 .debug_ranges  0x0000000000000480       0x58 ./Core/Src/timer.o
 .debug_ranges  0x00000000000004d8       0xd0 ./Core/Src/xcp.o
 .debug_ranges  0x00000000000005a8       0x20 ./Core/Startup/startup_stm32f405rgtx.o
 .debug_ranges  0x00000000000005c8       0xe0 ./Drivers/STM32F4xx_HAL_Driver/Src/stm32f4xx_hal.o
 .debug_ranges  0x00000000000006a8      0x128 ./Drivers/STM32F4xx_HAL_Driver/Src/stm32f4xx_hal_can.o
 .debug_ranges  0x00000000000007d0      0x108 ./Drivers/STM32F4xx_HAL_Driver/Src/stm32f4xx_hal_cortex.o
 .debug_ranges  0x00000000000008d8       0x90 ./Drivers/STM32F4xx_HAL_Driver/Src/stm32f4xx_hal_flash.o
 .debug_ranges  0x0000000000000968       0x88 ./Drivers/STM32F4xx_HAL_Driver/Src/stm32f4xx_hal_flash_ex.o
 .debug_ranges  0x00000000000009f0       0x48 ./Drivers/STM32F4xx_HAL_Driver/Src/stm32f4xx_hal_gpio.o
 .debug_ranges  0x0000000000000a38       0x98 ./Drivers/STM32F4xx_HAL_Driver/Src/stm32f4xx_ll_adc.o
 .debug_ranges  0x0000000000000ad0       0x60 ./Drivers/STM32F4xx_HAL_Driver/Src/stm32f4xx_ll_exti.o
 .debug_ranges  0x0000000000000b30       0x60 ./Drivers/STM32F4xx_HAL_Driver/Src/stm32f4xx_ll_gpio.o
 .debug_ranges  0x0000000000000b90      0x108 ./Drivers/STM32F4xx_HAL_Driver/Src/stm32f4xx_ll_rcc.o
 .debug_ranges  0x0000000000000c98      0x118 ./Drivers/STM32F4xx_HAL_Driver/Src/stm32f4xx_ll_tim.o
 .debug_ranges  0x0000000000000db0       0xe8 ./Drivers/STM32F4xx_HAL_Driver/Src/stm32f4xx_ll_utils.o

.debug_macro    0x0000000000000000    0x23ca8
 .debug_macro   0x0000000000000000       0x91 ./Core/Src/asserts.o
 .debug_macro   0x0000000000000091      0xa7e ./Core/Src/asserts.o
 .debug_macro   0x0000000000000b0f       0x1c ./Core/Src/asserts.o
 .debug_macro   0x0000000000000b2b       0x1c ./Core/Src/asserts.o
 .debug_macro   0x0000000000000b47       0x22 ./Core/Src/asserts.o
 .debug_macro   0x0000000000000b69      0x125 ./Core/Src/asserts.o
 .debug_macro   0x0000000000000c8e       0x55 ./Core/Src/asserts.o
 .debug_macro   0x0000000000000ce3       0x1c ./Core/Src/asserts.o
 .debug_macro   0x0000000000000cff      0x1aa ./Core/Src/asserts.o
 .debug_macro   0x0000000000000ea9       0x40 ./Core/Src/asserts.o
 .debug_macro   0x0000000000000ee9       0x97 ./Core/Src/backdoor.o
 .debug_macro   0x0000000000000f80       0x91 ./Core/Src/boot.o
 .debug_macro   0x0000000000001011      0x24f ./Core/Src/can.o
 .debug_macro   0x0000000000001260       0x2e ./Core/Src/can.o
 .debug_macro   0x000000000000128e       0x2f ./Core/Src/can.o
 .debug_macro   0x00000000000012bd       0x22 ./Core/Src/can.o
 .debug_macro   0x00000000000012df       0x8e ./Core/Src/can.o
 .debug_macro   0x000000000000136d       0x51 ./Core/Src/can.o
 .debug_macro   0x00000000000013be      0x103 ./Core/Src/can.o
 .debug_macro   0x00000000000014c1       0x6a ./Core/Src/can.o
 .debug_macro   0x000000000000152b      0x1df ./Core/Src/can.o
 .debug_macro   0x000000000000170a       0x1c ./Core/Src/can.o
 .debug_macro   0x0000000000001726       0x22 ./Core/Src/can.o
 .debug_macro   0x0000000000001748       0xd9 ./Core/Src/can.o
 .debug_macro   0x0000000000001821     0x102d ./Core/Src/can.o
 .debug_macro   0x000000000000284e      0x11f ./Core/Src/can.o
 .debug_macro   0x000000000000296d    0x1426d ./Core/Src/can.o
 .debug_macro   0x0000000000016bda       0x6d ./Core/Src/can.o
 .debug_macro   0x0000000000016c47      0x295 ./Core/Src/can.o
 .debug_macro   0x0000000000016edc     0x367e ./Core/Src/can.o
 .debug_macro   0x000000000001a55a      0x174 ./Core/Src/can.o
 .debug_macro   0x000000000001a6ce       0x5c ./Core/Src/can.o
 .debug_macro   0x000000000001a72a      0x8a7 ./Core/Src/can.o
 .debug_macro   0x000000000001afd1      0x9fe ./Core/Src/can.o
 .debug_macro   0x000000000001b9cf      0x115 ./Core/Src/can.o
 .debug_macro   0x000000000001bae4      0x130 ./Core/Src/can.o
 .debug_macro   0x000000000001bc14       0xa5 ./Core/Src/can.o
 .debug_macro   0x000000000001bcb9      0x174 ./Core/Src/can.o
 .debug_macro   0x000000000001be2d      0x287 ./Core/Src/can.o
 .debug_macro   0x000000000001c0b4       0x5f ./Core/Src/can.o
 .debug_macro   0x000000000001c113      0x236 ./Core/Src/can.o
 .debug_macro   0x000000000001c349      0x40f ./Core/Src/can.o
 .debug_macro   0x000000000001c758      0x12c ./Core/Src/can.o
 .debug_macro   0x000000000001c884      0x21e ./Core/Src/can.o
 .debug_macro   0x000000000001caa2       0x2e ./Core/Src/can.o
 .debug_macro   0x000000000001cad0      0x11a ./Core/Src/can.o
 .debug_macro   0x000000000001cbea       0x7e ./Core/Src/can.o
 .debug_macro   0x000000000001cc68       0x89 ./Core/Src/can.o
 .debug_macro   0x000000000001ccf1      0x12d ./Core/Src/can.o
 .debug_macro   0x000000000001ce1e      0x781 ./Core/Src/can.o
 .debug_macro   0x000000000001d59f       0x9b ./Core/Src/com.o
 .debug_macro   0x000000000001d63a       0x91 ./Core/Src/cop.o
 .debug_macro   0x000000000001d6cb      0x246 ./Core/Src/cpu.o
 .debug_macro   0x000000000001d911       0x91 ./Core/Src/cpu_comp.o
 .debug_macro   0x000000000001d9a2      0x25e ./Core/Src/flash.o
 .debug_macro   0x000000000001dc00      0x244 ./Core/Src/hooks.o
 .debug_macro   0x000000000001de44      0x2b6 ./Core/Src/led.o
 .debug_macro   0x000000000001e0fa      0xb5b ./Core/Src/led.o
 .debug_macro   0x000000000001ec55      0x1e6 ./Core/Src/led.o
 .debug_macro   0x000000000001ee3b      0x1b6 ./Core/Src/led.o
 .debug_macro   0x000000000001eff1      0x20a ./Core/Src/led.o
 .debug_macro   0x000000000001f1fb       0xe8 ./Core/Src/led.o
 .debug_macro   0x000000000001f2e3      0x1a6 ./Core/Src/led.o
 .debug_macro   0x000000000001f489       0x61 ./Core/Src/led.o
 .debug_macro   0x000000000001f4ea       0xaa ./Core/Src/led.o
 .debug_macro   0x000000000001f594      0x5f3 ./Core/Src/led.o
 .debug_macro   0x000000000001fb87      0x149 ./Core/Src/led.o
 .debug_macro   0x000000000001fcd0       0x7c ./Core/Src/led.o
 .debug_macro   0x000000000001fd4c      0x2ac ./Core/Src/main.o
 .debug_macro   0x000000000001fff8       0x9b ./Core/Src/nvm.o
 .debug_macro   0x0000000000020093      0x22c ./Core/Src/stm32f4xx_hal_msp.o
 .debug_macro   0x00000000000202bf      0x236 ./Core/Src/stm32f4xx_it.o
 .debug_macro   0x00000000000204f5      0x1ba ./Core/Src/system_stm32f4xx.o
 .debug_macro   0x00000000000206af      0x258 ./Core/Src/timer.o
 .debug_macro   0x0000000000020907       0x91 ./Core/Src/xcp.o
 .debug_macro   0x0000000000020998      0x21a ./Drivers/STM32F4xx_HAL_Driver/Src/stm32f4xx_hal.o
 .debug_macro   0x0000000000020bb2      0x1c2 ./Drivers/STM32F4xx_HAL_Driver/Src/stm32f4xx_hal_can.o
 .debug_macro   0x0000000000020d74      0x1ba ./Drivers/STM32F4xx_HAL_Driver/Src/stm32f4xx_hal_cortex.o
 .debug_macro   0x0000000000020f2e      0x1c0 ./Drivers/STM32F4xx_HAL_Driver/Src/stm32f4xx_hal_flash.o
 .debug_macro   0x00000000000210ee      0x1c0 ./Drivers/STM32F4xx_HAL_Driver/Src/stm32f4xx_hal_flash_ex.o
 .debug_macro   0x00000000000212ae      0x1c0 ./Drivers/STM32F4xx_HAL_Driver/Src/stm32f4xx_hal_gpio.o
 .debug_macro   0x000000000002146e      0x25a ./Drivers/STM32F4xx_HAL_Driver/Src/stm32f4xx_ll_adc.o
 .debug_macro   0x00000000000216c8      0xb55 ./Drivers/STM32F4xx_HAL_Driver/Src/stm32f4xx_ll_adc.o
 .debug_macro   0x000000000002221d      0x1e1 ./Drivers/STM32F4xx_HAL_Driver/Src/stm32f4xx_ll_exti.o
 .debug_macro   0x00000000000223fe       0xe2 ./Drivers/STM32F4xx_HAL_Driver/Src/stm32f4xx_ll_exti.o
 .debug_macro   0x00000000000224e0      0x1fc ./Drivers/STM32F4xx_HAL_Driver/Src/stm32f4xx_ll_gpio.o
 .debug_macro   0x00000000000226dc      0x143 ./Drivers/STM32F4xx_HAL_Driver/Src/stm32f4xx_ll_gpio.o
 .debug_macro   0x000000000002281f      0x1e7 ./Drivers/STM32F4xx_HAL_Driver/Src/stm32f4xx_ll_rcc.o
 .debug_macro   0x0000000000022a06      0x77b ./Drivers/STM32F4xx_HAL_Driver/Src/stm32f4xx_ll_rcc.o
 .debug_macro   0x0000000000023181      0x245 ./Drivers/STM32F4xx_HAL_Driver/Src/stm32f4xx_ll_tim.o
 .debug_macro   0x00000000000233c6      0x5ed ./Drivers/STM32F4xx_HAL_Driver/Src/stm32f4xx_ll_tim.o
 .debug_macro   0x00000000000239b3      0x29a ./Drivers/STM32F4xx_HAL_Driver/Src/stm32f4xx_ll_utils.o
 .debug_macro   0x0000000000023c4d       0x5b ./Drivers/STM32F4xx_HAL_Driver/Src/stm32f4xx_ll_utils.o

.debug_line     0x0000000000000000     0xf00b
 .debug_line    0x0000000000000000       0xec ./Core/Src/asserts.o
 .debug_line    0x00000000000000ec      0x17f ./Core/Src/backdoor.o
 .debug_line    0x000000000000026b      0x108 ./Core/Src/boot.o
 .debug_line    0x0000000000000373      0x8f1 ./Core/Src/can.o
 .debug_line    0x0000000000000c64      0x210 ./Core/Src/com.o
 .debug_line    0x0000000000000e74       0xfe ./Core/Src/cop.o
 .debug_line    0x0000000000000f72      0x79f ./Core/Src/cpu.o
 .debug_line    0x0000000000001711      0x103 ./Core/Src/cpu_comp.o
 .debug_line    0x0000000000001814      0xb89 ./Core/Src/flash.o
 .debug_line    0x000000000000239d      0x726 ./Core/Src/hooks.o
 .debug_line    0x0000000000002ac3      0x861 ./Core/Src/led.o
 .debug_line    0x0000000000003324     0x107a ./Core/Src/main.o
 .debug_line    0x000000000000439e      0x17b ./Core/Src/nvm.o
 .debug_line    0x0000000000004519      0x7e0 ./Core/Src/stm32f4xx_hal_msp.o
 .debug_line    0x0000000000004cf9      0x972 ./Core/Src/stm32f4xx_it.o
 .debug_line    0x000000000000566b      0x70b ./Core/Src/system_stm32f4xx.o
 .debug_line    0x0000000000005d76      0x8dc ./Core/Src/timer.o
 .debug_line    0x0000000000006652      0x59f ./Core/Src/xcp.o
 .debug_line    0x0000000000006bf1       0x88 ./Core/Startup/startup_stm32f405rgtx.o
 .debug_line    0x0000000000006c79      0x971 ./Drivers/STM32F4xx_HAL_Driver/Src/stm32f4xx_hal.o
 .debug_line    0x00000000000075ea     0x10dd ./Drivers/STM32F4xx_HAL_Driver/Src/stm32f4xx_hal_can.o
 .debug_line    0x00000000000086c7      0xc20 ./Drivers/STM32F4xx_HAL_Driver/Src/stm32f4xx_hal_cortex.o
 .debug_line    0x00000000000092e7      0x9f9 ./Drivers/STM32F4xx_HAL_Driver/Src/stm32f4xx_hal_flash.o
 .debug_line    0x0000000000009ce0      0xa1f ./Drivers/STM32F4xx_HAL_Driver/Src/stm32f4xx_hal_flash_ex.o
 .debug_line    0x000000000000a6ff      0xae5 ./Drivers/STM32F4xx_HAL_Driver/Src/stm32f4xx_hal_gpio.o
 .debug_line    0x000000000000b1e4      0x929 ./Drivers/STM32F4xx_HAL_Driver/Src/stm32f4xx_ll_adc.o
 .debug_line    0x000000000000bb0d      0x7ff ./Drivers/STM32F4xx_HAL_Driver/Src/stm32f4xx_ll_exti.o
 .debug_line    0x000000000000c30c      0x95a ./Drivers/STM32F4xx_HAL_Driver/Src/stm32f4xx_ll_gpio.o
 .debug_line    0x000000000000cc66      0xb22 ./Drivers/STM32F4xx_HAL_Driver/Src/stm32f4xx_ll_rcc.o
 .debug_line    0x000000000000d788      0xcd9 ./Drivers/STM32F4xx_HAL_Driver/Src/stm32f4xx_ll_tim.o
 .debug_line    0x000000000000e461      0xbaa ./Drivers/STM32F4xx_HAL_Driver/Src/stm32f4xx_ll_utils.o

.debug_str      0x0000000000000000    0xcfc3c
 .debug_str     0x0000000000000000     0x3d03 ./Core/Src/asserts.o
                                       0x3d6c (size before relaxing)
 .debug_str     0x0000000000003d03      0x10c ./Core/Src/backdoor.o
                                       0x3e36 (size before relaxing)
 .debug_str     0x0000000000003e0f       0x63 ./Core/Src/boot.o
                                       0x3da8 (size before relaxing)
 .debug_str     0x0000000000003e72    0xb31e4 ./Core/Src/can.o
                                      0xb7442 (size before relaxing)
 .debug_str     0x00000000000b7056      0x13e ./Core/Src/com.o
                                       0x3eed (size before relaxing)
 .debug_str     0x00000000000b7194       0x2d ./Core/Src/cop.o
                                       0x3d5f (size before relaxing)
 .debug_str     0x00000000000b71c1      0x19e ./Core/Src/cpu.o
                                      0xb2ffa (size before relaxing)
 .debug_str     0x00000000000b735f       0x17 ./Core/Src/cpu_comp.o
                                       0x3d51 (size before relaxing)
 .debug_str     0x00000000000b7376      0x3df ./Core/Src/flash.o
                                      0xb323b (size before relaxing)
 .debug_str     0x00000000000b7755       0x35 ./Core/Src/hooks.o
                                      0xb2de1 (size before relaxing)
 .debug_str     0x00000000000b778a    0x1026a ./Core/Src/led.o
                                      0xc708d (size before relaxing)
 .debug_str     0x00000000000c79f4      0xe8d ./Core/Src/main.o
                                      0xc8350 (size before relaxing)
 .debug_str     0x00000000000c8881       0x2c ./Core/Src/nvm.o
                                       0x3e26 (size before relaxing)
 .debug_str     0x00000000000c88ad       0xad ./Core/Src/stm32f4xx_hal_msp.o
                                      0xc68ee (size before relaxing)
 .debug_str     0x00000000000c895a      0x1dd ./Core/Src/stm32f4xx_it.o
                                      0xc6410 (size before relaxing)
 .debug_str     0x00000000000c8b37       0x77 ./Core/Src/system_stm32f4xx.o
                                      0xb1fa1 (size before relaxing)
 .debug_str     0x00000000000c8bae      0x17c ./Core/Src/timer.o
                                      0xb7cc9 (size before relaxing)
 .debug_str     0x00000000000c8d2a      0x23d ./Core/Src/xcp.o
                                       0x4089 (size before relaxing)
 .debug_str     0x00000000000c8f67       0x36 ./Core/Startup/startup_stm32f405rgtx.o
                                         0x7b (size before relaxing)
 .debug_str     0x00000000000c8f9d      0x5b8 ./Drivers/STM32F4xx_HAL_Driver/Src/stm32f4xx_hal.o
                                      0xb2b04 (size before relaxing)
 .debug_str     0x00000000000c9555      0x3ed ./Drivers/STM32F4xx_HAL_Driver/Src/stm32f4xx_hal_can.o
                                      0xb268d (size before relaxing)
 .debug_str     0x00000000000c9942      0x29c ./Drivers/STM32F4xx_HAL_Driver/Src/stm32f4xx_hal_cortex.o
                                      0xb2837 (size before relaxing)
 .debug_str     0x00000000000c9bde      0x2bc ./Drivers/STM32F4xx_HAL_Driver/Src/stm32f4xx_hal_flash.o
                                      0xb2191 (size before relaxing)
 .debug_str     0x00000000000c9e9a      0x1d7 ./Drivers/STM32F4xx_HAL_Driver/Src/stm32f4xx_hal_flash_ex.o
                                      0xb21e1 (size before relaxing)
 .debug_str     0x00000000000ca071       0xdb ./Drivers/STM32F4xx_HAL_Driver/Src/stm32f4xx_hal_gpio.o
                                      0xb211c (size before relaxing)
 .debug_str     0x00000000000ca14c     0x24b3 ./Drivers/STM32F4xx_HAL_Driver/Src/stm32f4xx_ll_adc.o
                                      0xbcf44 (size before relaxing)
 .debug_str     0x00000000000cc5ff      0x2ed ./Drivers/STM32F4xx_HAL_Driver/Src/stm32f4xx_ll_exti.o
                                      0xb2629 (size before relaxing)
 .debug_str     0x00000000000cc8ec      0x62a ./Drivers/STM32F4xx_HAL_Driver/Src/stm32f4xx_ll_gpio.o
                                      0xb38a9 (size before relaxing)
 .debug_str     0x00000000000ccf16      0x4a8 ./Drivers/STM32F4xx_HAL_Driver/Src/stm32f4xx_ll_rcc.o
                                      0xb6495 (size before relaxing)
 .debug_str     0x00000000000cd3be     0x125b ./Drivers/STM32F4xx_HAL_Driver/Src/stm32f4xx_ll_tim.o
                                      0xb6fb9 (size before relaxing)
 .debug_str     0x00000000000ce619     0x1623 ./Drivers/STM32F4xx_HAL_Driver/Src/stm32f4xx_ll_utils.o
                                      0xb8c2b (size before relaxing)

.comment        0x0000000000000000       0x50
 .comment       0x0000000000000000       0x50 ./Core/Src/asserts.o
                                         0x51 (size before relaxing)
 .comment       0x0000000000000050       0x51 ./Core/Src/backdoor.o
 .comment       0x0000000000000050       0x51 ./Core/Src/boot.o
 .comment       0x0000000000000050       0x51 ./Core/Src/can.o
 .comment       0x0000000000000050       0x51 ./Core/Src/com.o
 .comment       0x0000000000000050       0x51 ./Core/Src/cop.o
 .comment       0x0000000000000050       0x51 ./Core/Src/cpu.o
 .comment       0x0000000000000050       0x51 ./Core/Src/cpu_comp.o
 .comment       0x0000000000000050       0x51 ./Core/Src/flash.o
 .comment       0x0000000000000050       0x51 ./Core/Src/hooks.o
 .comment       0x0000000000000050       0x51 ./Core/Src/led.o
 .comment       0x0000000000000050       0x51 ./Core/Src/main.o
 .comment       0x0000000000000050       0x51 ./Core/Src/nvm.o
 .comment       0x0000000000000050       0x51 ./Core/Src/stm32f4xx_hal_msp.o
 .comment       0x0000000000000050       0x51 ./Core/Src/stm32f4xx_it.o
 .comment       0x0000000000000050       0x51 ./Core/Src/system_stm32f4xx.o
 .comment       0x0000000000000050       0x51 ./Core/Src/timer.o
 .comment       0x0000000000000050       0x51 ./Core/Src/xcp.o
 .comment       0x0000000000000050       0x51 ./Drivers/STM32F4xx_HAL_Driver/Src/stm32f4xx_hal.o
 .comment       0x0000000000000050       0x51 ./Drivers/STM32F4xx_HAL_Driver/Src/stm32f4xx_hal_can.o
 .comment       0x0000000000000050       0x51 ./Drivers/STM32F4xx_HAL_Driver/Src/stm32f4xx_hal_cortex.o
 .comment       0x0000000000000050       0x51 ./Drivers/STM32F4xx_HAL_Driver/Src/stm32f4xx_hal_flash.o
 .comment       0x0000000000000050       0x51 ./Drivers/STM32F4xx_HAL_Driver/Src/stm32f4xx_hal_flash_ex.o
 .comment       0x0000000000000050       0x51 ./Drivers/STM32F4xx_HAL_Driver/Src/stm32f4xx_hal_gpio.o
 .comment       0x0000000000000050       0x51 ./Drivers/STM32F4xx_HAL_Driver/Src/stm32f4xx_ll_adc.o
 .comment       0x0000000000000050       0x51 ./Drivers/STM32F4xx_HAL_Driver/Src/stm32f4xx_ll_exti.o
 .comment       0x0000000000000050       0x51 ./Drivers/STM32F4xx_HAL_Driver/Src/stm32f4xx_ll_gpio.o
 .comment       0x0000000000000050       0x51 ./Drivers/STM32F4xx_HAL_Driver/Src/stm32f4xx_ll_rcc.o
 .comment       0x0000000000000050       0x51 ./Drivers/STM32F4xx_HAL_Driver/Src/stm32f4xx_ll_tim.o
 .comment       0x0000000000000050       0x51 ./Drivers/STM32F4xx_HAL_Driver/Src/stm32f4xx_ll_utils.o

.debug_frame    0x0000000000000000     0x3f14
 .debug_frame   0x0000000000000000       0x30 ./Core/Src/asserts.o
 .debug_frame   0x0000000000000030       0xac ./Core/Src/backdoor.o
 .debug_frame   0x00000000000000dc       0x48 ./Core/Src/boot.o
 .debug_frame   0x0000000000000124       0xa0 ./Core/Src/can.o
 .debug_frame   0x00000000000001c4      0x124 ./Core/Src/com.o
 .debug_frame   0x00000000000002e8       0x48 ./Core/Src/cop.o
 .debug_frame   0x0000000000000330       0x98 ./Core/Src/cpu.o
 .debug_frame   0x00000000000003c8       0x50 ./Core/Src/cpu_comp.o
 .debug_frame   0x0000000000000418      0x200 ./Core/Src/flash.o
 .debug_frame   0x0000000000000618       0x48 ./Core/Src/hooks.o
 .debug_frame   0x0000000000000660       0x70 ./Core/Src/led.o
 .debug_frame   0x00000000000006d0      0x75c ./Core/Src/main.o
 .debug_frame   0x0000000000000e2c       0xc8 ./Core/Src/nvm.o
 .debug_frame   0x0000000000000ef4       0x7c ./Core/Src/stm32f4xx_hal_msp.o
 .debug_frame   0x0000000000000f70      0x260 ./Core/Src/stm32f4xx_it.o
 .debug_frame   0x00000000000011d0       0x58 ./Core/Src/system_stm32f4xx.o
 .debug_frame   0x0000000000001228      0x174 ./Core/Src/timer.o
 .debug_frame   0x000000000000139c      0x398 ./Core/Src/xcp.o
 .debug_frame   0x0000000000001734      0x374 ./Drivers/STM32F4xx_HAL_Driver/Src/stm32f4xx_hal.o
 .debug_frame   0x0000000000001aa8      0x5a0 ./Drivers/STM32F4xx_HAL_Driver/Src/stm32f4xx_hal_can.o
 .debug_frame   0x0000000000002048      0x498 ./Drivers/STM32F4xx_HAL_Driver/Src/stm32f4xx_hal_cortex.o
 .debug_frame   0x00000000000024e0      0x274 ./Drivers/STM32F4xx_HAL_Driver/Src/stm32f4xx_hal_flash.o
 .debug_frame   0x0000000000002754      0x250 ./Drivers/STM32F4xx_HAL_Driver/Src/stm32f4xx_hal_flash_ex.o