../Drivers/STM32F4xx_HAL_Driver/Inc/stm32f4xx_ll_exti.h:834:26:LL_EXTI_IsActiveFlag_0_31	16	static
../Drivers/STM32F4xx_HAL_Driver/Inc/stm32f4xx_ll_exti.h:910:22:LL_EXTI_ClearFlag_0_31	16	static
../Core/Src/stm32f4xx_it.c:69:6:NMI_Handler	4	static
../Core/Src/stm32f4xx_it.c:84:6:HardFault_Handler	4	static
../Core/Src/stm32f4xx_it.c:99:6:MemManage_Handler	4	static
../Core/Src/stm32f4xx_it.c:114:6:BusFault_Handler	4	static
../Core/Src/stm32f4xx_it.c:129:6:UsageFault_Handler	4	static
../Core/Src/stm32f4xx_it.c:144:6:SVC_Handler	4	static
../Core/Src/stm32f4xx_it.c:157:6:DebugMon_Handler	4	static
../Core/Src/stm32f4xx_it.c:170:6:PendSV_Handler	4	static
../Core/Src/stm32f4xx_it.c:183:6:SysTick_Handler	8	static
../Core/Src/stm32f4xx_it.c:204:6:RCC_IRQHandler	4	static
../Core/Src/stm32f4xx_it.c:217:6:ADC_IRQHandler	4	static
../Core/Src/stm32f4xx_it.c:231:6:CAN1_TX_IRQHandler	8	static
../Core/Src/stm32f4xx_it.c:245:6:CAN1_RX0_IRQHandler	8	static
../Core/Src/stm32f4xx_it.c:259:6:CAN1_RX1_IRQHandler	8	static
../Core/Src/stm32f4xx_it.c:273:6:CAN1_SCE_IRQHandler	8	static
../Core/Src/stm32f4xx_it.c:287:6:TIM2_IRQHandler	4	static
../Core/Src/stm32f4xx_it.c:300:6:EXTI15_10_IRQHandler	8	static
../Core/Src/stm32f4xx_it.c:327:6:DMA2_Stream0_IRQHandler	4	static
